D/MultiSimUtils( 1118): getPinLockRequest() slot2 : mPIN2LockReceived = false, mPIN2LockState = null
D/KeyguardUpdateMonitor( 1118): handleKeyguardVisibilityChanged(1)
D/CardBroadcastDispatcher( 2020): Provider is not initialized yet.
D/ActivityManager(  879): startService callerProcessName:com.samsung.android.app.sreminder, calleePkgName: com.samsung.android.app.sreminder
D/ActivityManager(  879): startService callerProcessName:com.samsung.android.app.sreminder, calleePkgName: com.samsung.android.app.sreminder
D/KeyguardUpdateMonitor( 1118): sendKeyguardVisibilityChanged(true)
D/MultiSimUtils( 1118): getPinLockRequest() slot1 : mPIN1LockReceived = false, mPIN1LockState = null
D/MultiSimUtils( 1118): getPinLockRequest() slot2 : mPIN2LockReceived = false, mPIN2LockState = null
D/KeyguardUpdateMonitor( 1118): handleKeyguardVisibilityChanged(1)
D/CardBroadcastDispatcher( 2020): Provider is not initialized yet.
D/KeyguardUpdateMonitor( 1118): sendKeyguardVisibilityChanged(true)
D/MultiSimUtils( 1118): getPinLockRequest() slot1 : mPIN1LockReceived = false, mPIN1LockState = null
D/MultiSimUtils( 1118): getPinLockRequest() slot2 : mPIN2LockReceived = false, mPIN2LockState = null
D/KeyguardUpdateMonitor( 1118): handleKeyguardVisibilityChanged(1)
D/KeyguardUpdateMonitor( 1118): sendKeyguardVisibilityChanged(true)
D/MultiSimUtils( 1118): getPinLockRequest() slot1 : mPIN1LockReceived = false, mPIN1LockState = null
D/MultiSimUtils( 1118): getPinLockRequest() slot2 : mPIN2LockReceived = false, mPIN2LockState = null
D/KeyguardUpdateMonitor( 1118): handleKeyguardVisibilityChanged(1)
D/MultiWindowConverter(  879): This application or window do not support multiwindow
W/ContextImpl(  879): Calling a method in the system process without a qualified user: android.app.ContextImpl.sendBroadcast:1510 com.android.server.InputMethodManagerService$4.run:2835 java.lang.Thread.run:841 <bottom of call stack> <bottom of call stack> 
D/SamsungIME( 2147): onStartInput  ccontentType: 0 Restarting:false
D/InputModeSwitcher( 2147): switchModeBySettings:mMainInputMode = 11110000
D/InputModeSwitcher( 2147): switchModeBySettings:lastInputMode = 11110000
D/SimeLanguageMgr( 2147): LMGR------isValidLangChanged-----bRet =false;i=5
I/InputModeSwitcher( 2147): switchModeBySettings:language NOT changed
D/InputModeSwitcher( 2147): switchModeBySettings:bRet = false
D/KeyguardUpdateMonitor( 1118): sendKeyguardVisibilityChanged(true)
D/MultiSimUtils( 1118): getPinLockRequest() slot1 : mPIN1LockReceived = false, mPIN1LockState = null
D/MultiSimUtils( 1118): getPinLockRequest() slot2 : mPIN2LockReceived = false, mPIN2LockState = null
D/KeyguardUpdateMonitor( 1118): handleKeyguardVisibilityChanged(1)
I/SurfaceFlinger(  256): id=148 createSurf (1x1),1 flag=4, Uoast
D/KeyguardUpdateMonitor( 1118): sendKeyguardVisibilityChanged(true)
D/MultiSimUtils( 1118): getPinLockRequest() slot1 : mPIN1LockReceived = false, mPIN1LockState = null
D/MultiSimUtils( 1118): getPinLockRequest() slot2 : mPIN2LockReceived = false, mPIN2LockState = null
D/KeyguardUpdateMonitor( 1118): handleKeyguardVisibilityChanged(1)
D/PowerManagerService(  879): [api] acquire WakeLock flags=0x2000000a tag=WindowManager uid=1000 pid=879
D/KeyguardUpdateMonitor( 1118): sendKeyguardVisibilityChanged(true)
D/MultiSimUtils( 1118): getPinLockRequest() slot1 : mPIN1LockReceived = false, mPIN1LockState = null
D/MultiSimUtils( 1118): getPinLockRequest() slot2 : mPIN2LockReceived = false, mPIN2LockState = null
D/KeyguardUpdateMonitor( 1118): handleKeyguardVisibilityChanged(1)
D/KeyguardUpdateMonitor( 1118): sendKeyguardVisibilityChanged(true)
D/MultiSimUtils( 1118): getPinLockRequest() slot1 : mPIN1LockReceived = false, mPIN1LockState = null
D/MultiSimUtils( 1118): getPinLockRequest() slot2 : mPIN2LockReceived = false, mPIN2LockState = null
D/KeyguardUpdateMonitor( 1118): handleKeyguardVisibilityChanged(1)
D/KeyguardUpdateMonitor( 1118): sendKeyguardVisibilityChanged(true)
D/MultiSimUtils( 1118): getPinLockRequest() slot1 : mPIN1LockReceived = false, mPIN1LockState = null
D/MultiSimUtils( 1118): getPinLockRequest() slot2 : mPIN2LockReceived = false, mPIN2LockState = null
D/KeyguardUpdateMonitor( 1118): handleKeyguardVisibilityChanged(1)
D/KeyguardUpdateMonitor( 1118): sendKeyguardVisibilityChanged(true)
D/MultiSimUtils( 1118): getPinLockRequest() slot1 : mPIN1LockReceived = false, mPIN1LockState = null
D/MultiSimUtils( 1118): getPinLockRequest() slot2 : mPIN2LockReceived = false, mPIN2LockState = null
D/KeyguardUpdateMonitor( 1118): handleKeyguardVisibilityChanged(1)
D/KeyguardUpdateMonitor( 1118): sendKeyguardVisibilityChanged(true)
D/MultiSimUtils( 1118): getPinLockRequest() slot1 : mPIN1LockReceived = false, mPIN1LockState = null
D/MultiSimUtils( 1118): getPinLockRequest() slot2 : mPIN2LockReceived = false, mPIN2LockState = null
D/KeyguardUpdateMonitor( 1118): handleKeyguardVisibilityChanged(1)
I/SurfaceFlinger(  256): id=146 Removed BlarmDetail (9/16)
I/SurfaceFlinger(  256): id=146 Removed BlarmDetail (-2/16)
D/CustomFrequencyManagerService(  879): releaseDVFSLockLocked : Getting Lock type frm List : DVFS_MIN_LIMIT  frequency : 1190400  uid : 1000  pid : 879  tag : ACTIVITY_RESUME_BOOSTER@4
W/ActivityManager(  879): mDVFSHelper.release()
D/CustomFrequencyManagerService(  879): acquireDVFSLockLocked : type : DVFS_MIN_LIMIT  frequency : 1190400  uid : 1000  pid : 879  pkgName : ACTIVITY_RESUME_BOOSTER@8
D/KeyguardUpdateMonitor( 1118): sendKeyguardVisibilityChanged(true)
D/MultiSimUtils( 1118): getPinLockRequest() slot1 : mPIN1LockReceived = false, mPIN1LockState = null
D/MultiSimUtils( 1118): getPinLockRequest() slot2 : mPIN2LockReceived = false, mPIN2LockState = null
D/KeyguardUpdateMonitor( 1118): handleKeyguardVisibilityChanged(1)
D/dalvikvm( 7190): GC_EXPLICIT freed 2242K, 24% free 14451K/18968K, paused 2ms+5ms, total 38ms
D/dalvikvm( 7190): GC_EXPLICIT freed 489K, 27% free 13961K/18968K, paused 2ms+5ms, total 34ms
D/KeyguardUpdateMonitor( 1118): sendKeyguardVisibilityChanged(true)
D/MultiSimUtils( 1118): getPinLockRequest() slot1 : mPIN1LockReceived = false, mPIN1LockState = null
D/MultiSimUtils( 1118): getPinLockRequest() slot2 : mPIN2LockReceived = false, mPIN2LockState = null
D/KeyguardUpdateMonitor( 1118): handleKeyguardVisibilityChanged(1)
D/dalvikvm(  879): GC_CONCURRENT freed 263K, 21% free 25933K/32744K, paused 3ms+7ms, total 130ms
D/KeyguardUpdateMonitor( 1118): sendKeyguardVisibilityChanged(true)
D/MultiSimUtils( 1118): getPinLockRequest() slot1 : mPIN1LockReceived = false, mPIN1LockState = null
D/MultiSimUtils( 1118): getPinLockRequest() slot2 : mPIN2LockReceived = false, mPIN2LockState = null
D/KeyguardUpdateMonitor( 1118): handleKeyguardVisibilityChanged(1)
D/KeyguardUpdateMonitor( 1118): sendKeyguardVisibilityChanged(true)
D/MultiSimUtils( 1118): getPinLockRequest() slot1 : mPIN1LockReceived = false, mPIN1LockState = null
D/MultiSimUtils( 1118): getPinLockRequest() slot2 : mPIN2LockReceived = false, mPIN2LockState = null
D/KeyguardUpdateMonitor( 1118): handleKeyguardVisibilityChanged(1)
D/CustomFrequencyManagerService(  879): releaseDVFSLockLocked : Getting Lock type frm List : DVFS_MIN_LIMIT  frequency : 1190400  uid : 1000  pid : 879  tag : ACTIVITY_RESUME_BOOSTER@8
D/InputReader(  879): Input event: value=1
D/InputReader(  879): !@notifyKey(172), action=0
D/InputManager-JNI(  879): !@interceptKeyBeforeQueueing(172), action=0
D/InputManager-JNI(  879): !@handleInterceptActions(172), action=0, wmActions=1
D/PersonaManagerService(  879): getPhoneCaller as 0 / from 879
D/ActivityManager(  879): bindService callerProcessName:android, calleePkgName: com.android.keyguard, action: null
D/ActivityManager(  879): isAutoRunBlockedApp:: com.android.keyguard, Auto Run ON
D/KeyguardUpdateMonitor( 1118): received broadcast android.intent.action.TIME_TICK
D/KeyguardUpdateMonitor( 1118): handleTimeUpdate
V/AlarmManager(  879): waitForAlarm result :8
V/AlarmManager(  879): ClockReceiver onReceive() ACTION_TIME_TICK
V/AlarmManager(  879): ___SyncScheduler (v3) ACTIVATED___
V/AlarmManagerEXT(  879): <AppSync3 Whitelist>
V/AlarmManagerEXT(  879): (AppSync) ### 0 added ###
D/STATUSBAR-IconMerger( 1118): checkOverflow(288), More:false, Req:false Child:2
D/TwCheckBox( 7190): setChecked(1) checked=false, mCheckBoxAnimationEnabled=true, mIsAttached=true
D/InputReader(  879): Input event: value=0
D/InputReader(  879): !@notifyKey(172), action=1
D/InputManager-JNI(  879): !@interceptKeyBeforeQueueing(172), action=1
D/InputManager-JNI(  879): !@handleInterceptActions(172), action=1, wmActions=1
D/PersonaManagerService(  879): getPhoneCaller as 0 / from 879
D/PersonaManager(  879): in PersonaManager, handleHomeShow()
D/ActivityManager(  879): bindService callerProcessName:android, calleePkgName: com.android.keyguard, action: null
D/ActivityManager(  879): isAutoRunBlockedApp:: com.android.keyguard, Auto Run ON
D/VoIPInterfaceManager(  879): isVoIPRinging()...
D/VoIPInterfaceManager(  879): isVoIPRunningAndDeregi()...
D/VoIPInterfaceManager(  879): Not exist call session
I/WindowManager(  879): startDockOrHome
D/PowerManagerService(  879): [api] [s] userActivity : event: 0 flags: 0 (uid: 1000 pid: 879) eventTime = 693148
D/STATUSBAR-AirplaneModeQuickSettingButton( 1118): onReceive : android.intent.action.CLOSE_SYSTEM_DIALOGS
D/CustomFrequencyManagerService(  879): acquireDVFSLockLocked : type : DVFS_MIN_LIMIT  frequency : 1190400  uid : 1000  pid : 879  pkgName : ACTIVITY_RESUME_BOOSTER@4
W/ActivityManager(  879): mDVFSHelper.acquire()
I/SQLiteSecureOpenHelper( 3474): getWritableDatabase(pwd)
I/SQLiteSecureOpenHelper( 3474): getDatabaseLocked(b,b,pwd)...
D/KeyguardUpdateMonitor( 1118): sendKeyguardVisibilityChanged(true)
D/MultiSimUtils( 1118): getPinLockRequest() slot1 : mPIN1LockReceived = false, mPIN1LockState = null
D/MultiSimUtils( 1118): getPinLockRequest() slot2 : mPIN2LockReceived = false, mPIN2LockState = null
D/KeyguardUpdateMonitor( 1118): handleKeyguardVisibilityChanged(1)
D/PointerIcon(  879): setMouseIconStyle1 pointerType: 1001iconType:101 flag:0
D/PointerIcon(  879): setMouseCustomIcon IconType is same.101
D/PowerManagerService(  879): setKeyboardVisibility: false
D/BatteryService(  879): level:51, scale:100, status:2, health:2, present:true, voltage: 3876, temperature: 307, technology: Li-ion, AC powered:false, USB powered:true, Wireless powered:false, icon:17303690, invalid charger:0, online:4, current avg:0, charge type:1, power sharing:false, high voltage charger:false, capacity:295000, current_now:0
D/BatteryService(  879): Sending ACTION_BATTERY_CHANGED.
D/KeyguardUpdateMonitor( 1118): sendKeyguardVisibilityChanged(true)
D/MultiSimUtils( 1118): getPinLockRequest() slot1 : mPIN1LockReceived = false, mPIN1LockState = null
D/MultiSimUtils( 1118): getPinLockRequest() slot2 : mPIN2LockReceived = false, mPIN2LockState = null
D/KeyguardUpdateMonitor( 1118): handleKeyguardVisibilityChanged(1)
D/i       (  879): DeviceInfo:: 000000000000
D/i       (  879): SettingsAirViewInfo:: 000000000
D/KeyguardUpdateMonitor( 1118): received broadcast android.intent.action.BATTERY_CHANGED
D/KeyguardFestivalEffect( 1118): onReceive: android.intent.action.BATTERY_CHANGED
D/KeyguardUpdateMonitor( 1118): handleBatteryUpdate
D/KeyguardUpdateMonitor( 1118): sendKeyguardVisibilityChanged(true)
D/MultiSimUtils( 1118): getPinLockRequest() slot1 : mPIN1LockReceived = false, mPIN1LockState = null
D/MultiSimUtils( 1118): getPinLockRequest() slot2 : mPIN2LockReceived = false, mPIN2LockState = null
D/STATUSBAR-PhoneStatusBar( 1118):  mBrightnessEnablebySettings = true mBrightnessEnablebyBattery = true mBrightnessEnablebyDisableFlag = true mPmsBrightnessEnablebySettings = true
D/BatteryMeterView( 1118): ACTION_BATTERY_CHANGED : level:51 status:2 health:2isPlug: true
D/Launcher( 1346): onRestart, Launcher: 1120337824
D/Launcher( 1346): onStart, Launcher: 1120337824
D/Launcher.HomeView( 1346): onStart
D/Launcher( 1346): onResume, Launcher: 1120337824
D/Activity( 1346): #1 setTransGradationModeColor false
D/StatusBarManagerService(  879): semi p:1346,o:f
D/STATUSBAR-IconMerger( 1118): checkOverflow(288), More:false, Req:false Child:2
D/KeyguardUpdateMonitor( 1118): handleKeyguardVisibilityChanged(1)
D/PhoneStatusBar( 1118): setSemiTransparentMode=false, mTransparentMode=false, mSemiTransparentMode=false, mMultiWindowMode=false
D/PhoneStatusBar( 1118): checkBarMode(2)
D/Launcher.HomeView( 1346): onResume
D/Launcher( 1346): setSystemUiTransparency.SettingNotFoundException : set as TRUE
D/StatusBarManagerService(  879): tr p:1346,o:t
D/MenuAppsGridFragment( 1346): onResume
D/GalleryCacheReady( 4680): Receive : home resume
I/SurfaceFlinger(  256): id=149 createSurf (720x1280),1 flag=4, Mauncher
I/SpenGestureManager(  879): setFocusWindow21010
D/STATUSBAR-StatusBarManagerService(  879): manageDisableList what=0x0 pkg=WindowManager.LayoutParams
D/KeyguardUpdateMonitor( 1118): sendKeyguardVisibilityChanged(true)
D/MultiSimUtils( 1118): getPinLockRequest() slot1 : mPIN1LockReceived = false, mPIN1LockState = null
D/MultiSimUtils( 1118): getPinLockRequest() slot2 : mPIN2LockReceived = false, mPIN2LockState = null
D/Mms/UIEventReceiver( 4572): ui event
D/PointerIcon(  879): setMouseIconStyle1 pointerType: 1001iconType:101 flag:0
D/PointerIcon(  879): setMouseCustomIcon IconType is same.101
D/Launcher( 1346): setSystemUiTransparency.SettingNotFoundException : set as TRUE
D/StatusBarManagerService(  879): tr p:1346,o:t
D/KeyguardUpdateMonitor( 1118): handleKeyguardVisibilityChanged(1)
D/PhoneStatusBar( 1118): setTransGradationMode=true, mTransparentMode=true, mSemiTransparentMode=false, mMultiWindowMode=false
D/PhoneStatusBar( 1118): checkBarMode(4)
W/ContextImpl(  879): Calling a method in the system process without a qualified user: android.app.ContextImpl.sendBroadcast:1510 com.android.server.InputMethodManagerService$4.run:2835 java.lang.Thread.run:841 <bottom of call stack> <bottom of call stack> 
D/SamsungIME( 2147): onStartInput  ccontentType: 0 Restarting:false
D/InputModeSwitcher( 2147): switchModeBySettings:mMainInputMode = 11110000
D/InputModeSwitcher( 2147): switchModeBySettings:lastInputMode = 11110000
D/SimeLanguageMgr( 2147): LMGR------isValidLangChanged-----bRet =false;i=5
I/InputModeSwitcher( 2147): switchModeBySettings:language NOT changed
D/InputModeSwitcher( 2147): switchModeBySettings:bRet = false
D/KeyguardUpdateMonitor( 1118): sendKeyguardVisibilityChanged(true)
D/MultiSimUtils( 1118): getPinLockRequest() slot1 : mPIN1LockReceived = false, mPIN1LockState = null
D/MultiSimUtils( 1118): getPinLockRequest() slot2 : mPIN2LockReceived = false, mPIN2LockState = null
D/KeyguardUpdateMonitor( 1118): sendKeyguardVisibilityChanged(true)
D/MultiSimUtils( 1118): getPinLockRequest() slot1 : mPIN1LockReceived = false, mPIN1LockState = null
D/MultiSimUtils( 1118): getPinLockRequest() slot2 : mPIN2LockReceived = false, mPIN2LockState = null
D/KeyguardUpdateMonitor( 1118): sendKeyguardVisibilityChanged(true)
D/MultiSimUtils( 1118): getPinLockRequest() slot1 : mPIN1LockReceived = false, mPIN1LockState = null
D/MultiSimUtils( 1118): getPinLockRequest() slot2 : mPIN2LockReceived = false, mPIN2LockState = null
D/KeyguardUpdateMonitor( 1118): handleKeyguardVisibilityChanged(1)
D/KeyguardUpdateMonitor( 1118): handleKeyguardVisibilityChanged(1)
D/KeyguardUpdateMonitor( 1118): sendKeyguardVisibilityChanged(true)
D/MultiSimUtils( 1118): getPinLockRequest() slot1 : mPIN1LockReceived = false, mPIN1LockState = null
D/MultiSimUtils( 1118): getPinLockRequest() slot2 : mPIN2LockReceived = false, mPIN2LockState = null
D/KeyguardUpdateMonitor( 1118): sendKeyguardVisibilityChanged(true)
D/MultiSimUtils( 1118): getPinLockRequest() slot1 : mPIN1LockReceived = false, mPIN1LockState = null
D/MultiSimUtils( 1118): getPinLockRequest() slot2 : mPIN2LockReceived = false, mPIN2LockState = null
D/MultiWindowConverter(  879): MultiWindow Gesture is not supported with launcher
D/KeyguardUpdateMonitor( 1118): handleKeyguardVisibilityChanged(1)
D/KeyguardUpdateMonitor( 1118): handleKeyguardVisibilityChanged(1)
D/KeyguardUpdateMonitor( 1118): handleKeyguardVisibilityChanged(1)
D/CustomFrequencyManagerService(  879): releaseDVFSLockLocked : Getting Lock type frm List : DVFS_MIN_LIMIT  frequency : 1190400  uid : 1000  pid : 879  tag : ACTIVITY_RESUME_BOOSTER@4
W/ActivityManager(  879): mDVFSHelper.release()
D/CustomFrequencyManagerService(  879): acquireDVFSLockLocked : type : DVFS_MIN_LIMIT  frequency : 1190400  uid : 1000  pid : 879  pkgName : ACTIVITY_RESUME_BOOSTER@8
D/KeyguardUpdateMonitor( 1118): sendKeyguardVisibilityChanged(true)
D/MultiSimUtils( 1118): getPinLockRequest() slot1 : mPIN1LockReceived = false, mPIN1LockState = null
D/MultiSimUtils( 1118): getPinLockRequest() slot2 : mPIN2LockReceived = false, mPIN2LockState = null
D/KeyguardUpdateMonitor( 1118): handleKeyguardVisibilityChanged(1)
I/SurfaceFlinger(  256): id=147 Removed DlockPackag (8/16)
I/SurfaceFlinger(  256): id=147 Removed DlockPackag (-2/16)
D/KeyguardUpdateMonitor( 1118): sendKeyguardVisibilityChanged(true)
D/MultiSimUtils( 1118): getPinLockRequest() slot1 : mPIN1LockReceived = false, mPIN1LockState = null
D/MultiSimUtils( 1118): getPinLockRequest() slot2 : mPIN2LockReceived = false, mPIN2LockState = null
D/KeyguardUpdateMonitor( 1118): handleKeyguardVisibilityChanged(1)
D/KeyguardUpdateMonitor( 1118): sendKeyguardVisibilityChanged(true)
D/MultiSimUtils( 1118): getPinLockRequest() slot1 : mPIN1LockReceived = false, mPIN1LockState = null
D/MultiSimUtils( 1118): getPinLockRequest() slot2 : mPIN2LockReceived = false, mPIN2LockState = null
D/KeyguardUpdateMonitor( 1118): handleKeyguardVisibilityChanged(1)
D/dalvikvm(  879): GC_CONCURRENT freed 2026K, 21% free 25914K/32744K, paused 3ms+13ms, total 122ms
D/CustomFrequencyManagerService(  879): releaseDVFSLockLocked : Getting Lock type frm List : DVFS_MIN_LIMIT  frequency : 1190400  uid : 1000  pid : 879  tag : ACTIVITY_RESUME_BOOSTER@8
D/SSRMv3:SsrmController(  879): SIOP:: AP = 320
D/KeyguardUpdateMonitor( 1118): sendKeyguardVisibilityChanged(true)
D/MultiSimUtils( 1118): getPinLockRequest() slot1 : mPIN1LockReceived = false, mPIN1LockState = null
D/MultiSimUtils( 1118): getPinLockRequest() slot2 : mPIN2LockReceived = false, mPIN2LockState = null
D/KeyguardUpdateMonitor( 1118): handleKeyguardVisibilityChanged(1)
D/PowerManagerService(  879): [api] [s] userActivity : event: 0 flags: 0 (uid: 1000 pid: 879) eventTime = 694562
D/PowerManagerService(  879): [api] release WakeLock flags=0x2000000a tag=WindowManager uid=1000 pid=879 (0x0)
D/PowerManagerService(  879): [api] applyWakeLockFlagsOnReleaseLocked : userActivityNoUpdateLocked is called : SCREEN_BRIGHT_WAKE_LOCK        'WindowManager' ON_AFTER_RELEASE (uid=1000, pid=879, ws=WorkSource{10080}) (elapsedTime=3425)
D/KeyguardUpdateMonitor( 1118): sendKeyguardVisibilityChanged(true)
D/MultiSimUtils( 1118): getPinLockRequest() slot1 : mPIN1LockReceived = false, mPIN1LockState = null
D/MultiSimUtils( 1118): getPinLockRequest() slot2 : mPIN2LockReceived = false, mPIN2LockState = null
D/KeyguardUpdateMonitor( 1118): handleKeyguardVisibilityChanged(1)
I/SurfaceFlinger(  256): id=148 Removed Uoast (11/15)
I/SurfaceFlinger(  256): id=148 Removed Uoast (-2/15)
D/KeyguardUpdateMonitor( 1118): sendKeyguardVisibilityChanged(true)
D/MultiSimUtils( 1118): getPinLockRequest() slot1 : mPIN1LockReceived = false, mPIN1LockState = null
D/MultiSimUtils( 1118): getPinLockRequest() slot2 : mPIN2LockReceived = false, mPIN2LockState = null
D/KeyguardUpdateMonitor( 1118): handleKeyguardVisibilityChanged(1)
D/BatteryService(  879): level:51, scale:100, status:2, health:2, present:true, voltage: 3893, temperature: 307, technology: Li-ion, AC powered:false, USB powered:true, Wireless powered:false, icon:17303690, invalid charger:0, online:4, current avg:0, charge type:1, power sharing:false, high voltage charger:false, capacity:295000, current_now:0
D/KeyguardUpdateMonitor( 1118): received broadcast android.intent.action.BATTERY_CHANGED
D/KeyguardUpdateMonitor( 1118): handleBatteryUpdate
D/KeyguardFestivalEffect( 1118): onReceive: android.intent.action.BATTERY_CHANGED
D/BatteryService(  879): Sending ACTION_BATTERY_CHANGED.
D/STATUSBAR-PhoneStatusBar( 1118):  mBrightnessEnablebySettings = true mBrightnessEnablebyBattery = true mBrightnessEnablebyDisableFlag = true mPmsBrightnessEnablebySettings = true
D/STATUSBAR-IconMerger( 1118): checkOverflow(288), More:false, Req:false Child:2
D/BatteryMeterView( 1118): ACTION_BATTERY_CHANGED : level:51 status:2 health:2isPlug: true
D/SSRMv3:SsrmController(  879): SIOP:: AP = 320
E/Watchdog(  879): !@Sync 23
D/KeyguardUpdateMonitor( 1118): received broadcast android.intent.action.BATTERY_CHANGED
D/KeyguardUpdateMonitor( 1118): handleBatteryUpdate
D/KeyguardFestivalEffect( 1118): onReceive: android.intent.action.BATTERY_CHANGED
D/BatteryService(  879): level:51, scale:100, status:2, health:2, present:true, voltage: 3893, temperature: 306, technology: Li-ion, AC powered:false, USB powered:true, Wireless powered:false, icon:17303690, invalid charger:0, online:4, current avg:0, charge type:1, power sharing:false, high voltage charger:false, capacity:295000, current_now:0
D/BatteryService(  879): Sending ACTION_BATTERY_CHANGED.
D/STATUSBAR-PhoneStatusBar( 1118):  mBrightnessEnablebySettings = true mBrightnessEnablebyBattery = true mBrightnessEnablebyDisableFlag = true mPmsBrightnessEnablebySettings = true
D/STATUSBAR-IconMerger( 1118): checkOverflow(288), More:false, Req:false Child:2
D/BatteryMeterView( 1118): ACTION_BATTERY_CHANGED : level:51 status:2 health:2isPlug: true
D/SSRMv3:SsrmController(  879): SIOP:: AP = 320
E/SmartFaceManager(  879): checkForSmartStay S
D/SmartFaceManager(  879): Sending smart-stay-framecount-reset: to service
D/PowerManagerService(  879): [smart stay] handleSmartStay
E/SmartFaceService(  879): setValue, key: smart-stay-framecount-reset value: 
E/SmartFaceService(  879): register:715834
E/SmartFaceService(  879): register, serviceType(100) pid 879 : system
E/SmartFaceService.Client(  879): New SmartFaceService.Client, service type: 100 pid: 879 appName: system
E/SmartFaceService(  879): mLightIntensityEnough: true mLux: 0.0
D/Stay/Rotation Worker(  879): client added
D/Stay/Rotation Worker(  879): updateClientsDone. def. do nothing.
E/SmartFaceService(  879): Service Type to Worker: 100
E/SmartFaceService(  879): Last Active clients:0 Current Active clients: 1
E/SmartFaceService(  879): Last Smart Pause clients: 0 Current Smart Pause clients: 0
E/SmartFaceService(  879): We have active clients. open camera
E/SmartFaceService(  879): mWakeLock.acquire() in FD
D/SmartFaceIndicator(  879): normal icon
E/CameraController(  879): openCamera S
E/CameraController(  879): sendMessageAndWait, lock.lock before
E/CameraController(  879): sendMessageAndWait, lock.lock after
D/STATUSBAR-IconMerger( 1118): checkOverflow(240), More:false, Req:false Child:2
E/SecCamera-JNI-Java(  879): SecCamera.open()
E/SecCamera-JNI-Java(  879): SecCamera()
I/EDMNativeHelperService(  879): isCameraEnabled
E/CameraService(  259): orgID: 1 checkingID: 0 seems GOOD
E/CameraService(  259): orgID: 1 checkingID: 1 seems GOOD
W/QCamera2Factory(  259): getCameraInfo: E, camera_id = 1
W/QCamera2Factory(  259): getCameraInfo: X
W/QCamera2Factory(  259): getCameraInfo: E, camera_id = 1
W/QCamera2Factory(  259): getCameraInfo: X
V/MediaPlayer(  259): constructor
V/MediaPlayerService(  259): Create new client(8) from pid 879, uid 1000, 
I/MediaPlayerFactory(  259): Can`t play mp3 and ogg file on NuPlayer , create Awesomeplayer.
V/MediaPlayerService(  259): player type = 3
V/AwesomePlayer(  259): setDefault
V/AwesomePlayer(  259): constructor
V/AwesomePlayer(  259): setDefault
V/AwesomePlayer(  259): reset_l()
V/AwesomePlayer(  259): notifyListner_l() msg (8-MEDIA_STOPPED), ext1 (0), ext2 (0)
V/AwesomePlayer(  259): cancelPlayerEvents (keepNotifications=0)
V/AwesomePlayer(  259): mAudioTrackVector clear
V/AwesomePlayer(  259): reset_l() mAudioPlayer successfully deleted
V/AwesomePlayer(  259): mSecMediaClock clear
V/StagefrightPlayer(  259): StagefrightPlayer
V/AwesomePlayer(  259): setListener
V/StagefrightPlayer(  259): initCheck
V/AwesomePlayer(  259): AwesomePlayer running on behalf of uid 1000
V/AudioSink(  259): AudioOutput(24)
V/AwesomePlayer(  259): setAudioSink
V/AwesomePlayer(  259): reset_l()
V/AwesomePlayer(  259): notifyListner_l() msg (8-MEDIA_STOPPED), ext1 (0), ext2 (0)
V/MediaPlayerService(  259): [8] notify (0xb861e3b0, 8, 0, 0)
V/MediaPlayer(  259): message received msg=8, ext1=0, ext2=0
V/MediaPlayer(  259): notify(8, 0, 0) callback on disconnected mediaplayer
V/AwesomePlayer(  259): cancelPlayerEvents (keepNotifications=0)
V/AwesomePlayer(  259): mAudioTrackVector clear
V/AwesomePlayer(  259): reset_l() mAudioPlayer successfully deleted
V/AwesomePlayer(  259): mSecMediaClock clear
I/AwesomePlayer(  259): setDataSource_l(URL suppressed)
V/MediaPlayerService(  259): [8] setParameter(1604)
V/StagefrightPlayer(  259): setParameter(key=1604)
V/AwesomePlayer(  259): setParameter key (1604)
V/AwesomePlayer(  259): Current Contet PID : 879
V/MediaPlayerService(  259): [8] getParameter(1700)
V/MediaPlayer(  259): MediaPlayer::setAudioStreamType
V/MediaPlayer(  259): prepare
V/MediaPlayerService(  259): [8] setAudioStreamType(7)
V/MediaPlayerService(  259): [8] prepareAsync
V/AwesomePlayer(  259): prepareAsync
V/AwesomePlayer(  259): onPrepareAsyncEvent
I/SecMediaClock(  259): SecMediaClock constructor
I/SecMediaClock(  259): reset
V/AwesomePlayer(  259): finishSetDataSource_l
E/CameraController(  879): handleMessage(1) before lock{ when=-3ms what=1 arg1=4 target=com.sec.android.smartface.CameraController$EventHandler }
E/CameraController(  879): Wait for 1
E/CameraController(  879): waitHere, condition var. will be used. related lock release and re-acquired after await done.
E/CameraController(  879): handleMessage, lock.lock after
E/CameraController(  879): handleMessage(1) after lock{ when=-3ms what=1 arg1=4 target=com.sec.android.smartface.CameraController$EventHandler }
E/CameraController(  879): isCameraAllowed: true
E/CameraController(  879): open() as 100
V/AwesomePlayer(  259): track of type 'audio/vorbis' does not publish bitrate
V/AwesomePlayer(  259): mBitrate = -1 bits/sec
V/AwesomePlayer(  259): current audio track index (0) is added to vector
V/AwesomePlayer(  259): setDataSource_l: Audio(1), Video(0)
I/AwesomePlayer(  259): AwesomePlayer::setDataSource_l():: This is not a DRM content
V/AwesomePlayer(  259): initAudioDecoder
V/AwesomePlayer(  259): checkOffloadExceptions is true
I/OMXCodec(  259): Attempting to allocate OMX node 'OMX.google.vorbis.decoder'
I/OMX     (  259): mDispatchers.add
I/OMXCodec(  259): Successfully allocated OMX node 'OMX.google.vorbis.decoder'
I/AwesomePlayer(  259): Could not offload audio decode, try pcm offload
I/OMXCodec(  259): [OMX.google.vorbis.decoder] OMXCodec::start mState=1
I/OMXCodec(  259): [OMX.google.vorbis.decoder] allocating 4 buffers of size 8192 on input port
I/OMXCodec(  259): [OMX.google.vorbis.decoder] allocating 4 buffers of size 32768 on output port
I/OMXCodec(  259): [OMX.google.vorbis.decoder] Now Idle. Component sends idle done Event 
V/AwesomePlayer(  259): finishAsyncPrepare_l
V/AwesomePlayer(  259): notifyListner_l() msg (200-MEDIA_INFO), ext1 (973), ext2 (0)
V/MediaPlayerService(  259): [8] notify (0xb861e3b0, 200, 973, 0)
V/MediaPlayer(  259): message received msg=200, ext1=973, ext2=0
W/MediaPlayer(  259): info/warning (973, 0)
V/AwesomePlayer(  259): notifyListner_l() msg (5-MEDIA_SET_VIDEO_SIZE), ext1 (0), ext2 (0)
V/MediaPlayerService(  259): [8] notify (0xb861e3b0, 5, 0, 0)
V/MediaPlayer(  259): message received msg=5, ext1=0, ext2=0
V/MediaPlayer(  259): New video size 0 x 0
V/AwesomePlayer(  259): notifyListner_l() msg (1-MEDIA_PREPARED), ext1 (0), ext2 (0)
V/MediaPlayerService(  259): [8] notify (0xb861e3b0, 1, 0, 0)
V/MediaPlayer(  259): message received msg=1, ext1=0, ext2=0
V/MediaPlayer(  259): prepared
V/MediaPlayer(  259): signal application thread
V/MediaPlayer(  259): prepare complete - status=0
V/MediaPlayer(  259): constructor
V/MediaPlayerService(  259): Create new client(9) from pid 879, uid 1000, 
I/MediaPlayerFactory(  259): Can`t play mp3 and ogg file on NuPlayer , create Awesomeplayer.
V/MediaPlayerService(  259): player type = 3
V/AwesomePlayer(  259): setDefault
V/AwesomePlayer(  259): constructor
V/AwesomePlayer(  259): setDefault
V/AwesomePlayer(  259): reset_l()
V/AwesomePlayer(  259): notifyListner_l() msg (8-MEDIA_STOPPED), ext1 (0), ext2 (0)
V/AwesomePlayer(  259): cancelPlayerEvents (keepNotifications=0)
V/AwesomePlayer(  259): mAudioTrackVector clear
V/AwesomePlayer(  259): reset_l() mAudioPlayer successfully deleted
V/AwesomePlayer(  259): mSecMediaClock clear
V/StagefrightPlayer(  259): StagefrightPlayer
V/AwesomePlayer(  259): setListener
V/StagefrightPlayer(  259): initCheck
V/AwesomePlayer(  259): AwesomePlayer running on behalf of uid 1000
V/AudioSink(  259): AudioOutput(25)
V/AwesomePlayer(  259): setAudioSink
V/AwesomePlayer(  259): reset_l()
V/AwesomePlayer(  259): notifyListner_l() msg (8-MEDIA_STOPPED), ext1 (0), ext2 (0)
V/MediaPlayerService(  259): [9] notify (0xb860b1c0, 8, 0, 0)
V/MediaPlayer(  259): message received msg=8, ext1=0, ext2=0
V/MediaPlayer(  259): notify(8, 0, 0) callback on disconnected mediaplayer
V/AwesomePlayer(  259): cancelPlayerEvents (keepNotifications=0)
V/AwesomePlayer(  259): mAudioTrackVector clear
V/AwesomePlayer(  259): reset_l() mAudioPlayer successfully deleted
V/AwesomePlayer(  259): mSecMediaClock clear
I/AwesomePlayer(  259): setDataSource_l(URL suppressed)
V/MediaPlayerService(  259): [9] setParameter(1604)
V/StagefrightPlayer(  259): setParameter(key=1604)
V/AwesomePlayer(  259): setParameter key (1604)
V/AwesomePlayer(  259): Current Contet PID : 879
V/MediaPlayerService(  259): [9] getParameter(1700)
V/MediaPlayer(  259): MediaPlayer::setAudioStreamType
V/MediaPlayer(  259): prepare
V/MediaPlayerService(  259): [9] setAudioStreamType(7)
V/MediaPlayerService(  259): [9] prepareAsync
V/AwesomePlayer(  259): prepareAsync
V/AwesomePlayer(  259): onPrepareAsyncEvent
I/SecMediaClock(  259): SecMediaClock constructor
I/SecMediaClock(  259): reset
V/AwesomePlayer(  259): finishSetDataSource_l
V/AwesomePlayer(  259): track of type 'audio/vorbis' does not publish bitrate
V/AwesomePlayer(  259): mBitrate = -1 bits/sec
V/AwesomePlayer(  259): current audio track index (0) is added to vector
V/AwesomePlayer(  259): setDataSource_l: Audio(1), Video(0)
I/AwesomePlayer(  259): AwesomePlayer::setDataSource_l():: This is not a DRM content
V/AwesomePlayer(  259): initAudioDecoder
V/AwesomePlayer(  259): checkOffloadExceptions is true
I/OMXCodec(  259): Attempting to allocate OMX node 'OMX.google.vorbis.decoder'
I/OMX     (  259): mDispatchers.add
I/OMXCodec(  259): Successfully allocated OMX node 'OMX.google.vorbis.decoder'
I/AwesomePlayer(  259): Could not offload audio decode, try pcm offload
I/OMXCodec(  259): [OMX.google.vorbis.decoder] OMXCodec::start mState=1
I/OMXCodec(  259): [OMX.google.vorbis.decoder] allocating 4 buffers of size 8192 on input port
I/OMXCodec(  259): [OMX.google.vorbis.decoder] allocating 4 buffers of size 32768 on output port
I/OMXCodec(  259): [OMX.google.vorbis.decoder] Now Idle. Component sends idle done Event 
V/AwesomePlayer(  259): finishAsyncPrepare_l
V/AwesomePlayer(  259): notifyListner_l() msg (200-MEDIA_INFO), ext1 (973), ext2 (0)
V/MediaPlayerService(  259): [9] notify (0xb860b1c0, 200, 973, 0)
V/MediaPlayer(  259): message received msg=200, ext1=973, ext2=0
W/MediaPlayer(  259): info/warning (973, 0)
V/AwesomePlayer(  259): notifyListner_l() msg (5-MEDIA_SET_VIDEO_SIZE), ext1 (0), ext2 (0)
V/MediaPlayerService(  259): [9] notify (0xb860b1c0, 5, 0, 0)
V/MediaPlayer(  259): message received msg=5, ext1=0, ext2=0
V/MediaPlayer(  259): New video size 0 x 0
V/AwesomePlayer(  259): notifyListner_l() msg (1-MEDIA_PREPARED), ext1 (0), ext2 (0)
V/MediaPlayerService(  259): [9] notify (0xb860b1c0, 1, 0, 0)
V/MediaPlayer(  259): message received msg=1, ext1=0, ext2=0
V/MediaPlayer(  259): prepared
V/MediaPlayer(  259): signal application thread
V/MediaPlayer(  259): prepare complete - status=0
V/MediaPlayer(  259): constructor
V/MediaPlayerService(  259): Create new client(10) from pid 879, uid 1000, 
I/MediaPlayerFactory(  259): Can`t play mp3 and ogg file on NuPlayer , create Awesomeplayer.
V/MediaPlayerService(  259): player type = 3
V/AwesomePlayer(  259): setDefault
V/AwesomePlayer(  259): constructor
V/AwesomePlayer(  259): setDefault
V/AwesomePlayer(  259): reset_l()
V/AwesomePlayer(  259): notifyListner_l() msg (8-MEDIA_STOPPED), ext1 (0), ext2 (0)
V/AwesomePlayer(  259): cancelPlayerEvents (keepNotifications=0)
V/AwesomePlayer(  259): mAudioTrackVector clear
V/AwesomePlayer(  259): reset_l() mAudioPlayer successfully deleted
V/AwesomePlayer(  259): mSecMediaClock clear
V/StagefrightPlayer(  259): StagefrightPlayer
V/AwesomePlayer(  259): setListener
V/StagefrightPlayer(  259): initCheck
V/AwesomePlayer(  259): AwesomePlayer running on behalf of uid 1000
V/AudioSink(  259): AudioOutput(26)
V/AwesomePlayer(  259): setAudioSink
V/AwesomePlayer(  259): reset_l()
V/AwesomePlayer(  259): notifyListner_l() msg (8-MEDIA_STOPPED), ext1 (0), ext2 (0)
V/MediaPlayerService(  259): [10] notify (0xb86410b0, 8, 0, 0)
V/MediaPlayer(  259): message received msg=8, ext1=0, ext2=0
V/MediaPlayer(  259): notify(8, 0, 0) callback on disconnected mediaplayer
V/AwesomePlayer(  259): cancelPlayerEvents (keepNotifications=0)
V/AwesomePlayer(  259): mAudioTrackVector clear
V/AwesomePlayer(  259): reset_l() mAudioPlayer successfully deleted
V/AwesomePlayer(  259): mSecMediaClock clear
I/AwesomePlayer(  259): setDataSource_l(URL suppressed)
V/MediaPlayerService(  259): [10] setParameter(1604)
V/StagefrightPlayer(  259): setParameter(key=1604)
V/AwesomePlayer(  259): setParameter key (1604)
V/AwesomePlayer(  259): Current Contet PID : 879
V/MediaPlayerService(  259): [10] getParameter(1700)
V/MediaPlayer(  259): MediaPlayer::setAudioStreamType
V/MediaPlayer(  259): prepare
V/MediaPlayerService(  259): [10] setAudioStreamType(7)
V/MediaPlayerService(  259): [10] prepareAsync
V/AwesomePlayer(  259): prepareAsync
V/AwesomePlayer(  259): onPrepareAsyncEvent
I/SecMediaClock(  259): SecMediaClock constructor
I/SecMediaClock(  259): reset
V/AwesomePlayer(  259): finishSetDataSource_l
V/AwesomePlayer(  259): track of type 'audio/vorbis' does not publish bitrate
V/AwesomePlayer(  259): mBitrate = -1 bits/sec
V/AwesomePlayer(  259): current audio track index (0) is added to vector
V/AwesomePlayer(  259): setDataSource_l: Audio(1), Video(0)
I/AwesomePlayer(  259): AwesomePlayer::setDataSource_l():: This is not a DRM content
V/AwesomePlayer(  259): initAudioDecoder
V/AwesomePlayer(  259): checkOffloadExceptions is true
I/OMXCodec(  259): Attempting to allocate OMX node 'OMX.google.vorbis.decoder'
I/OMX     (  259): mDispatchers.add
I/OMXCodec(  259): Successfully allocated OMX node 'OMX.google.vorbis.decoder'
I/AwesomePlayer(  259): Could not offload audio decode, try pcm offload
I/OMXCodec(  259): [OMX.google.vorbis.decoder] OMXCodec::start mState=1
I/OMXCodec(  259): [OMX.google.vorbis.decoder] allocating 4 buffers of size 8192 on input port
I/OMXCodec(  259): [OMX.google.vorbis.decoder] allocating 4 buffers of size 32768 on output port
I/OMXCodec(  259): [OMX.google.vorbis.decoder] Now Idle. Component sends idle done Event 
V/AwesomePlayer(  259): finishAsyncPrepare_l
V/AwesomePlayer(  259): notifyListner_l() msg (200-MEDIA_INFO), ext1 (973), ext2 (0)
V/MediaPlayerService(  259): [10] notify (0xb86410b0, 200, 973, 0)
V/MediaPlayer(  259): message received msg=200, ext1=973, ext2=0
W/MediaPlayer(  259): info/warning (973, 0)
V/AwesomePlayer(  259): notifyListner_l() msg (5-MEDIA_SET_VIDEO_SIZE), ext1 (0), ext2 (0)
V/MediaPlayerService(  259): [10] notify (0xb86410b0, 5, 0, 0)
V/MediaPlayer(  259): message received msg=5, ext1=0, ext2=0
V/MediaPlayer(  259): New video size 0 x 0
V/AwesomePlayer(  259): notifyListner_l() msg (1-MEDIA_PREPARED), ext1 (0), ext2 (0)
V/MediaPlayerService(  259): [10] notify (0xb86410b0, 1, 0, 0)
V/MediaPlayer(  259): message received msg=1, ext1=0, ext2=0
V/MediaPlayer(  259): prepared
V/MediaPlayer(  259): signal application thread
V/MediaPlayer(  259): prepare complete - status=0
D/SecCameraCoreManager(  259): SecCameraCoreManager created: pid=259, cameraId=1
E/SecCameraCoreManager(  259): !@ cam: CaMeRa(1)
D/SecCameraCoreManager(  259): initialize
I/SecCameraCoreManager(  259): Opening camera 1
W/QCamera2Factory(  259): cameraDeviceOpen : E
I/QCamera2HWI(  259): [KPI Perf] openCamera: E
W/QCamera2HWI(  259): [KPI Perf] openCamera: E PROFILE_OPEN_CAMERA camera id 1
E/mm-camera-intf(  259): mm_camera_open:  begin
E/mm-camera-intf(  259): mm_camera_open: dev name = /dev/video3, cam_idx = 3
E/mm-camera(  268): server_process_hal_event:__DBG__ E event id=1
E/mm-camera(  268): server_process_hal_event: new session __debug__
E/mm-camera(  268): server_process_bind_hal_ds:__DBG__ E
E/mm-camera-sensor(  268): module_sensor_start_session:1036 sensor_bundle = b7c37ad0 session id = 3
E/mm-camera-sensor(  268): module_sensor_init_session:645 func module_sensor_init_session line 645
E/mm-camera-sensor(  268): 
E/mm-camera-sensor(  268): module_sensor_init_session:684 func module_sensor_init_session line 684
E/mm-camera-sensor(  268): 
E/mm-camera-sensor(  268): sensor_load_library:78 s5k5e3yx : load from phone
D/        (  268): open power_setting_rev02 hwrev = 6 
E/        (  268): open lib s5k5e3yx_open_lib
E/mm-camera-sensor(  268): module_sensor_init_session:703 sensor_sd_name=v4l-subdev13 open = 0xb6e14b95
E/mm-camera-sensor(  268): module_sensor_init_session:703 sensor_sd_name= open = 0xb6e18515
E/mm-camera(  268): stats_module_start_session: E, kur sessionid=3, module=0xb7c4cbd0
E/mm-camera(  268): aec_module_start_session E kur module 0xb7c4ccc0 sessionid=196608
E/mm-camera-sensor(  268): module_sensor_init_session:703 sensor_sd_name= open = 0x0
E/mm-camera-sensor(  268): module_sensor_init_session:703 sensor_sd_name= open = 0x0
E/mm-camera-sensor(  268): module_sensor_init_session:703 sensor_sd_name= open = 0x0
E/mm-camera-sensor(  268): module_sensor_init_session:703 sensor_sd_name= open = 0x0
E/mm-camera-sensor(  268): module_sensor_init_session:703 sensor_sd_name=v4l-subdev3 open = 0xb6e202cd
E/mm-camera-sensor(  268): csid_open:111 sd name /dev/v4l-subdev3
E/mm-camera(  268): stats_port_init: E
E/mm-camera(  268): stats_port_init: X
E/mm-camera-sensor(  268): module_sensor_init_session:703 sensor_sd_name= open = 0x0
E/mm-camera-sensor(  268): module_sensor_init_session:703 sensor_sd_name=v4l-subdev1 open = 0xb6e1ff8d
E/mm-camera-sensor(  268): csiphy_open:89 csiphy subdev name = /dev/v4l-subdev1
E/mm-camera-sensor(  268): 
E/mm-camera(  268): cpp_module_start_session:297, info: starting session 3
E/mm-camera-img(  268): module_imglib_msg_thread: __ZZZZ__: E
E/mm-camera-img(  268): module_imglib_msg_thread:66 abort 0 0
E/mm-camera-sensor(  268): module_sensor_init_session:703 sensor_sd_name= open = 0x0
E/mm-camera-sensor(  268): module_sensor_init_session:768 sensor position 1
E/mm-camera-sensor(  268): sensor_init:470 subdev name v4l-subdev13
E/mm-camera(  268): cpp_module_start_session:343, info: cpp_thread created.
E/mm-camera(  268): cpp_thread_func:55: cpp_thread entering the polling loop...
E/mm-camera(  268): cpp_module_start_session:348, info: session 3 started.
E/mm-camera(  268): c2d_module_start_session:218, info: starting session 3
E/mm-camera(  268): c2d_module_start_session:256, info: c2d_thread created.
E/mm-camera(  268): c2d_module_start_session:278, info: session 3 started.
E/mm-camera(  268): c2d_thread_func:39: c2d_thread entering the polling loop...
E/mm-camera-img(  268): module_imglib_msg_thread: __ZZZZ__: E
E/mm-camera-img(  268): module_imglib_msg_thread:66 abort 0 0
E/mm-camera-sensor(  268): sensor_write_init_settings:438 CFG_SET_SENSOR_OTP_CAL:s5k5e3yx, 1
E/mm-camera-sensor(  268): module_sensor_init_session:901 rajeshb in func module_sensor_init_session line 901
E/mm-camera-sensor(  268): 
E/mm-camera-sensor(  268): module_sensor_start_session:1081 func module_sensor_start_session line 1081
E/mm-camera-sensor(  268): 
E/mm-camera(  268): stats_module_set_session: E,kur sessionid=0x3, module=0xb7c4cbd0
E/mm-camera(  268): aec_module_set_session E kur module 0xb7c4ccc0 sessionid=196608
E/mm-camera(  268): aec_load_function: loading QTI front algorithm
E/mm-camera(  268): awb_module_set_session E kur module 0xb7c4cd30 sessionid=196608
E/mm-camera(  268): awb_port_load_lib: loading AL or QTI AWB: session = 0x30000, session_id = 3
E/mm-camera(  268): awb_load_function: loading QTI front algorithm
D/alPrinter(  268): AWBVersion
D/alPrinter(  268):     AWB Inst   4.4.0.2914  :R 
D/alPrinter(  268):     Date:9999/99/99(2014/12/12 11:08)
D/alPrinter(  268): AwbVersion
D/alPrinter(  268):     Awb core  e7 1.4.12.719 e7 :R(M) 
D/alPrinter(  268):     Date:9999/99/99(2015/01/02 16:49)
D/alPrinter(  268): AwbVersion
D/alPrinter(  268):     Awb Sp  e7 1.4.12.719 e7 :R(M) 
D/alPrinter(  268):     Date:9999/99/99(2015/01/02 16:49)
E/mm-camera(  268): af_module_set_session E kur module 0xb7c4cda0 sessionid=196608
E/AF_PORT (  268): af_port_load_lib: loading QTI AF: session = 0x30000, session_id = 3
E/AF_PORT (  268): af_port_load_lib: loading QTI AF init [no-algo]
E/mm-camera(  268): server_process_hal_event:__DBG__ X sucess event id=1
E/mm-camera-intf(  259): mm_camera_open:  opened, break out while loop
E/mm-camera-intf(  259): mm_camera_socket_create: socket_fd =37
E/qomx_image_core(  259): OMX_Init:94] Complete 2
I/Thermal-Lib(  259): Thermal-Lib-Client: Registraion successful for camera with handle:1
I/Thermal-Lib(  259): Thermal-Lib-Client: Registraion successful for camcorder with handle:2
W/QCameraHWI_Mem(  259): alloc: use ION_SYSTEM_HEAP_ID memory: (33554432)
I/ThermalEngine(  270): Thermal-Server: Adding thermal event listener on fd 9
I/QCameraParameters(  259): initDefaultParameters: supported preview sizes: 1920x1080,1440x1080,1280x720,1056x864,960x720,960x540,880x720,720x720,720x540,720x480,640x480,528x432,352x288,320x240,176x144
I/QCameraParameters(  259): set Default prview sizes : 1920x1080
I/QCameraParameters(  259): initDefaultParameters: supported video sizes: 1920x1080,1440x1080,1280x720,960x720,800x450,720x480,640x480,352x288,320x240,176x144
I/QCameraParameters(  259): initDefaultParameters: supported live snapshot sizes: 2576x1932,2560x1440,2048x1536,2048x1152,1920x1080,1600x1200,1440x1080,1280x768,1280x720,1024x768,800x600,800x480,800x450,720x480,640x480,352x288,320x240
W/QCameraParameters(  259): [PARM_DBG] Setting focus mode fixed
W/QCameraParameters(  259): [PARM_DBG] setAutoExposure: Setting auto exposure center
E/QCameraParameters(  259): setExposureCompensation : Setting Exposure Compensation = 0 
E/QCameraParameters(  259):  
W/QCameraParameters(  259): [PARM_DBG] Antibanding value from CSC = [50hz]
W/QCameraParameters(  259): [PARM_DBG] zoom_level = 0
W/QCameraParameters(  259): [PARM_DBG] Denoise enable=1, plates=0
W/QCameraParameters(  259): [PARM_DBG] m_bVisionMode = 0
E/mm-camera(  268): server_process_hal_event:__DBG__ E event id=3
E/mm-camera(  268): server_process_hal_event:__DBG__ X sucess event id=3
E/mm-camera(  268): mct_pipeline_process_set:command=800000e
I/Thermal-Lib(  259): Thermal-Lib-Client: Client received msg camera 0
W/QCamera2HWI(  259): thermalEvtHandle: level = 0, userdata = 0x0, data = 0x0
E/QCameraStateMachine(  259): procEvtPreviewStoppedState: cannot handle evt(31) in state(0)
I/Thermal-Lib(  259): Thermal-Lib-Client: Client received msg camcorder 0
W/QCamera2HWI(  259): thermalEvtHandle: level = 0, userdata = 0x0, data = 0x0
E/QCameraStateMachine(  259): procEvtPreviewStoppedState: cannot handle evt(31) in state(0)
W/QCameraParameters(  259): [PARM_DBG] setNumOfSnapshot : nBurstNum = 1, nExpnum = 1
W/QCamera2HWI(  259): [KPI Perf] openCamera: X
I/QCamera2HWI(  259): [KPI Perf] openCamera: X
W/QCamera2Factory(  259): cameraDeviceOpen : X
I/ShotCommon(  259): ShotCommon created: pid=259
W/QCamera2HWI(  259): get_parameters : E
W/QCamera2HWI(  259): get_parameters : X
W/QCamera2HWI(  259): put_parameters : E
W/QCamera2HWI(  259): put_parameters : X
I/ShotCommon(  259): Preview width(1920), height(1080)
I/ShotCommon(  259): Preview color format [yuv420sp]
I/ShotCommon(  259): Picture width(2576), height(1932)
I/ShotCommon(  259): Picture color format [jpeg]
W/QCamera2HWI(  259): enable_msg_type : E, msg type 3085
W/QCamera2HWI(  259): enable_msg_type : X
I/ShotSingle(  259): ShotSingle created: pid=259
W/QCamera2HWI(  259): send_command : unsupported cmd = 1515 doesn't need to use state machine!
W/QCamera2HWI(  259): enable_msg_type : E, msg type 3085
W/QCamera2HWI(  259): enable_msg_type : X
D/SecCameraCoreManager(  259): setCallbacks
V/ShotSingle(  259): setCallbacks(1)
W/QCamera2HWI(  259): set_CallBacks : E
W/QCamera2HWI(  259): set_CallBacks : X
D/SecCameraCoreManager(  259): enableMsgType: 0xc0d
W/QCamera2HWI(  259): enable_msg_type : E, msg type 3085
W/QCamera2HWI(  259): enable_msg_type : X
W/QCamera2Factory(  259): getCameraInfo: E, camera_id = 1
W/QCamera2Factory(  259): getCameraInfo: X
D/SecCameraCoreManager(  259): getParameters
W/QCamera2HWI(  259): get_parameters : E
W/QCamera2HWI(  259): get_parameters : X
W/QCamera2HWI(  259): put_parameters : E
W/QCamera2HWI(  259): put_parameters : X
E/CameraController(  879): open() x
E/CameraController(  879): Preview need to be rotated counter clock-wise 90 degree.
E/CameraController(  879): setCamreaParameter with mode: 1 service_type: 100
E/CameraController(  879): Preview Size Is Not Supported (maybe auto-mode). Auto-Select
E/CameraController(  879): Front Camera Support 320, 240 preview
V/ShotSingle(  259): setParameters(1)
W/QCamera2HWI(  259): [KPI Perf] set_parameters: E
W/QCameraParameters(  259): updateParameters : E - mCameraId=1, line=4154
W/QCameraParameters(  259): [FW_DBG] setFirmwareMode: none
W/QCameraParameters(  259): [PARM_DBG] Requested preview size 320 x 240
W/QCameraParameters(  259): [PARM_DBG] checkVDIS_PREVIEW: VDIS TYPE = 0
W/QCameraParameters(  259): [PARM_DBG] Requested video size 1920 x 1080
W/QCameraParameters(  259): [PARM_DBG] checkVDIS_VIDEO: VDIS TYPE = 1
W/QCameraParameters(  259): [PARM_DBG] Requested picture size 2576 x 1932
W/QCameraParameters(  259): [PARM_DBG] requested jpeg thumbnail size 512 x 288
W/QCameraParameters(  259): [PARM_DBG] set optimal jpeg thumbnail size 512 x 384
W/QCameraParameters(  259): [PARM_DBG] m_bNoDisplayMode = 1
W/QCameraParameters(  259): [PARM_DBG] dualrecording-hint : 0 m_FaceAE=1 Camera ID=1
E/QCameraParameters(  259): setZslMode : VtMode=3, m_bVisionMode=0, ZSL OFF
W/QCameraParameters(  259): [PARM_DBG] prev_val = off
W/QCameraParameters(  259): [PARM_DBG] str_val = off
I/QCameraParameters(  259): [PARM_DBG] Requested FpsRange Values:(15000, 30000)
I/QCameraParameters(  259): [PARM_DBG] FPS i=3 : minFps = 15000, maxFps = 30000 
W/QCameraParameters(  259): [PARM_DBG] flash mode = off
W/QCameraParameters(  259): [PARM_DBG] AEC lock = false
W/QCameraParameters(  259): [PARM_DBG] AWB lock = false
W/QCameraParameters(  259): [PARM_DBG] mHdrMode 0 mTakeLowlight 0
W/QCameraParameters(  259): [PARM_DBG] live snapshot size 2576 x 1932
W/QCameraParameters(  259): updateParameters : X - mCameraId=1, final_rc=0, line=4283
E/mm-camera(  268): server_process_hal_event:__DBG__ E event id=3
E/mm-camera(  268): server_process_hal_event:__DBG__ X sucess event id=3
E/mm-camera(  268): mct_pipeline_process_set:command=800000e
W/QCameraParameters(  259): [PARM_DBG] setNumOfSnapshot : nBurstNum = 1, nExpnum = 1
W/QCamera2HWI(  259): [KPI Perf] set_parameters : X, ret 0
D/SecCameraCoreManager(  259): enableMsgType: 0x10
W/QCamera2HWI(  259): enable_msg_type : E, msg type 16
W/QCamera2HWI(  259): enable_msg_type : X
D/SecCameraCoreManager(  259): previewEnabled
W/QCamera2HWI(  259): preview_enabled: E
W/QCamera2HWI(  259): preview_enabled: X, ret 0
D/SecCameraCoreManager(  259): setPreviewWindow
W/QCamera2HWI(  259): set_preview_window : E
W/QCamera2HWI(  259): set_preview_window : X, rc 0
D/SecCameraCoreManager(  259): startPreview
I/EDMNativeHelperService(  879): isCameraEnabled
D/SecCameraCoreManager(  259): virtual android::status_t android::SecCameraCoreManager::startPreview():start IT Policy checking thread
D/ShotSingle(  259): startPreview
W/QCamera2HWI(  259): get_parameters : E
W/QCamera2HWI(  259): get_parameters : X
W/QCamera2HWI(  259): put_parameters : E
W/QCamera2HWI(  259): put_parameters : X
V/ShotSingle(  259): startPreview(1)
W/QCamera2HWI(  259): [KPI Perf] start_preview: E PROFILE_START_PREVIEW
W/QCamera2HWI(  259): preparePreview: E mCameraId=1
I/QCamera2HWI(  259): cbNotifyRoutine: E
W/QCameraHWI_Mem(  259): alloc: use ION_SYSTEM_HEAP_ID memory: (33554432)
W/QCameraParameters(  259): getFlipMode: No flip mode for stream type 7
W/QCameraParameters(  259): [PARM_DBG] getFlipMode : the filp mode of stream type 7 is 0 .
E/mm-camera(  268): server_process_hal_event:__DBG__ E event id=3
E/mm-camera(  268): server_process_hal_event:__DBG__ X sucess event id=3
E/mm-camera(  268): mct_pipeline_process_set:command=800000a
E/mm-camera(  268): server_process_hal_event:__DBG__ E event id=3
E/mm-camera(  268): server_process_hal_event:__DBG__ X sucess event id=3
E/mm-camera(  268): mct_pipeline_process_set:command=8000012
E/mm-camera(  268): mct_stream_start_link:CAM_STREAM_TYPE_METADATA
E/mm-camera-intf(  259): mm_stream_get_v4l2_fmt: Unknown fmt=78
E/mm-camera(  268): server_process_hal_event:__DBG__ E event id=3
E/mm-camera(  268): server_process_hal_event:__DBG__ X sucess event id=3
E/mm-camera(  268): mct_pipeline_process_set:command=8000004
