D/BatteryMeterView( 1118): ACTION_BATTERY_CHANGED : level:51 status:2 health:2isPlug: true
D/SSRMv3:SsrmController(  879): SIOP:: AP = 290
E/Watchdog(  879): !@Sync 28
D/SSRMv3:SsrmController(  879): SIOP:: AP = 290
D/BatteryService(  879): level:51, scale:100, status:2, health:2, present:true, voltage: 3930, temperature: 299, technology: Li-ion, AC powered:false, USB powered:true, Wireless powered:false, icon:17303690, invalid charger:0, online:4, current avg:0, charge type:1, power sharing:false, high voltage charger:false, capacity:295000, current_now:0
D/BatteryService(  879): Sending ACTION_BATTERY_CHANGED.
D/KeyguardUpdateMonitor( 1118): received broadcast android.intent.action.BATTERY_CHANGED
D/KeyguardUpdateMonitor( 1118): handleBatteryUpdate
D/KeyguardFestivalEffect( 1118): onReceive: android.intent.action.BATTERY_CHANGED
D/STATUSBAR-PhoneStatusBar( 1118):  mBrightnessEnablebySettings = true mBrightnessEnablebyBattery = true mBrightnessEnablebyDisableFlag = true mPmsBrightnessEnablebySettings = true
D/STATUSBAR-IconMerger( 1118): checkOverflow(288), More:false, Req:false Child:2
D/BatteryMeterView( 1118): ACTION_BATTERY_CHANGED : level:51 status:2 health:2isPlug: true
D/FactoryTest( 8418): Not factory mode
D/FactoryTest( 8418): Not factory mode. isFactoryMode() returend false
D/MTPRx   ( 8418): DRIVER_TIME_OUT 60s lapsed
D/MTPRx   ( 8418): still no open session command from host, so toast
W/ContextImpl( 8418): Calling a method in the system process without a qualified user: android.app.ContextImpl.startActivity:1407 android.content.ContextWrapper.startActivity:324 android.content.ContextWrapper.startActivity:324 com.samsung.android.MtpApplication.MtpReceiver$3.handleMessage:765 android.os.Handler.dispatchMessage:102 
W/ContextImpl( 8418): Calling a method in the system process without a qualified user: android.app.ContextImpl.startActivity:1419 android.app.ContextImpl.startActivity:1408 android.content.ContextWrapper.startActivity:324 android.content.ContextWrapper.startActivity:324 com.samsung.android.MtpApplication.MtpReceiver$3.handleMessage:765 
D/CustomFrequencyManagerService(  879): acquireDVFSLockLocked : type : DVFS_MIN_LIMIT  frequency : 1190400  uid : 1000  pid : 879  pkgName : ACTIVITY_RESUME_BOOSTER@4
W/ActivityManager(  879): mDVFSHelper.acquire()
D/Launcher.HomeView( 1346): onPause
D/PhoneStatusBar( 1118): setTransGradationMode=false, mTransparentMode=false, mSemiTransparentMode=false, mMultiWindowMode=false
D/PhoneStatusBar( 1118): checkBarMode(2)
D/KeyguardUpdateMonitor( 1118): sendKeyguardVisibilityChanged(true)
D/MultiSimUtils( 1118): getPinLockRequest() slot1 : mPIN1LockReceived = false, mPIN1LockState = null
D/MultiSimUtils( 1118): getPinLockRequest() slot2 : mPIN2LockReceived = false, mPIN2LockState = null
E/MTPRx   ( 8418): started activity for popup
D/PointerIcon(  879): setMouseIconStyle1 pointerType: 1001iconType:101 flag:0
D/PointerIcon(  879): setMouseCustomIcon IconType is same.101
D/StatusBarManagerService(  879): tr p:1346,o:f
W/dalvikvm( 8418): Refusing to reopen boot DEX '/system/framework/twframework.jar'
W/dalvikvm( 8418): Refusing to reopen boot DEX '/system/framework/com.broadcom.bt.jar'
D/PowerManagerService(  879): setKeyboardVisibility: false
D/KeyguardUpdateMonitor( 1118): sendKeyguardVisibilityChanged(true)
D/MultiSimUtils( 1118): getPinLockRequest() slot1 : mPIN1LockReceived = false, mPIN1LockState = null
D/MultiSimUtils( 1118): getPinLockRequest() slot2 : mPIN2LockReceived = false, mPIN2LockState = null
D/KeyguardUpdateMonitor( 1118): handleKeyguardVisibilityChanged(1)
D/KeyguardUpdateMonitor( 1118): handleKeyguardVisibilityChanged(1)
E/SettingsReceiverActivity( 8418): PREF_DONT_ASK_AGAIN : false
D/SettingsReceiverActivity( 8418): dev.kiessupport is : TRUE
D/Activity( 8418): #1 setTransGradationModeColor false
D/StatusBarManagerService(  879): semi p:8418,o:f
D/PhoneStatusBar( 1118): setSemiTransparentMode=false, mTransparentMode=false, mSemiTransparentMode=false, mMultiWindowMode=false
D/PhoneStatusBar( 1118): checkBarMode(2)
I/SurfaceFlinger(  256): id=151 createSurf (1x1),1 flag=4, TettingsRec
I/SpenGestureManager(  879): setFocusWindow21020
D/KeyguardUpdateMonitor( 1118): sendKeyguardVisibilityChanged(true)
D/MultiSimUtils( 1118): getPinLockRequest() slot1 : mPIN1LockReceived = false, mPIN1LockState = null
D/MultiSimUtils( 1118): getPinLockRequest() slot2 : mPIN2LockReceived = false, mPIN2LockState = null
D/STATUSBAR-StatusBarManagerService(  879): manageDisableList what=0x0 pkg=WindowManager.LayoutParams
D/KeyguardUpdateMonitor( 1118): sendKeyguardVisibilityChanged(true)
D/MultiSimUtils( 1118): getPinLockRequest() slot1 : mPIN1LockReceived = false, mPIN1LockState = null
D/MultiSimUtils( 1118): getPinLockRequest() slot2 : mPIN2LockReceived = false, mPIN2LockState = null
D/PointerIcon(  879): setMouseIconStyle1 pointerType: 1001iconType:101 flag:0
D/PointerIcon(  879): setMouseCustomIcon IconType is same.101
D/KeyguardUpdateMonitor( 1118): handleKeyguardVisibilityChanged(1)
I/Adreno-EGL( 8418): <qeglDrvAPI_eglInitialize:410>: EGL 1.4 QUALCOMM build:  ()
I/Adreno-EGL( 8418): OpenGL ES Shader Compiler Version: E031.24.02.07
I/Adreno-EGL( 8418): Build Date: 11/29/14 Sat
I/Adreno-EGL( 8418): Local Branch: 
I/Adreno-EGL( 8418): Remote Branch: 
I/Adreno-EGL( 8418): Local Patches: 
I/Adreno-EGL( 8418): Reconstruct Branch: 
D/KeyguardUpdateMonitor( 1118): handleKeyguardVisibilityChanged(1)
D/OpenGLRenderer( 8418): Enabling debug mode 0
D/KeyguardUpdateMonitor( 1118): sendKeyguardVisibilityChanged(true)
D/MultiSimUtils( 1118): getPinLockRequest() slot1 : mPIN1LockReceived = false, mPIN1LockState = null
D/MultiSimUtils( 1118): getPinLockRequest() slot2 : mPIN2LockReceived = false, mPIN2LockState = null
D/KeyguardUpdateMonitor( 1118): handleKeyguardVisibilityChanged(1)
D/KeyguardUpdateMonitor( 1118): sendKeyguardVisibilityChanged(true)
D/MultiSimUtils( 1118): getPinLockRequest() slot1 : mPIN1LockReceived = false, mPIN1LockState = null
D/MultiSimUtils( 1118): getPinLockRequest() slot2 : mPIN2LockReceived = false, mPIN2LockState = null
D/KeyguardUpdateMonitor( 1118): handleKeyguardVisibilityChanged(1)
D/KeyguardUpdateMonitor( 1118): sendKeyguardVisibilityChanged(true)
D/MultiSimUtils( 1118): getPinLockRequest() slot1 : mPIN1LockReceived = false, mPIN1LockState = null
D/MultiSimUtils( 1118): getPinLockRequest() slot2 : mPIN2LockReceived = false, mPIN2LockState = null
D/KeyguardUpdateMonitor( 1118): handleKeyguardVisibilityChanged(1)
D/KeyguardUpdateMonitor( 1118): sendKeyguardVisibilityChanged(true)
D/MultiSimUtils( 1118): getPinLockRequest() slot1 : mPIN1LockReceived = false, mPIN1LockState = null
D/MultiSimUtils( 1118): getPinLockRequest() slot2 : mPIN2LockReceived = false, mPIN2LockState = null
D/KeyguardUpdateMonitor( 1118): handleKeyguardVisibilityChanged(1)
D/MultiWindowConverter(  879): This application or window do not support multiwindow
D/KeyguardUpdateMonitor( 1118): sendKeyguardVisibilityChanged(true)
D/MultiSimUtils( 1118): getPinLockRequest() slot1 : mPIN1LockReceived = false, mPIN1LockState = null
D/MultiSimUtils( 1118): getPinLockRequest() slot2 : mPIN2LockReceived = false, mPIN2LockState = null
D/KeyguardUpdateMonitor( 1118): handleKeyguardVisibilityChanged(1)
D/KeyguardUpdateMonitor( 1118): sendKeyguardVisibilityChanged(true)
D/MultiSimUtils( 1118): getPinLockRequest() slot1 : mPIN1LockReceived = false, mPIN1LockState = null
D/MultiSimUtils( 1118): getPinLockRequest() slot2 : mPIN2LockReceived = false, mPIN2LockState = null
D/KeyguardUpdateMonitor( 1118): handleKeyguardVisibilityChanged(1)
D/CustomFrequencyManagerService(  879): releaseDVFSLockLocked : Getting Lock type frm List : DVFS_MIN_LIMIT  frequency : 1190400  uid : 1000  pid : 879  tag : ACTIVITY_RESUME_BOOSTER@4
W/ActivityManager(  879): mDVFSHelper.release()
D/CustomFrequencyManagerService(  879): acquireDVFSLockLocked : type : DVFS_MIN_LIMIT  frequency : 1190400  uid : 1000  pid : 879  pkgName : ACTIVITY_RESUME_BOOSTER@8
D/dalvikvm(  879): GC_CONCURRENT freed 2238K, 18% free 26899K/32744K, paused 6ms+9ms, total 99ms
D/CustomFrequencyManagerService(  879): releaseDVFSLockLocked : Getting Lock type frm List : DVFS_MIN_LIMIT  frequency : 1190400  uid : 1000  pid : 879  tag : ACTIVITY_RESUME_BOOSTER@8
D/KeyguardUpdateMonitor( 1118): received broadcast android.intent.action.TIME_TICK
D/KeyguardUpdateMonitor( 1118): handleTimeUpdate
V/AlarmManager(  879): waitForAlarm result :8
V/AlarmManager(  879): ClockReceiver onReceive() ACTION_TIME_TICK
D/STATUSBAR-IconMerger( 1118): checkOverflow(288), More:false, Req:false Child:2
D/SSRMv3:SsrmController(  879): SIOP:: AP = 290
D/KeyguardUpdateMonitor( 1118): received broadcast android.intent.action.BATTERY_CHANGED
D/KeyguardUpdateMonitor( 1118): handleBatteryUpdate
D/KeyguardFestivalEffect( 1118): onReceive: android.intent.action.BATTERY_CHANGED
D/BatteryService(  879): level:51, scale:100, status:2, health:2, present:true, voltage: 3927, temperature: 299, technology: Li-ion, AC powered:false, USB powered:true, Wireless powered:false, icon:17303690, invalid charger:0, online:4, current avg:0, charge type:1, power sharing:false, high voltage charger:false, capacity:295000, current_now:0
D/BatteryService(  879): Sending ACTION_BATTERY_CHANGED.
D/STATUSBAR-PhoneStatusBar( 1118):  mBrightnessEnablebySettings = true mBrightnessEnablebyBattery = true mBrightnessEnablebyDisableFlag = true mPmsBrightnessEnablebySettings = true
D/STATUSBAR-IconMerger( 1118): checkOverflow(288), More:false, Req:false Child:2
D/BatteryMeterView( 1118): ACTION_BATTERY_CHANGED : level:51 status:2 health:2isPlug: true
D/InputReader(  879): Input event: value=1
I/InputReader(  879): Touch event's action is 0x0 (deviceType=0) [pCnt=1, s=0.434 ] when=874781507000
I/InputDispatcher(  879): Delivering touch to (1118): action: 0x4, toolType: 1
I/InputDispatcher(  879): Delivering touch to (2130): action: 0x4, toolType: 1
I/InputDispatcher(  879): Delivering touch to (8418): action: 0x0, toolType: 1
D/ViewRootImpl( 8418): ViewPostImeInputStage ACTION_DOWN
D/AutoHideHelper( 2130): ###check Single invalid
D/PowerManagerService(  879): [s] UserActivityState : 0 -> 1
D/DisplayPowerController(  879): animation target = 143 (PSM:false, AB limit:(-1 ~ -1) MB Limit:(-1 ~ -1) MAdj:(0, (0, 255)))
D/PowerManagerService(  879): [s] mDisplayPowerControllerCallbacks : onStateChanged()
D/lights  (  879): lcd : 27 +
D/lights  (  879): lcd : 27 -
D/lights  (  879): lcd : 60 +
D/lights  (  879): lcd : 60 -
D/lights  (  879): lcd : 127 +
D/RampAnimator(  879): Light Animator Finished currentValue=143
D/InputReader(  879): Input event: value=0
I/InputReader(  879): Touch event's action is 0x1 (deviceType=0) [pCnt=1, s=] when=874863247000
I/InputDispatcher(  879): Delivering touch to (8418): action: 0x1, toolType: 1
E/SettingsReceiverActivity( 8418): mAlwaysCheck : true
I/SpenGestureManager(  879): setFocusWindow21015
D/KeyguardUpdateMonitor( 1118): sendKeyguardVisibilityChanged(true)
D/MultiSimUtils( 1118): getPinLockRequest() slot1 : mPIN1LockReceived = false, mPIN1LockState = null
D/MultiSimUtils( 1118): getPinLockRequest() slot2 : mPIN2LockReceived = false, mPIN2LockState = null
D/KeyguardUpdateMonitor( 1118): handleKeyguardVisibilityChanged(1)
D/PointerIcon(  879): setMouseIconStyle1 pointerType: 1001iconType:101 flag:0
D/PointerIcon(  879): setMouseCustomIcon IconType is same.101
W/InputMethodManagerService(  879): Window already focused, ignoring focus gain of: com.android.internal.view.IInputMethodClient$Stub$Proxy@42c0f700 attribute=null, token = android.os.BinderProxy@422d53d0
D/lights  (  879): lcd : 127 -
D/lights  (  879): lcd : 143 +
D/STATUSBAR-StatusBarManagerService(  879): manageDisableList what=0x0 pkg=WindowManager.LayoutParams
D/lights  (  879): lcd : 143 -
D/CustomFrequencyManagerService(  879): acquireDVFSLockLocked : type : DVFS_MIN_LIMIT  frequency : 1190400  uid : 1000  pid : 879  pkgName : ACTIVITY_RESUME_BOOSTER@4
W/ActivityManager(  879): mDVFSHelper.acquire()
I/SQLiteSecureOpenHelper( 3474): getWritableDatabase(pwd)
I/SQLiteSecureOpenHelper( 3474): getDatabaseLocked(b,b,pwd)...
D/Launcher( 1346): onResume, Launcher: 1120337824
D/KeyguardUpdateMonitor( 1118): sendKeyguardVisibilityChanged(true)
D/MultiSimUtils( 1118): getPinLockRequest() slot1 : mPIN1LockReceived = false, mPIN1LockState = null
D/MultiSimUtils( 1118): getPinLockRequest() slot2 : mPIN2LockReceived = false, mPIN2LockState = null
D/KeyguardUpdateMonitor( 1118): handleKeyguardVisibilityChanged(1)
D/PowerManagerService(  879): setKeyboardVisibility: false
D/KeyguardUpdateMonitor( 1118): sendKeyguardVisibilityChanged(true)
D/MultiSimUtils( 1118): getPinLockRequest() slot1 : mPIN1LockReceived = false, mPIN1LockState = null
D/MultiSimUtils( 1118): getPinLockRequest() slot2 : mPIN2LockReceived = false, mPIN2LockState = null
D/KeyguardUpdateMonitor( 1118): handleKeyguardVisibilityChanged(1)
D/KeyguardUpdateMonitor( 1118): sendKeyguardVisibilityChanged(true)
D/MultiSimUtils( 1118): getPinLockRequest() slot1 : mPIN1LockReceived = false, mPIN1LockState = null
D/MultiSimUtils( 1118): getPinLockRequest() slot2 : mPIN2LockReceived = false, mPIN2LockState = null
D/KeyguardUpdateMonitor( 1118): handleKeyguardVisibilityChanged(1)
D/Activity( 1346): #1 setTransGradationModeColor false
D/PhoneStatusBar( 1118): setSemiTransparentMode=false, mTransparentMode=false, mSemiTransparentMode=false, mMultiWindowMode=false
D/PhoneStatusBar( 1118): checkBarMode(2)
D/StatusBarManagerService(  879): semi p:1346,o:f
D/Launcher.HomeView( 1346): onResume
D/Launcher( 1346): setSystemUiTransparency.SettingNotFoundException : set as TRUE
D/PhoneStatusBar( 1118): setTransGradationMode=true, mTransparentMode=true, mSemiTransparentMode=false, mMultiWindowMode=false
D/PhoneStatusBar( 1118): checkBarMode(4)
D/MenuAppsGridFragment( 1346): onResume
D/StatusBarManagerService(  879): tr p:1346,o:t
D/KeyguardUpdateMonitor( 1118): sendKeyguardVisibilityChanged(true)
D/MultiSimUtils( 1118): getPinLockRequest() slot1 : mPIN1LockReceived = false, mPIN1LockState = null
D/MultiSimUtils( 1118): getPinLockRequest() slot2 : mPIN2LockReceived = false, mPIN2LockState = null
D/GalleryCacheReady( 4680): Receive : home resume
D/KeyguardUpdateMonitor( 1118): sendKeyguardVisibilityChanged(true)
D/MultiSimUtils( 1118): getPinLockRequest() slot1 : mPIN1LockReceived = false, mPIN1LockState = null
D/MultiSimUtils( 1118): getPinLockRequest() slot2 : mPIN2LockReceived = false, mPIN2LockState = null
D/Mms/UIEventReceiver( 4572): ui event
D/KeyguardUpdateMonitor( 1118): handleKeyguardVisibilityChanged(1)
D/KeyguardUpdateMonitor( 1118): handleKeyguardVisibilityChanged(1)
D/KeyguardUpdateMonitor( 1118): sendKeyguardVisibilityChanged(true)
D/MultiSimUtils( 1118): getPinLockRequest() slot1 : mPIN1LockReceived = false, mPIN1LockState = null
D/MultiSimUtils( 1118): getPinLockRequest() slot2 : mPIN2LockReceived = false, mPIN2LockState = null
D/KeyguardUpdateMonitor( 1118): handleKeyguardVisibilityChanged(1)
I/SurfaceFlinger(  256): id=151 Removed TettingsRec (9/15)
I/SurfaceFlinger(  256): id=151 Removed TettingsRec (-2/15)
D/KeyguardUpdateMonitor( 1118): sendKeyguardVisibilityChanged(true)
D/MultiSimUtils( 1118): getPinLockRequest() slot1 : mPIN1LockReceived = false, mPIN1LockState = null
D/MultiSimUtils( 1118): getPinLockRequest() slot2 : mPIN2LockReceived = false, mPIN2LockState = null
D/KeyguardUpdateMonitor( 1118): handleKeyguardVisibilityChanged(1)
D/KeyguardUpdateMonitor( 1118): sendKeyguardVisibilityChanged(true)
D/MultiSimUtils( 1118): getPinLockRequest() slot1 : mPIN1LockReceived = false, mPIN1LockState = null
D/MultiSimUtils( 1118): getPinLockRequest() slot2 : mPIN2LockReceived = false, mPIN2LockState = null
D/KeyguardUpdateMonitor( 1118): handleKeyguardVisibilityChanged(1)
D/KeyguardUpdateMonitor( 1118): sendKeyguardVisibilityChanged(true)
D/MultiSimUtils( 1118): getPinLockRequest() slot1 : mPIN1LockReceived = false, mPIN1LockState = null
D/MultiSimUtils( 1118): getPinLockRequest() slot2 : mPIN2LockReceived = false, mPIN2LockState = null
D/KeyguardUpdateMonitor( 1118): handleKeyguardVisibilityChanged(1)
D/CustomFrequencyManagerService(  879): releaseDVFSLockLocked : Getting Lock type frm List : DVFS_MIN_LIMIT  frequency : 1190400  uid : 1000  pid : 879  tag : ACTIVITY_RESUME_BOOSTER@4
W/ActivityManager(  879): mDVFSHelper.release()
D/CustomFrequencyManagerService(  879): acquireDVFSLockLocked : type : DVFS_MIN_LIMIT  frequency : 1190400  uid : 1000  pid : 879  pkgName : ACTIVITY_RESUME_BOOSTER@8
D/dalvikvm(  879): GC_CONCURRENT freed 2071K, 19% free 26840K/32744K, paused 3ms+8ms, total 89ms
D/CustomFrequencyManagerService(  879): releaseDVFSLockLocked : Getting Lock type frm List : DVFS_MIN_LIMIT  frequency : 1190400  uid : 1000  pid : 879  tag : ACTIVITY_RESUME_BOOSTER@8
D/SSRMv3:SsrmController(  879): SIOP:: AP = 290
D/KeyguardUpdateMonitor( 1118): received broadcast android.intent.action.BATTERY_CHANGED
D/KeyguardUpdateMonitor( 1118): handleBatteryUpdate
D/KeyguardFestivalEffect( 1118): onReceive: android.intent.action.BATTERY_CHANGED
D/BatteryService(  879): level:51, scale:100, status:2, health:2, present:true, voltage: 3922, temperature: 299, technology: Li-ion, AC powered:false, USB powered:true, Wireless powered:false, icon:17303690, invalid charger:0, online:4, current avg:0, charge type:1, power sharing:false, high voltage charger:false, capacity:295000, current_now:0
D/BatteryService(  879): Sending ACTION_BATTERY_CHANGED.
D/STATUSBAR-PhoneStatusBar( 1118):  mBrightnessEnablebySettings = true mBrightnessEnablebyBattery = true mBrightnessEnablebyDisableFlag = true mPmsBrightnessEnablebySettings = true
D/STATUSBAR-IconMerger( 1118): checkOverflow(288), More:false, Req:false Child:2
D/BatteryMeterView( 1118): ACTION_BATTERY_CHANGED : level:51 status:2 health:2isPlug: true
E/Watchdog(  879): !@Sync 29
D/SSRMv3:SsrmController(  879): SIOP:: AP = 290
E/SmartFaceManager(  879): checkForSmartStay S
D/SmartFaceManager(  879): Sending smart-stay-framecount-reset: to service
E/SecCamera-JNI-Java(  879): SecCamera.open()
E/SecCamera-JNI-Java(  879): SecCamera()
I/EDMNativeHelperService(  879): isCameraEnabled
E/CameraService(  259): orgID: 1 checkingID: 0 seems GOOD
E/CameraService(  259): orgID: 1 checkingID: 1 seems GOOD
W/QCamera2Factory(  259): getCameraInfo: E, camera_id = 1
W/QCamera2Factory(  259): getCameraInfo: X
W/QCamera2Factory(  259): getCameraInfo: E, camera_id = 1
W/QCamera2Factory(  259): getCameraInfo: X
V/MediaPlayer(  259): constructor
V/MediaPlayerService(  259): Create new client(14) from pid 879, uid 1000, 
I/MediaPlayerFactory(  259): Can`t play mp3 and ogg file on NuPlayer , create Awesomeplayer.
V/MediaPlayerService(  259): player type = 3
V/AwesomePlayer(  259): setDefault
V/AwesomePlayer(  259): constructor
V/AwesomePlayer(  259): setDefault
V/AwesomePlayer(  259): reset_l()
V/AwesomePlayer(  259): notifyListner_l() msg (8-MEDIA_STOPPED), ext1 (0), ext2 (0)
V/AwesomePlayer(  259): cancelPlayerEvents (keepNotifications=0)
V/AwesomePlayer(  259): mAudioTrackVector clear
V/AwesomePlayer(  259): reset_l() mAudioPlayer successfully deleted
V/AwesomePlayer(  259): mSecMediaClock clear
V/StagefrightPlayer(  259): StagefrightPlayer
V/AwesomePlayer(  259): setListener
V/StagefrightPlayer(  259): initCheck
V/AwesomePlayer(  259): AwesomePlayer running on behalf of uid 1000
V/AudioSink(  259): AudioOutput(30)
V/AwesomePlayer(  259): setAudioSink
V/AwesomePlayer(  259): reset_l()
V/AwesomePlayer(  259): notifyListner_l() msg (8-MEDIA_STOPPED), ext1 (0), ext2 (0)
V/MediaPlayerService(  259): [14] notify (0xb861e3b0, 8, 0, 0)
V/MediaPlayer(  259): message received msg=8, ext1=0, ext2=0
V/MediaPlayer(  259): notify(8, 0, 0) callback on disconnected mediaplayer
V/AwesomePlayer(  259): cancelPlayerEvents (keepNotifications=0)
V/AwesomePlayer(  259): mAudioTrackVector clear
V/AwesomePlayer(  259): reset_l() mAudioPlayer successfully deleted
V/AwesomePlayer(  259): mSecMediaClock clear
I/AwesomePlayer(  259): setDataSource_l(URL suppressed)
V/MediaPlayerService(  259): [14] setParameter(1604)
V/StagefrightPlayer(  259): setParameter(key=1604)
V/AwesomePlayer(  259): setParameter key (1604)
V/AwesomePlayer(  259): Current Contet PID : 879
V/MediaPlayerService(  259): [14] getParameter(1700)
V/MediaPlayer(  259): MediaPlayer::setAudioStreamType
V/MediaPlayer(  259): prepare
V/MediaPlayerService(  259): [14] setAudioStreamType(7)
V/MediaPlayerService(  259): [14] prepareAsync
V/AwesomePlayer(  259): prepareAsync
D/PowerManagerService(  879): [smart stay] handleSmartStay
E/SmartFaceService(  879): setValue, key: smart-stay-framecount-reset value: 
E/SmartFaceService(  879): register:896055
E/SmartFaceService(  879): register, serviceType(100) pid 879 : system
E/SmartFaceService.Client(  879): New SmartFaceService.Client, service type: 100 pid: 879 appName: system
E/SmartFaceService(  879): mLightIntensityEnough: true mLux: 0.0
D/Stay/Rotation Worker(  879): client added
D/Stay/Rotation Worker(  879): updateClientsDone. def. do nothing.
E/SmartFaceService(  879): Service Type to Worker: 100
E/SmartFaceService(  879): Last Active clients:0 Current Active clients: 1
E/SmartFaceService(  879): Last Smart Pause clients: 0 Current Smart Pause clients: 0
E/SmartFaceService(  879): We have active clients. open camera
E/SmartFaceService(  879): mWakeLock.acquire() in FD
D/SmartFaceIndicator(  879): normal icon
E/CameraController(  879): openCamera S
E/CameraController(  879): sendMessageAndWait, lock.lock before
E/CameraController(  879): sendMessageAndWait, lock.lock after
E/CameraController(  879): handleMessage(1) before lock{ when=0 what=1 arg1=4 target=com.sec.android.smartface.CameraController$EventHandler }
E/CameraController(  879): Wait for 1
E/CameraController(  879): waitHere, condition var. will be used. related lock release and re-acquired after await done.
E/CameraController(  879): handleMessage, lock.lock after
E/CameraController(  879): handleMessage(1) after lock{ when=-1ms what=1 arg1=4 target=com.sec.android.smartface.CameraController$EventHandler }
E/CameraController(  879): isCameraAllowed: true
E/CameraController(  879): open() as 100
V/AwesomePlayer(  259): onPrepareAsyncEvent
I/SecMediaClock(  259): SecMediaClock constructor
I/SecMediaClock(  259): reset
V/AwesomePlayer(  259): finishSetDataSource_l
D/STATUSBAR-IconMerger( 1118): checkOverflow(240), More:false, Req:false Child:2
V/AwesomePlayer(  259): track of type 'audio/vorbis' does not publish bitrate
V/AwesomePlayer(  259): mBitrate = -1 bits/sec
V/AwesomePlayer(  259): current audio track index (0) is added to vector
V/AwesomePlayer(  259): setDataSource_l: Audio(1), Video(0)
I/AwesomePlayer(  259): AwesomePlayer::setDataSource_l():: This is not a DRM content
V/AwesomePlayer(  259): initAudioDecoder
V/AwesomePlayer(  259): checkOffloadExceptions is true
I/OMXCodec(  259): Attempting to allocate OMX node 'OMX.google.vorbis.decoder'
I/OMX     (  259): mDispatchers.add
I/OMXCodec(  259): Successfully allocated OMX node 'OMX.google.vorbis.decoder'
I/AwesomePlayer(  259): Could not offload audio decode, try pcm offload
I/OMXCodec(  259): [OMX.google.vorbis.decoder] OMXCodec::start mState=1
I/OMXCodec(  259): [OMX.google.vorbis.decoder] allocating 4 buffers of size 8192 on input port
I/OMXCodec(  259): [OMX.google.vorbis.decoder] allocating 4 buffers of size 32768 on output port
I/OMXCodec(  259): [OMX.google.vorbis.decoder] Now Idle. Component sends idle done Event 
V/AwesomePlayer(  259): finishAsyncPrepare_l
V/AwesomePlayer(  259): notifyListner_l() msg (200-MEDIA_INFO), ext1 (973), ext2 (0)
V/MediaPlayerService(  259): [14] notify (0xb861e3b0, 200, 973, 0)
V/MediaPlayer(  259): message received msg=200, ext1=973, ext2=0
W/MediaPlayer(  259): info/warning (973, 0)
V/AwesomePlayer(  259): notifyListner_l() msg (5-MEDIA_SET_VIDEO_SIZE), ext1 (0), ext2 (0)
V/MediaPlayerService(  259): [14] notify (0xb861e3b0, 5, 0, 0)
V/MediaPlayer(  259): message received msg=5, ext1=0, ext2=0
V/MediaPlayer(  259): New video size 0 x 0
V/AwesomePlayer(  259): notifyListner_l() msg (1-MEDIA_PREPARED), ext1 (0), ext2 (0)
V/MediaPlayerService(  259): [14] notify (0xb861e3b0, 1, 0, 0)
V/MediaPlayer(  259): message received msg=1, ext1=0, ext2=0
V/MediaPlayer(  259): prepared
V/MediaPlayer(  259): signal application thread
V/MediaPlayer(  259): prepare complete - status=0
V/MediaPlayer(  259): constructor
V/MediaPlayerService(  259): Create new client(15) from pid 879, uid 1000, 
I/MediaPlayerFactory(  259): Can`t play mp3 and ogg file on NuPlayer , create Awesomeplayer.
V/MediaPlayerService(  259): player type = 3
V/AwesomePlayer(  259): setDefault
V/AwesomePlayer(  259): constructor
V/AwesomePlayer(  259): setDefault
V/AwesomePlayer(  259): reset_l()
V/AwesomePlayer(  259): notifyListner_l() msg (8-MEDIA_STOPPED), ext1 (0), ext2 (0)
V/AwesomePlayer(  259): cancelPlayerEvents (keepNotifications=0)
V/AwesomePlayer(  259): mAudioTrackVector clear
V/AwesomePlayer(  259): reset_l() mAudioPlayer successfully deleted
V/AwesomePlayer(  259): mSecMediaClock clear
V/StagefrightPlayer(  259): StagefrightPlayer
V/AwesomePlayer(  259): setListener
V/StagefrightPlayer(  259): initCheck
V/AwesomePlayer(  259): AwesomePlayer running on behalf of uid 1000
V/AudioSink(  259): AudioOutput(31)
V/AwesomePlayer(  259): setAudioSink
V/AwesomePlayer(  259): reset_l()
V/AwesomePlayer(  259): notifyListner_l() msg (8-MEDIA_STOPPED), ext1 (0), ext2 (0)
V/MediaPlayerService(  259): [15] notify (0xb860b1c0, 8, 0, 0)
V/MediaPlayer(  259): message received msg=8, ext1=0, ext2=0
V/MediaPlayer(  259): notify(8, 0, 0) callback on disconnected mediaplayer
V/AwesomePlayer(  259): cancelPlayerEvents (keepNotifications=0)
V/AwesomePlayer(  259): mAudioTrackVector clear
V/AwesomePlayer(  259): reset_l() mAudioPlayer successfully deleted
V/AwesomePlayer(  259): mSecMediaClock clear
I/AwesomePlayer(  259): setDataSource_l(URL suppressed)
V/MediaPlayerService(  259): [15] setParameter(1604)
V/StagefrightPlayer(  259): setParameter(key=1604)
V/AwesomePlayer(  259): setParameter key (1604)
V/AwesomePlayer(  259): Current Contet PID : 879
V/MediaPlayerService(  259): [15] getParameter(1700)
V/MediaPlayer(  259): MediaPlayer::setAudioStreamType
V/MediaPlayer(  259): prepare
V/MediaPlayerService(  259): [15] setAudioStreamType(7)
V/MediaPlayerService(  259): [15] prepareAsync
V/AwesomePlayer(  259): prepareAsync
V/AwesomePlayer(  259): onPrepareAsyncEvent
I/SecMediaClock(  259): SecMediaClock constructor
I/SecMediaClock(  259): reset
V/AwesomePlayer(  259): finishSetDataSource_l
V/AwesomePlayer(  259): track of type 'audio/vorbis' does not publish bitrate
V/AwesomePlayer(  259): mBitrate = -1 bits/sec
V/AwesomePlayer(  259): current audio track index (0) is added to vector
V/AwesomePlayer(  259): setDataSource_l: Audio(1), Video(0)
I/AwesomePlayer(  259): AwesomePlayer::setDataSource_l():: This is not a DRM content
V/AwesomePlayer(  259): initAudioDecoder
V/AwesomePlayer(  259): checkOffloadExceptions is true
I/OMXCodec(  259): Attempting to allocate OMX node 'OMX.google.vorbis.decoder'
I/OMX     (  259): mDispatchers.add
I/OMXCodec(  259): Successfully allocated OMX node 'OMX.google.vorbis.decoder'
I/AwesomePlayer(  259): Could not offload audio decode, try pcm offload
I/OMXCodec(  259): [OMX.google.vorbis.decoder] OMXCodec::start mState=1
I/OMXCodec(  259): [OMX.google.vorbis.decoder] allocating 4 buffers of size 8192 on input port
I/OMXCodec(  259): [OMX.google.vorbis.decoder] allocating 4 buffers of size 32768 on output port
I/OMXCodec(  259): [OMX.google.vorbis.decoder] Now Idle. Component sends idle done Event 
V/AwesomePlayer(  259): finishAsyncPrepare_l
V/AwesomePlayer(  259): notifyListner_l() msg (200-MEDIA_INFO), ext1 (973), ext2 (0)
V/MediaPlayerService(  259): [15] notify (0xb860b1c0, 200, 973, 0)
V/MediaPlayer(  259): message received msg=200, ext1=973, ext2=0
W/MediaPlayer(  259): info/warning (973, 0)
V/AwesomePlayer(  259): notifyListner_l() msg (5-MEDIA_SET_VIDEO_SIZE), ext1 (0), ext2 (0)
V/MediaPlayerService(  259): [15] notify (0xb860b1c0, 5, 0, 0)
V/MediaPlayer(  259): message received msg=5, ext1=0, ext2=0
V/MediaPlayer(  259): New video size 0 x 0
V/AwesomePlayer(  259): notifyListner_l() msg (1-MEDIA_PREPARED), ext1 (0), ext2 (0)
V/MediaPlayerService(  259): [15] notify (0xb860b1c0, 1, 0, 0)
V/MediaPlayer(  259): message received msg=1, ext1=0, ext2=0
V/MediaPlayer(  259): prepared
V/MediaPlayer(  259): signal application thread
V/MediaPlayer(  259): prepare complete - status=0
V/MediaPlayer(  259): constructor
V/MediaPlayerService(  259): Create new client(16) from pid 879, uid 1000, 
I/MediaPlayerFactory(  259): Can`t play mp3 and ogg file on NuPlayer , create Awesomeplayer.
V/MediaPlayerService(  259): player type = 3
V/AwesomePlayer(  259): setDefault
V/AwesomePlayer(  259): constructor
V/AwesomePlayer(  259): setDefault
V/AwesomePlayer(  259): reset_l()
V/AwesomePlayer(  259): notifyListner_l() msg (8-MEDIA_STOPPED), ext1 (0), ext2 (0)
V/AwesomePlayer(  259): cancelPlayerEvents (keepNotifications=0)
V/AwesomePlayer(  259): mAudioTrackVector clear
V/AwesomePlayer(  259): reset_l() mAudioPlayer successfully deleted
V/AwesomePlayer(  259): mSecMediaClock clear
V/StagefrightPlayer(  259): StagefrightPlayer
V/AwesomePlayer(  259): setListener
V/StagefrightPlayer(  259): initCheck
V/AwesomePlayer(  259): AwesomePlayer running on behalf of uid 1000
V/AudioSink(  259): AudioOutput(32)
V/AwesomePlayer(  259): setAudioSink
V/AwesomePlayer(  259): reset_l()
V/AwesomePlayer(  259): notifyListner_l() msg (8-MEDIA_STOPPED), ext1 (0), ext2 (0)
V/MediaPlayerService(  259): [16] notify (0xb863ddb0, 8, 0, 0)
V/MediaPlayer(  259): message received msg=8, ext1=0, ext2=0
V/MediaPlayer(  259): notify(8, 0, 0) callback on disconnected mediaplayer
V/AwesomePlayer(  259): cancelPlayerEvents (keepNotifications=0)
V/AwesomePlayer(  259): mAudioTrackVector clear
V/AwesomePlayer(  259): reset_l() mAudioPlayer successfully deleted
V/AwesomePlayer(  259): mSecMediaClock clear
I/AwesomePlayer(  259): setDataSource_l(URL suppressed)
V/MediaPlayerService(  259): [16] setParameter(1604)
V/StagefrightPlayer(  259): setParameter(key=1604)
V/AwesomePlayer(  259): setParameter key (1604)
V/AwesomePlayer(  259): Current Contet PID : 879
V/MediaPlayerService(  259): [16] getParameter(1700)
V/MediaPlayer(  259): MediaPlayer::setAudioStreamType
V/MediaPlayer(  259): prepare
V/MediaPlayerService(  259): [16] setAudioStreamType(7)
V/MediaPlayerService(  259): [16] prepareAsync
V/AwesomePlayer(  259): prepareAsync
V/AwesomePlayer(  259): onPrepareAsyncEvent
I/SecMediaClock(  259): SecMediaClock constructor
I/SecMediaClock(  259): reset
V/AwesomePlayer(  259): finishSetDataSource_l
V/AwesomePlayer(  259): track of type 'audio/vorbis' does not publish bitrate
V/AwesomePlayer(  259): mBitrate = -1 bits/sec
V/AwesomePlayer(  259): current audio track index (0) is added to vector
V/AwesomePlayer(  259): setDataSource_l: Audio(1), Video(0)
I/AwesomePlayer(  259): AwesomePlayer::setDataSource_l():: This is not a DRM content
V/AwesomePlayer(  259): initAudioDecoder
V/AwesomePlayer(  259): checkOffloadExceptions is true
I/OMXCodec(  259): Attempting to allocate OMX node 'OMX.google.vorbis.decoder'
I/OMX     (  259): mDispatchers.add
I/OMXCodec(  259): Successfully allocated OMX node 'OMX.google.vorbis.decoder'
I/AwesomePlayer(  259): Could not offload audio decode, try pcm offload
I/OMXCodec(  259): [OMX.google.vorbis.decoder] OMXCodec::start mState=1
I/OMXCodec(  259): [OMX.google.vorbis.decoder] allocating 4 buffers of size 8192 on input port
I/OMXCodec(  259): [OMX.google.vorbis.decoder] allocating 4 buffers of size 32768 on output port
I/OMXCodec(  259): [OMX.google.vorbis.decoder] Now Idle. Component sends idle done Event 
V/AwesomePlayer(  259): finishAsyncPrepare_l
V/AwesomePlayer(  259): notifyListner_l() msg (200-MEDIA_INFO), ext1 (973), ext2 (0)
V/MediaPlayerService(  259): [16] notify (0xb863ddb0, 200, 973, 0)
V/MediaPlayer(  259): message received msg=200, ext1=973, ext2=0
W/MediaPlayer(  259): info/warning (973, 0)
V/AwesomePlayer(  259): notifyListner_l() msg (5-MEDIA_SET_VIDEO_SIZE), ext1 (0), ext2 (0)
V/MediaPlayerService(  259): [16] notify (0xb863ddb0, 5, 0, 0)
V/MediaPlayer(  259): message received msg=5, ext1=0, ext2=0
V/MediaPlayer(  259): New video size 0 x 0
V/AwesomePlayer(  259): notifyListner_l() msg (1-MEDIA_PREPARED), ext1 (0), ext2 (0)
V/MediaPlayerService(  259): [16] notify (0xb863ddb0, 1, 0, 0)
V/MediaPlayer(  259): message received msg=1, ext1=0, ext2=0
V/MediaPlayer(  259): prepared
V/MediaPlayer(  259): signal application thread
V/MediaPlayer(  259): prepare complete - status=0
D/SecCameraCoreManager(  259): SecCameraCoreManager created: pid=259, cameraId=1
E/SecCameraCoreManager(  259): !@ cam: CaMeRa(1)
D/SecCameraCoreManager(  259): initialize
I/SecCameraCoreManager(  259): Opening camera 1
W/QCamera2Factory(  259): cameraDeviceOpen : E
I/QCamera2HWI(  259): [KPI Perf] openCamera: E
W/QCamera2HWI(  259): [KPI Perf] openCamera: E PROFILE_OPEN_CAMERA camera id 1
E/mm-camera-intf(  259): mm_camera_open:  begin
E/mm-camera-intf(  259): mm_camera_open: dev name = /dev/video3, cam_idx = 3
E/mm-camera(  268): server_process_hal_event:__DBG__ E event id=1
E/mm-camera(  268): server_process_hal_event: new session __debug__
E/mm-camera(  268): server_process_bind_hal_ds:__DBG__ E
E/mm-camera-sensor(  268): module_sensor_start_session:1036 sensor_bundle = b7c37ad0 session id = 3
E/mm-camera-sensor(  268): module_sensor_init_session:645 func module_sensor_init_session line 645
E/mm-camera-sensor(  268): 
E/mm-camera-sensor(  268): module_sensor_init_session:684 func module_sensor_init_session line 684
E/mm-camera-sensor(  268): 
E/mm-camera-sensor(  268): sensor_load_library:78 s5k5e3yx : load from phone
D/        (  268): open power_setting_rev02 hwrev = 6 
E/        (  268): open lib s5k5e3yx_open_lib
E/mm-camera-sensor(  268): module_sensor_init_session:703 sensor_sd_name=v4l-subdev13 open = 0xb6e14b95
E/mm-camera-sensor(  268): module_sensor_init_session:703 sensor_sd_name= open = 0xb6e18515
E/mm-camera-sensor(  268): module_sensor_init_session:703 sensor_sd_name= open = 0x0
E/mm-camera-sensor(  268): module_sensor_init_session:703 sensor_sd_name= open = 0x0
E/mm-camera-sensor(  268): module_sensor_init_session:703 sensor_sd_name= open = 0x0
E/mm-camera-sensor(  268): module_sensor_init_session:703 sensor_sd_name= open = 0x0
E/mm-camera-sensor(  268): module_sensor_init_session:703 sensor_sd_name=v4l-subdev3 open = 0xb6e202cd
E/mm-camera-sensor(  268): csid_open:111 sd name /dev/v4l-subdev3
E/mm-camera-sensor(  268): module_sensor_init_session:703 sensor_sd_name= open = 0x0
E/mm-camera-sensor(  268): module_sensor_init_session:703 sensor_sd_name=v4l-subdev1 open = 0xb6e1ff8d
E/mm-camera-sensor(  268): csiphy_open:89 csiphy subdev name = /dev/v4l-subdev1
E/mm-camera-sensor(  268): 
E/mm-camera(  268): stats_module_start_session: E, kur sessionid=3, module=0xb7c4cbd0
E/mm-camera(  268): aec_module_start_session E kur module 0xb7c4ccc0 sessionid=196608
E/mm-camera(  268): stats_port_init: E
E/mm-camera(  268): stats_port_init: X
E/mm-camera(  268): cpp_module_start_session:297, info: starting session 3
E/mm-camera-img(  268): module_imglib_msg_thread: __ZZZZ__: E
E/mm-camera-img(  268): module_imglib_msg_thread:66 abort 0 0
E/mm-camera-sensor(  268): module_sensor_init_session:703 sensor_sd_name= open = 0x0
E/mm-camera-sensor(  268): module_sensor_init_session:768 sensor position 1
E/mm-camera-sensor(  268): sensor_init:470 subdev name v4l-subdev13
E/mm-camera(  268): cpp_module_start_session:343, info: cpp_thread created.
E/mm-camera(  268): cpp_thread_func:55: cpp_thread entering the polling loop...
E/mm-camera(  268): cpp_module_start_session:348, info: session 3 started.
E/mm-camera(  268): c2d_module_start_session:218, info: starting session 3
E/mm-camera(  268): c2d_module_start_session:256, info: c2d_thread created.
E/mm-camera(  268): c2d_module_start_session:278, info: session 3 started.
E/mm-camera(  268): c2d_thread_func:39: c2d_thread entering the polling loop...
E/mm-camera-img(  268): module_imglib_msg_thread: __ZZZZ__: E
E/mm-camera-img(  268): module_imglib_msg_thread:66 abort 0 0
E/mm-camera-sensor(  268): sensor_write_init_settings:438 CFG_SET_SENSOR_OTP_CAL:s5k5e3yx, 1
E/mm-camera-sensor(  268): module_sensor_init_session:901 rajeshb in func module_sensor_init_session line 901
E/mm-camera-sensor(  268): 
E/mm-camera-sensor(  268): module_sensor_start_session:1081 func module_sensor_start_session line 1081
E/mm-camera-sensor(  268): 
E/mm-camera(  268): stats_module_set_session: E,kur sessionid=0x3, module=0xb7c4cbd0
E/mm-camera(  268): aec_module_set_session E kur module 0xb7c4ccc0 sessionid=196608
E/mm-camera(  268): aec_load_function: loading QTI front algorithm
E/mm-camera(  268): awb_module_set_session E kur module 0xb7c4cd30 sessionid=196608
E/mm-camera(  268): awb_port_load_lib: loading AL or QTI AWB: session = 0x30000, session_id = 3
E/mm-camera(  268): awb_load_function: loading QTI front algorithm
D/alPrinter(  268): AWBVersion
D/alPrinter(  268):     AWB Inst   4.4.0.2914  :R 
D/alPrinter(  268):     Date:9999/99/99(2014/12/12 11:08)
D/alPrinter(  268): AwbVersion
D/alPrinter(  268):     Awb core  e7 1.4.12.719 e7 :R(M) 
D/alPrinter(  268):     Date:9999/99/99(2015/01/02 16:49)
D/alPrinter(  268): AwbVersion
D/alPrinter(  268):     Awb Sp  e7 1.4.12.719 e7 :R(M) 
D/alPrinter(  268):     Date:9999/99/99(2015/01/02 16:49)
E/mm-camera(  268): af_module_set_session E kur module 0xb7c4cda0 sessionid=196608
E/AF_PORT (  268): af_port_load_lib: loading QTI AF: session = 0x30000, session_id = 3
E/AF_PORT (  268): af_port_load_lib: loading QTI AF init [no-algo]
E/mm-camera(  268): server_process_hal_event:__DBG__ X sucess event id=1
E/mm-camera-intf(  259): mm_camera_open:  opened, break out while loop
E/mm-camera-intf(  259): mm_camera_socket_create: socket_fd =37
E/qomx_image_core(  259): OMX_Init:94] Complete 2
I/Thermal-Lib(  259): Thermal-Lib-Client: Registraion successful for camera with handle:1
I/Thermal-Lib(  259): Thermal-Lib-Client: Registraion successful for camcorder with handle:2
W/QCameraHWI_Mem(  259): alloc: use ION_SYSTEM_HEAP_ID memory: (33554432)
I/QCameraParameters(  259): initDefaultParameters: supported preview sizes: 1920x1080,1440x1080,1280x720,1056x864,960x720,960x540,880x720,720x720,720x540,720x480,640x480,528x432,352x288,320x240,176x144
I/QCameraParameters(  259): set Default prview sizes : 1920x1080
I/QCameraParameters(  259): initDefaultParameters: supported video sizes: 1920x1080,1440x1080,1280x720,960x720,800x450,720x480,640x480,352x288,320x240,176x144
I/QCameraParameters(  259): initDefaultParameters: supported live snapshot sizes: 2576x1932,2560x1440,2048x1536,2048x1152,1920x1080,1600x1200,1440x1080,1280x768,1280x720,1024x768,800x600,800x480,800x450,720x480,640x480,352x288,320x240
W/QCameraParameters(  259): [PARM_DBG] Setting focus mode fixed
W/QCameraParameters(  259): [PARM_DBG] setAutoExposure: Setting auto exposure center
E/QCameraParameters(  259): setExposureCompensation : Setting Exposure Compensation = 0 
E/QCameraParameters(  259):  
W/QCameraParameters(  259): [PARM_DBG] Antibanding value from CSC = [50hz]
W/QCameraParameters(  259): [PARM_DBG] zoom_level = 0
W/QCameraParameters(  259): [PARM_DBG] Denoise enable=1, plates=0
W/QCameraParameters(  259): [PARM_DBG] m_bVisionMode = 0
E/mm-camera(  268): server_process_hal_event:__DBG__ E event id=3
E/mm-camera(  268): server_process_hal_event:__DBG__ X sucess event id=3
E/mm-camera(  268): mct_pipeline_process_set:command=800000e
I/ThermalEngine(  270): Thermal-Server: Adding thermal event listener on fd 9
I/Thermal-Lib(  259): Thermal-Lib-Client: Client received msg camera 0
W/QCamera2HWI(  259): thermalEvtHandle: level = 0, userdata = 0x0, data = 0x0
E/QCameraStateMachine(  259): procEvtPreviewStoppedState: cannot handle evt(31) in state(0)
I/Thermal-Lib(  259): Thermal-Lib-Client: Client received msg camcorder 0
W/QCamera2HWI(  259): thermalEvtHandle: level = 0, userdata = 0x0, data = 0x0
E/QCameraStateMachine(  259): procEvtPreviewStoppedState: cannot handle evt(31) in state(0)
W/QCameraParameters(  259): [PARM_DBG] setNumOfSnapshot : nBurstNum = 1, nExpnum = 1
W/QCamera2HWI(  259): [KPI Perf] openCamera: X
I/QCamera2HWI(  259): [KPI Perf] openCamera: X
W/QCamera2Factory(  259): cameraDeviceOpen : X
I/ShotCommon(  259): ShotCommon created: pid=259
W/QCamera2HWI(  259): get_parameters : E
W/QCamera2HWI(  259): get_parameters : X
W/QCamera2HWI(  259): put_parameters : E
W/QCamera2HWI(  259): put_parameters : X
I/ShotCommon(  259): Preview width(1920), height(1080)
I/ShotCommon(  259): Preview color format [yuv420sp]
I/ShotCommon(  259): Picture width(2576), height(1932)
I/ShotCommon(  259): Picture color format [jpeg]
W/QCamera2HWI(  259): enable_msg_type : E, msg type 3085
W/QCamera2HWI(  259): enable_msg_type : X
I/ShotSingle(  259): ShotSingle created: pid=259
W/QCamera2HWI(  259): send_command : unsupported cmd = 1515 doesn't need to use state machine!
W/QCamera2HWI(  259): enable_msg_type : E, msg type 3085
W/QCamera2HWI(  259): enable_msg_type : X
D/SecCameraCoreManager(  259): setCallbacks
V/ShotSingle(  259): setCallbacks(1)
W/QCamera2HWI(  259): set_CallBacks : E
W/QCamera2HWI(  259): set_CallBacks : X
D/SecCameraCoreManager(  259): enableMsgType: 0xc0d
W/QCamera2HWI(  259): enable_msg_type : E, msg type 3085
W/QCamera2HWI(  259): enable_msg_type : X
W/QCamera2Factory(  259): getCameraInfo: E, camera_id = 1
W/QCamera2Factory(  259): getCameraInfo: X
D/SecCameraCoreManager(  259): getParameters
W/QCamera2HWI(  259): get_parameters : E
W/QCamera2HWI(  259): get_parameters : X
W/QCamera2HWI(  259): put_parameters : E
W/QCamera2HWI(  259): put_parameters : X
E/CameraController(  879): open() x
E/CameraController(  879): Preview need to be rotated counter clock-wise 90 degree.
E/CameraController(  879): setCamreaParameter with mode: 1 service_type: 100
I/QCamera2HWI(  259): cbNotifyRoutine: E
V/ShotSingle(  259): setParameters(1)
W/QCamera2HWI(  259): [KPI Perf] set_parameters: E
W/QCameraParameters(  259): updateParameters : E - mCameraId=1, line=4154
W/QCameraParameters(  259): [FW_DBG] setFirmwareMode: none
W/QCameraParameters(  259): [PARM_DBG] Requested preview size 320 x 240
W/QCameraParameters(  259): [PARM_DBG] checkVDIS_PREVIEW: VDIS TYPE = 0
W/QCameraParameters(  259): [PARM_DBG] Requested video size 1920 x 1080
W/QCameraParameters(  259): [PARM_DBG] checkVDIS_VIDEO: VDIS TYPE = 1
W/QCameraParameters(  259): [PARM_DBG] Requested picture size 2576 x 1932
W/QCameraParameters(  259): [PARM_DBG] requested jpeg thumbnail size 512 x 288
W/QCameraParameters(  259): [PARM_DBG] set optimal jpeg thumbnail size 512 x 384
W/QCameraParameters(  259): [PARM_DBG] m_bNoDisplayMode = 1
W/QCameraParameters(  259): [PARM_DBG] dualrecording-hint : 0 m_FaceAE=1 Camera ID=1
E/QCameraParameters(  259): setZslMode : VtMode=3, m_bVisionMode=0, ZSL OFF
W/QCameraParameters(  259): [PARM_DBG] prev_val = off
W/QCameraParameters(  259): [PARM_DBG] str_val = off
I/QCameraParameters(  259): [PARM_DBG] Requested FpsRange Values:(15000, 30000)
I/QCameraParameters(  259): [PARM_DBG] FPS i=3 : minFps = 15000, maxFps = 30000 
W/QCameraParameters(  259): [PARM_DBG] flash mode = off
W/QCameraParameters(  259): [PARM_DBG] AEC lock = false
W/QCameraParameters(  259): [PARM_DBG] AWB lock = false
W/QCameraParameters(  259): [PARM_DBG] mHdrMode 0 mTakeLowlight 0
W/QCameraParameters(  259): [PARM_DBG] live snapshot size 2576 x 1932
W/QCameraParameters(  259): updateParameters : X - mCameraId=1, final_rc=0, line=4283
E/CameraController(  879): Preview Size Is Not Supported (maybe auto-mode). Auto-Select
E/CameraController(  879): Front Camera Support 320, 240 preview
E/mm-camera(  268): server_process_hal_event:__DBG__ E event id=3
E/mm-camera(  268): server_process_hal_event:__DBG__ X sucess event id=3
E/mm-camera(  268): mct_pipeline_process_set:command=800000e
W/QCameraParameters(  259): [PARM_DBG] setNumOfSnapshot : nBurstNum = 1, nExpnum = 1
W/QCamera2HWI(  259): [KPI Perf] set_parameters : X, ret 0
D/SecCameraCoreManager(  259): enableMsgType: 0x10
W/QCamera2HWI(  259): enable_msg_type : E, msg type 16
W/QCamera2HWI(  259): enable_msg_type : X
D/SecCameraCoreManager(  259): previewEnabled
W/QCamera2HWI(  259): preview_enabled: E
W/QCamera2HWI(  259): preview_enabled: X, ret 0
D/SecCameraCoreManager(  259): setPreviewWindow
W/QCamera2HWI(  259): set_preview_window : E
W/QCamera2HWI(  259): set_preview_window : X, rc 0
D/SecCameraCoreManager(  259): startPreview
I/EDMNativeHelperService(  879): isCameraEnabled
D/SecCameraCoreManager(  259): virtual android::status_t android::SecCameraCoreManager::startPreview():start IT Policy checking thread
D/ShotSingle(  259): startPreview
W/QCamera2HWI(  259): get_parameters : E
W/QCamera2HWI(  259): get_parameters : X
W/QCamera2HWI(  259): put_parameters : E
W/QCamera2HWI(  259): put_parameters : X
V/ShotSingle(  259): startPreview(1)
W/QCamera2HWI(  259): [KPI Perf] start_preview: E PROFILE_START_PREVIEW
W/QCamera2HWI(  259): preparePreview: E mCameraId=1
W/QCameraHWI_Mem(  259): alloc: use ION_SYSTEM_HEAP_ID memory: (33554432)
W/QCameraParameters(  259): getFlipMode: No flip mode for stream type 7
W/QCameraParameters(  259): [PARM_DBG] getFlipMode : the filp mode of stream type 7 is 0 .
E/mm-camera(  268): server_process_hal_event:__DBG__ E event id=3
E/mm-camera(  268): server_process_hal_event:__DBG__ X sucess event id=3
E/mm-camera(  268): mct_pipeline_process_set:command=800000a
E/mm-camera(  268): server_process_hal_event:__DBG__ E event id=3
E/mm-camera(  268): server_process_hal_event:__DBG__ X sucess event id=3
E/mm-camera(  268): mct_pipeline_process_set:command=8000012
E/mm-camera(  268): mct_stream_start_link:CAM_STREAM_TYPE_METADATA
E/mm-camera-intf(  259): mm_stream_get_v4l2_fmt: Unknown fmt=78
E/mm-camera(  268): server_process_hal_event:__DBG__ E event id=3
E/mm-camera(  268): server_process_hal_event:__DBG__ X sucess event id=3
E/mm-camera(  268): mct_pipeline_process_set:command=8000004
W/QCameraHWI_Mem(  259): alloc: use ION_SYSTEM_HEAP_ID memory: (33554432)
E/QCamera2HWI(  259): [BeautyShot_dbg] getBufNumRequired =6
W/QCameraParameters(  259): [PARM_DBG] getFlipMode : the filp mode of stream type 1 is 0 .
E/QCamera2HWI(  259): [BeautyShot_dbg] getBufNumRequired =6
E/mm-camera(  268): server_process_hal_event:__DBG__ E event id=3
E/mm-camera(  268): server_process_hal_event:__DBG__ X sucess event id=3
E/mm-camera(  268): mct_pipeline_process_set:command=800000a
E/mm-camera(  268): server_process_hal_event:__DBG__ E event id=3
E/mm-camera(  268): server_process_hal_event:__DBG__ X sucess event id=3
E/mm-camera(  268): mct_pipeline_process_set:command=8000012
E/mm-camera(  268): mct_stream_start_link: PREVIEW
E/mm-camera(  268): mct_stream_check_name:mod=sensor, name=sensor
E/mm-camera(  268): mct_stream_get_module: module: 0xb7c36e60
E/mm-camera(  268): mct_stream_start_link: sensor=0xb7c336c8
E/mm-camera(  268): mct_stream_check_name:mod=sensor, name=iface
E/mm-camera(  268): mct_stream_check_name:mod=iface, name=iface
E/mm-camera(  268): mct_stream_get_module: module: 0xb7c4a4d0
E/mm-camera(  268): mct_stream_check_name:mod=sensor, name=isp
E/mm-camera(  268): mct_stream_check_name:mod=iface, name=isp
E/mm-camera(  268): mct_stream_check_name:mod=isp, name=isp
E/mm-camera(  268): mct_stream_get_module: module: 0xb7c4cba8
E/mm-camera(  268): mct_stream_check_name:mod=sensor, name=stats
E/mm-camera(  268): mct_stream_check_name:mod=iface, name=stats
E/mm-camera(  268): mct_stream_check_name:mod=isp, name=stats
E/mm-camera(  268): mct_stream_check_name:mod=stats, name=stats
E/mm-camera(  268): mct_stream_get_module: module: 0xb7c4d0a8
E/mm-camera(  268): mct_stream_check_name:mod=sensor, name=pproc
E/mm-camera(  268): mct_stream_check_name:mod=iface, name=pproc
E/mm-camera(  268): mct_stream_check_name:mod=isp, name=pproc
E/mm-camera(  268): mct_stream_check_name:mod=stats, name=pproc
E/mm-camera(  268): mct_stream_check_name:mod=pproc, name=pproc
E/mm-camera(  268): mct_stream_get_module: module: 0xb7c4fc30
E/mm-camera(  268): mct_stream_check_name:mod=sensor, name=faceproc
E/mm-camera(  268): mct_stream_check_name:mod=iface, name=faceproc
E/mm-camera(  268): mct_stream_check_name:mod=isp, name=faceproc
E/mm-camera(  268): mct_stream_check_name:mod=stats, name=faceproc
E/mm-camera(  268): mct_stream_check_name:mod=pproc, name=faceproc
E/mm-camera(  268): mct_stream_check_name:mod=faceproc, name=faceproc
E/mm-camera(  268): mct_stream_get_module: module: 0xb7c4fde0
E/mm-camera(  268): pproc_port_sink_check_caps_reserve:823] error because caps Type:1 not supported.
E/mm-camera(  268): pproc_port_sink_check_caps_reserve:823] error because caps Type:1 not supported.
E/mm-camera(  268): pproc_port_sink_check_caps_reserve:823] error because caps Type:1 not supported.
E/mm-camera(  268): pproc_port_sink_check_caps_reserve:823] error because caps Type:1 not supported.
E/mm-camera(  268): pproc_port_sink_check_caps_reserve:823] error because caps Type:1 not supported.
E/mm-camera(  268): pproc_port_sink_check_caps_reserve:823] error because caps Type:1 not supported.
E/mm-camera(  268): pproc_port_sink_check_caps_reserve:823] error because caps Type:1 not supported.
E/mm-camera(  268): pproc_port_sink_check_caps_reserve:823] error because caps Type:1 not supported.
E/mm-camera(  268): pproc_port_sink_check_caps_reserve:823] error because caps Type:1 not supported.
E/mm-camera(  268): pproc_port_sink_check_caps_reserve:823] error because caps Type:1 not supported.
E/mm-camera(  268): pproc_port_sink_check_caps_reserve:823] error because caps Type:1 not supported.
E/mm-camera(  268): pproc_port_sink_check_caps_reserve:823] error because caps Type:1 not supported.
