E/mm-camera(  268): pproc_port_sink_check_caps_reserve:823] error because caps Type:1 not supported.
E/mm-camera(  268): pproc_port_sink_check_caps_reserve:823] error because caps Type:1 not supported.
E/mm-camera(  268): pproc_port_sink_check_caps_reserve:823] error because caps Type:1 not supported.
E/mm-camera(  268): pproc_port_sink_check_caps_reserve:823] error because caps Type:1 not supported.
E/mm-camera(  268): pproc_port_create_stream_topology:469] feature mask 0x0 0x0
E/mm-camera(  268): cpp_port_check_caps_reserve:77, identity=0x30002
E/mm-camera(  268): cpp_port_check_caps_reserve:143, identity=0x30002, reserved
E/mm-camera(  268): cpp_module_set_output_duplication_flag:613, current stream w=320, h=240, st=320, sc=240, fmt=1, identity=0x30002
E/mm-camera(  268): cpp_module_set_output_duplication_flag:617, info: no linked stream
E/mm-camera(  268): cpp_module_notify_add_stream:1290, info: success, identity=0x30002
E/mm-camera(  268): cpp_port_check_caps_reserve:77, identity=0x30002
E/mm-camera(  268): cpp_port_check_caps_reserve:143, identity=0x30002, reserved
E/mm-camera(  268): module_faceproc_client_create:1409] Face proc feature mask 2a 0
E/mm-camera(  268): afd_port_check_caps_reserve: X
E/mm-camera(  268): asd_port_check_caps_reserve: E
E/mm-camera(  268): asd_port_check_caps_reserve: X
E/mm-camera(  268): q3a_port_event: Stream type change event received!
I/EDMNativeHelperService(  879): isCameraEnabled
E/mm-camera(  268): mct_pipeline_send_ctrl_events: Send Set Parm events
E/mm-camera(  268): pproc_port_sink_event:1306, MCT_EVENT_CONTROL_SET_PARM
E/mm-camera(  268): pproc_port_sink_event:1306, MCT_EVENT_CONTROL_SET_PARM
E/mm-camera(  268): pproc_port_sink_event:1306, MCT_EVENT_CONTROL_SET_PARM
E/mm-camera(  268): pproc_port_sink_event:1306, MCT_EVENT_CONTROL_SET_PARM
E/mm-camera(  268): pproc_port_sink_event:1306, MCT_EVENT_CONTROL_SET_PARM
E/mm-camera(  268): pproc_port_sink_event:1306, MCT_EVENT_CONTROL_SET_PARM
E/mm-camera(  268): pproc_port_sink_event:1306, MCT_EVENT_CONTROL_SET_PARM
E/mm-camera(  268): Fail,cpphw=0xb7c4d258, hw_params=0xb7d598a0, chromatix_ptr=0x0, trigger=0xb7cd0424
E/mm-camera(  268): pproc_port_sink_event:1306, MCT_EVENT_CONTROL_SET_PARM
E/mm-camera(  268): pproc_port_sink_event:1306, MCT_EVENT_CONTROL_SET_PARM
E/mm-camera(  268): pproc_port_sink_event:1306, MCT_EVENT_CONTROL_SET_PARM
E/mm-camera(  268): Fail,cpphw=0xb7c4d258, hw_params=0xb7d598a0, chromatix_ptr=0x0, trigger=0xb7cd0424
E/mm-camera(  268): pproc_port_sink_event:1306, MCT_EVENT_CONTROL_SET_PARM
E/mm-camera(  268): pproc_port_sink_event:1306, MCT_EVENT_CONTROL_SET_PARM
E/mm-camera(  268): pproc_port_sink_event:1306, MCT_EVENT_CONTROL_SET_PARM
E/mm-camera(  268): pproc_port_sink_event:1306, MCT_EVENT_CONTROL_SET_PARM
E/mm-camera(  268): cpp_module_util_get_asf_wnr_params:518 chromatix NULL
E/mm-camera(  268): pproc_port_sink_event:1306, MCT_EVENT_CONTROL_SET_PARM
E/mm-camera(  268): pproc_port_sink_event:1306, MCT_EVENT_CONTROL_SET_PARM
E/mm-camera(  268): pproc_port_sink_event:1306, MCT_EVENT_CONTROL_SET_PARM
E/mm-camera(  268): pproc_port_sink_event:1306, MCT_EVENT_CONTROL_SET_PARM
E/mm-camera(  268): stats_port_proc_downstream_set_parm touch co-ordinates sent x: 0 ,y: 0
E/mm-camera(  268): pproc_port_sink_event:1306, MCT_EVENT_CONTROL_SET_PARM
E/mm-camera(  268): pproc_port_sink_event:1306, MCT_EVENT_CONTROL_SET_PARM
E/mm-camera(  268): pproc_port_sink_event:1306, MCT_EVENT_CONTROL_SET_PARM
E/mm-camera(  268): pproc_port_sink_event:1306, MCT_EVENT_CONTROL_SET_PARM
E/mm-camera(  268): pproc_port_sink_event:1306, MCT_EVENT_CONTROL_SET_PARM
E/mm-camera(  268): pproc_port_sink_event:1306, MCT_EVENT_CONTROL_SET_PARM
E/mm-camera(  268): pproc_port_sink_event:1306, MCT_EVENT_CONTROL_SET_PARM
E/mm-camera(  268): pproc_port_sink_event:1306, MCT_EVENT_CONTROL_SET_PARM
E/mm-camera(  268): pproc_port_sink_event:1306, MCT_EVENT_CONTROL_SET_PARM
E/mm-camera(  268): isp_set_hal_param: CAM_INTF_PARM_LIVE_FRAMEWORK
E/mm-camera(  268): isp_util_set_live_framework: mode : -1211346584
E/mm-camera(  268): isp_util_save_live_framework: aswoogi (0)
E/mm-camera(  268): pproc_port_sink_event:1306, MCT_EVENT_CONTROL_SET_PARM
E/mm-camera(  268): stats_port_proc_downstream_set_parm pip recording hint value: 0
E/mm-camera(  268): pproc_port_sink_event:1306, MCT_EVENT_CONTROL_SET_PARM
E/mm-camera-sensor(  268): sensor_set_vision_mode:622 vision mode not supported
E/mm-camera(  268): pproc_port_sink_event:1306, MCT_EVENT_CONTROL_SET_PARM
E/mm-camera(  268): server_process_hal_event:__DBG__ E event id=3
E/mm-camera(  268): server_process_hal_event:__DBG__ X sucess event id=3
E/mm-camera(  268): mct_pipeline_process_set:command=8000004
W/QCamera2HWI(  259): preparePreview: X mCameraId=1
W/QCamera2HWI(  259): startPreview: E mCameraId=1
W/QCamera2HWI(  259): skip 8 frames in Front camera 
W/QCameraChannel(  259): QCameraChannel::start(): bundleInfo.num_of_streams=1
W/QCameraStream(  259): getBufs: [MEM_DBG] Enter: mDynBufAlloc: 0
W/QCameraHWI_Mem(  259): alloc: use ION_SYSTEM_HEAP_ID memory: (33554432)
W/QCameraHWI_Mem(  259): alloc: use ION_SYSTEM_HEAP_ID memory: (33554432)
W/QCameraHWI_Mem(  259): alloc: use ION_SYSTEM_HEAP_ID memory: (33554432)
W/QCameraHWI_Mem(  259): alloc: use ION_SYSTEM_HEAP_ID memory: (33554432)
W/QCameraHWI_Mem(  259): alloc: use ION_SYSTEM_HEAP_ID memory: (33554432)
W/QCameraHWI_Mem(  259): alloc: use ION_SYSTEM_HEAP_ID memory: (33554432)
W/QCameraHWI_Mem(  259): alloc: use ION_SYSTEM_HEAP_ID memory: (33554432)
W/QCameraHWI_Mem(  259): alloc: use ION_SYSTEM_HEAP_ID memory: (33554432)
W/QCameraHWI_Mem(  259): alloc: use ION_SYSTEM_HEAP_ID memory: (33554432)
W/QCameraHWI_Mem(  259): alloc: use ION_SYSTEM_HEAP_ID memory: (33554432)
W/QCameraHWI_Mem(  259): alloc: use ION_SYSTEM_HEAP_ID memory: (33554432)
W/QCameraHWI_Mem(  259): alloc: use ION_SYSTEM_HEAP_ID memory: (33554432)
W/QCameraHWI_Mem(  259): alloc: use ION_SYSTEM_HEAP_ID memory: (33554432)
W/QCameraHWI_Mem(  259): alloc: use ION_SYSTEM_HEAP_ID memory: (33554432)
W/QCameraHWI_Mem(  259): alloc: use ION_SYSTEM_HEAP_ID memory: (33554432)
W/QCameraHWI_Mem(  259): alloc: use ION_SYSTEM_HEAP_ID memory: (33554432)
W/QCameraHWI_Mem(  259): alloc: use ION_SYSTEM_HEAP_ID memory: (33554432)
W/QCameraHWI_Mem(  259): alloc: use ION_SYSTEM_HEAP_ID memory: (33554432)
W/QCameraHWI_Mem(  259): alloc: use ION_SYSTEM_HEAP_ID memory: (33554432)
W/QCameraHWI_Mem(  259): alloc: use ION_SYSTEM_HEAP_ID memory: (33554432)
E/CameraController(  879): StartPreview()
W/QCameraStream(  259): getBufs: [MEM_DBG] frame_len: 286420, numBufAlloc: 20
W/QCameraStream(  259): getBufs: [MEM_DBG] All mNumBufs: 20
W/QCameraStream(  259): getBufs: [MEM_DBG] MEMORY ALLOC TIME : 2ms
W/QCameraStream(  259): getBufs: [MEM_DBG] Exit: mDynBufAlloc: 0
E/mm-camera-intf(  259): mm_stream_request_buf: buf_num = 20, stream type = 7
E/mm-camera-intf(  259): mm_stream_streamon: E, my_handle = 0x1300, fd = 51, state = 6
E/mm-camera(  268): server_process_hal_event:__DBG__ E event id=3
E/mm-camera(  268): server_process_hal_event:__DBG__ X sucess event id=3
E/mm-camera(  268): mct_pipeline_process_set:command=8000008
E/mm-camera(  268): mct_pipeline_process_set: stream_type = 7
E/mm-camera(  268): mct_stream_metabuf_find_bfr_mngr_subdev:579 Done enumerating media entities
W/QCameraStream(  259): getBufs: [MEM_DBG] Enter: mDynBufAlloc: 0
W/QCameraHWI_Mem(  259): alloc: use ION_SYSTEM_HEAP_ID memory: (33554432)
W/QCameraHWI_Mem(  259): alloc: use ION_SYSTEM_HEAP_ID memory: (33554432)
W/QCameraHWI_Mem(  259): alloc: use ION_SYSTEM_HEAP_ID memory: (33554432)
W/QCameraHWI_Mem(  259): alloc: use ION_SYSTEM_HEAP_ID memory: (33554432)
W/QCameraHWI_Mem(  259): alloc: use ION_SYSTEM_HEAP_ID memory: (33554432)
W/QCameraHWI_Mem(  259): alloc: use ION_SYSTEM_HEAP_ID memory: (33554432)
W/QCameraStream(  259): getBufs: [MEM_DBG] frame_len: 118784, numBufAlloc: 6
W/QCameraStream(  259): getBufs: [MEM_DBG] All mNumBufs: 6
W/QCameraStream(  259): getBufs: [MEM_DBG] MEMORY ALLOC TIME : 0ms
E/mm-camera(  268): mct_stream_create_buffers: plane idx = 0, offset 0, stride 320, scanline = 240
E/mm-camera(  268): mct_stream_create_buffers: plane idx = 1, offset 0, stride 320, scanline = 120
E/mm-camera(  268): mct_stream_create_buffers: plane idx = 0, offset 0, stride 320, scanline = 240
E/mm-camera(  268): mct_stream_create_buffers: plane idx = 1, offset 0, stride 320, scanline = 120
E/mm-camera(  268): mct_stream_create_buffers: plane idx = 0, offset 0, stride 320, scanline = 240
E/mm-camera(  268): mct_stream_create_buffers: plane idx = 1, offset 0, stride 320, scanline = 120
E/mm-camera(  268): mct_stream_create_buffers: plane idx = 0, offset 0, stride 320, scanline = 240
E/mm-camera(  268): mct_stream_create_buffers: plane idx = 1, offset 0, stride 320, scanline = 120
E/mm-camera(  268): mct_stream_create_buffers: plane idx = 0, offset 0, stride 320, scanline = 240
E/mm-camera(  268): mct_stream_create_buffers: plane idx = 1, offset 0, stride 320, scanline = 120
E/mm-camera(  268): mct_stream_create_buffers: plane idx = 0, offset 0, stride 320, scanline = 240
E/mm-camera(  268): mct_stream_create_buffers: plane idx = 1, offset 0, stride 320, scanline = 120
W/QCameraStream(  259): getBufs: [MEM_DBG] Exit: mDynBufAlloc: 0
E/mm-camera-intf(  259): mm_stream_request_buf: buf_num = 6, stream type = 1
E/mm-camera-intf(  259): mm_stream_streamon: E, my_handle = 0x1401, fd = 54, state = 6
E/mm-camera(  268): server_process_hal_event:__DBG__ E event id=3
E/mm-camera(  268): server_process_hal_event:__DBG__ X sucess event id=3
E/mm-camera(  268): mct_pipeline_process_set:command=8000008
E/mm-camera(  268): mct_pipeline_process_set: stream_type = 1
E/mm-camera-sensor(  268): module_sensor_stream_on:1961 ide 30002 SENSOR_START_STREAM
E/mm-camera-sensor(  268): module_sensor_is_ready_for_stream_on:1223 s_bundle->stream_on_count 0
E/mm-camera-sensor(  268): module_sensor_is_ready_for_stream_on:1224 is_bundle_started 0
E/mm-camera-sensor(  268): modules_sensor_set_new_resolution:309 SENSOR_SET_RESOLUTION 320*240 mask 2
E/mm-camera-sensor(  268): sensor_set_resolution:2357 width 320, height 240
E/mm-camera-sensor(  268): sensor_set_resolution:2359 stream mask 2 hfr mode 0 fps 30.000000
E/mm-camera-sensor(  268): sensor_pick_resolution:1965 requested aspect ratio 133
E/mm-camera-sensor(  268): sensor_set_resolution:2434 
E/mm-camera-sensor(  268): sensor_set_resolution:2437 current_fps_div 1024
E/mm-camera-sensor(  268): sensor_get_resolution_info:2893 skip 1 frames
E/mm-camera-sensor(  268): 
E/mm-camera(  268): receive MCT_EVENT_MODULE_SET_STREAM_CONFIG
E/mm-camera(  268): ispif_util_dump_sensor_cfg: sensor dim: width = 2576, heght = 1932, fmt = 28, is_bayer = 1
E/mm-camera(  268): ispif_util_dump_sensor_cfg: camif_crop: first_pix = 0, last_pix = 2575, first_line = 0, last_line = 1931, max_fps = 30
E/mm-camera(  268): ispif_sink_port_config <-----
E/mm-camera(  268): reserve_camif_resource: is_ispif = 1, sess_idx = 0, fps = 30, num_isps = 1 op clk: 179551800
E/mm-camera(  268): isp_sink_port_stream_config: E, session_id = 3, stream_id = 2, stream_type = 1
E/mm-camera(  268): isp_sink_port_stream_config: session_id = 3, stream_id = 2, is_split = 0
E/mm-camera(  268): isp_sink_port_stream_config: old vfe_id_mask = 0x0, new vfe_id_mask = 0x1
E/mm-camera(  268): after port_ispif_forward_event_to_peer
E/mm-camera-sensor(  268): chromatix name libchromatix_s5k5e3yx_wide_preview.so
E/mm-camera-sensor(  268): chromatix_load_library:50 libchromatix_s5k5e3yx_wide_preview.so load from phone
E/mm-camera-sensor(  268): chromatix_load_library:58 chromatix from phone libchromatix_s5k5e3yx_wide_preview.so
E/mm-camera-sensor(  268): load_chromatix:34 load_chromatix:34- AAA chromatix_s5k5e3yx_wide_preview file open
E/mm-camera-sensor(  268): 
E/mm-camera-sensor(  268): load_chromatix:48 load_chromatix:48-chromatix_s5k5e3yx_wide_parms header
E/mm-camera-sensor(  268): 
E/mm-camera-sensor(  268): chromatix_load_library:50 libchromatix_s5k5e3yx_wide_zslshot.so load from phone
E/mm-camera-sensor(  268): chromatix_load_library:58 chromatix from phone libchromatix_s5k5e3yx_wide_zslshot.so
E/mm-camera-sensor(  268): chromatix_load_common_library:110 libchromatix_s5k5e3yx_wide_common.so load from phone
E/mm-camera-sensor(  268): chromatix_load_common_library:118 common chromatix from phone libchromatix_s5k5e3yx_wide_common.so
E/mm-camera-sensor(  268): load_chromatix:33 load_chromatix:33- AAA chromatix_s5k5e3yx_wide_common file open
E/mm-camera-sensor(  268): 
E/mm-camera-sensor(  268): load_chromatix:47 load_chromatix:47-chromatix_s5k5e3yx_wide_parms header
E/mm-camera-sensor(  268): 
E/mm-camera-sensor(  268): sensor_set_chromatix, chx : 0xb5b59028, common chx : 0xb5b73c34
E/mm-camera(  268): cpp_module_handle_chromatix_ptr_event:627 calling cpp_module_util_get_asf_wnr_params for normal
W/mm-camera(  268): q3a_aecawb_thread_en_q_msg: [SYNC_CHECK] int sem!
W/mm-camera(  268): q3a_aecawb_thread_en_q_msg: [SYNC_CHECK] lock sem!
W/mm-camera(  268): q3a_aecawb_thread_en_q_msg: [SYNC_CHECK] unlock sem!
E/mm-camera(  268): awb_port_proc_downstream_ctrl: AWB Gains: r_gain: 1.216644 g_gain: 1.000000 b_gain: 1.230576 color_temp: 6085
E/mm-camera-img(  268): faceproc_comp_cfg_debug:237] FaceProc cfg max_face_size 700
E/mm-camera-img(  268): faceproc_comp_cfg_debug:240] FaceProc cfg max_num_face_to_detect 10
E/mm-camera-img(  268): faceproc_comp_cfg_debug:243] FaceProc cfg min_face_size 70
E/mm-camera-img(  268): faceproc_comp_eng_config:1394] Face proc number of faces set 10 
E/mm-camera(  268): cpp_module_handle_streamon_event:1761, identity=0x30002, stream-on done
W/mm-camera(  268): q3a_aecawb_thread_en_q_msg: [SYNC_CHECK] int sem!
W/mm-camera(  268): q3a_aecawb_thread_en_q_msg: [SYNC_CHECK] lock sem!
W/mm-camera(  268): q3a_aecawb_thread_en_q_msg: [SYNC_CHECK] unlock sem!
E/mm-camera(  268): cpp_hw_params_update_wnr_params:3601 invalid trigger input 0.000000
E/mm-camera(  268): isp_streamon: E, session_id = 3
E/mm-camera(  268): isp_proc_async_command: E ISP_ASYNC_COMMAND_STREAMON = 3
E/mm-camera(  268): isp_proc_streamon: E, session_id = 3, stream_id = 2, stream_type = 1 num_bufs 6
E/mm-camera(  268): isp_hw_proc_set_recording_hint: recording_hint: 0
E/mm-camera(  268): isp_proc_streamon: set_all_saved_params done, session_id = 3
E/mm-camera(  268): module_faceproc_port_event_func:617] MCT_EVENT_MODULE_ISP_OUTPUT_DIM, w = 320, h = 240
E/mm-camera(  268): isp_proc_streamon: sending dim downstream done, session_id = 3
E/mm-camera(  268): linearization_set_params: param_id is not supported in this module
E/mm-camera(  268): wb_set_params: param_id is not supported in this module
E/mm-camera(  268): demosaic_set_params: param_id 7, is not supported in this module
E/mm-camera(  268): demux_set_params: param_id 7, is not supported in this module
E/mm-camera(  268): mce_set_params: param_id is not supported in this module
E/mm-camera(  268): isp_pipeline_util_trigger_update: No active streams
E/mm-camera(  268): rs_stats_config: Tao, demosaic_width = 2576, demosaic_height = 1932, max_h_reg_num = 8, calculated_h_reg_num = 4
E/mm-camera(  268): stats_action_buf_config: cfg = 1, stats_mask = 0x798
E/mm-camera(  268): stats_action: stats mask = 0x798
E/mm-camera(  268): isp_axi_util_subscribe_v4l2_event: event_type = 0x8000100, is_subscribe = 1
E/mm-camera(  268): isp_proc_async_command: X ISP_ASYNC_COMMAND_STREAMON = 3
E/mm-camera(  268): isp_proc_async_command: X, session_id = 3, async_cmd_id = 1
E/mm-camera(  268): isp_streamon: X, session_id = 3
E/mm-camera(  268): start_sof_check_thread: Starting SOF timeout thread
W/QCamera2HWI(  259): startPreview: X rc=0
W/QCamera2HWI(  259): [KPI Perf] start_preview: X, ret 0
E/SmartFaceManager(  879): Listener does not implements SmartFaceInfoListener2
E/CameraController(  879): StartPreview() X
E/CameraController(  879): handleMessage signal: 1
E/CameraController(  879): handleMessage(1) before let go!{ when=-286ms what=1 arg1=4 target=com.sec.android.smartface.CameraController$EventHandler }
E/CameraController(  879): handleMessage(1) after let go!{ when=-287ms what=1 arg1=4 target=com.sec.android.smartface.CameraController$EventHandler }
E/CameraController(  879): handleMessage, lock.unlock before
E/CameraController(  879): handleMessage(1) after unlock{ when=-287ms what=1 arg1=4 target=com.sec.android.smartface.CameraController$EventHandler }
E/CameraController(  879): waitHere, 286ms
E/CameraController(  879): Wait for 1 DONE!
E/CameraController(  879): sendMessageAndWait, lock.unlock before
E/CameraController(  879): sendMessageAndWait, lock.unlock after
E/CameraController(  879): openCamera E
E/mm-camera(  268): module_faceproc_client_send_faceinfo:683] Invalid scale factors
E/mm-camera(  268): isp_proc_async_command:  ISP_ASYNC_COMMAND_UV_SUBSAMPLE
E/mm-camera(  268): isp_axi_stream_set_stream_update: cannot find stream, session_id = 0, stream_id = 0
E/mm-camera(  268): isp_proc_async_command: after ISP_UV_SWITCH_STATE_FINISHING session = 3
E/mm-camera(  268): isp_proc_async_command: X, session_id = 3, async_cmd_id = 0
W/QCamera2HWI(  259): nodisplay_preview_stream_cb_routine: first preview frame. mCameraId=1
D/ShotSingle(  259): CAMERA_MSG_PREVIEW_FRAME E
I/EDMNativeHelperService(  879): isCameraEnabled
D/ShotSingle(  259): CAMERA_MSG_PREVIEW_FRAME X
D/SecCameraCoreManager(  259): disableMsgType: 0x10
W/QCamera2HWI(  259): disable_msg_type : E, msg type 16
W/QCamera2HWI(  259): disable_msg_type : X
D/SecCamera-JNI-Java(  879): handleMessage: 16
E/SmartFaceService(  879): Orientation: 0
E/SmartFaceService(  879): Calling onPreviewFrame: Thread[Stay/Rotation Worker,5,main]/896917
E/SmartScreen_JNI(  879): processImage start : prev time [ 145542798 ]
D/SmartScreen_JNI(  879): tmpfile : /data/smart_stay_hash.dmc
D/DMCFaceEngine(  879): NEON : 1
D/DMCFaceEngine(  879): caSmartDP_SmartStay orientation [0] count [0]
D/DMCFaceEngine(  879): caSmartDP_SmartStay : FUNCTION START img width 320, height 240 previous angle 0
D/DMCFaceEngine(  879): caSmartDP_SmartStay : loop Start with dir 1, width 240 and heighe 320
D/DMCFaceEngine(  879): caFace_RunFaceDetection_SmartStayRotation : FaceDetection Start with width 240, heighe 320
D/DMCFaceEngine(  879): fd_find_run : Use A New Sensor ==========> 0 [240][320]
D/Stay/Rotation Worker(  879): handleMessage: 1
D/SecCameraCoreManager(  259): enableMsgType: 0x10
W/QCamera2HWI(  259): enable_msg_type : E, msg type 16
W/QCamera2HWI(  259): enable_msg_type : X
D/DMCFaceEngine(  879): fd_find_run : Use A New Sensor ==========> 0 [240][320]
D/ShotSingle(  259): CAMERA_MSG_PREVIEW_FRAME E
I/EDMNativeHelperService(  879): isCameraEnabled
D/ShotSingle(  259): CAMERA_MSG_PREVIEW_FRAME X
D/SecCameraCoreManager(  259): disableMsgType: 0x10
W/QCamera2HWI(  259): disable_msg_type : E, msg type 16
W/QCamera2HWI(  259): disable_msg_type : X
D/SecCamera-JNI-Java(  879): handleMessage: 16
D/SecCameraCoreManager(  259): enableMsgType: 0x10
W/QCamera2HWI(  259): enable_msg_type : E, msg type 16
W/QCamera2HWI(  259): enable_msg_type : X
E/SmartFaceService(  879): Orientation: 0
E/SmartFaceService(  879): Calling onPreviewFrame: Thread[Stay/Rotation Worker,5,main]/896979
D/DMCFaceEngine(  879): fd_find_run : Use A New Sensor ==========> 0 [240][320]
D/DMCFaceEngine(  879): caFace_RunFaceDetection_SmartStayRotation : Detected No Face
D/DMCFaceEngine(  879): caSmartDP_SmartStay : SINGLE EYE DETECTION LOOP START
D/DMCFaceEngine(  879): caSmartDP_SmartStay : single eye detection loop start _ dir 1
D/DMCFaceEngine(  879): caIF_RunEyeDetection_MCT_IRS : caIF_RunEyeDetection_MCT_IRS START
D/DMCFaceEngine(  879): caIF_RunEyeDetection_MCT_IRS : Width 240, Height 320
D/ShotSingle(  259): CAMERA_MSG_PREVIEW_FRAME E
I/EDMNativeHelperService(  879): isCameraEnabled
D/ShotSingle(  259): CAMERA_MSG_PREVIEW_FRAME X
D/SecCameraCoreManager(  259): disableMsgType: 0x10
W/QCamera2HWI(  259): disable_msg_type : E, msg type 16
W/QCamera2HWI(  259): disable_msg_type : X
D/SecCamera-JNI-Java(  879): handleMessage: 16
E/SmartFaceService(  879): Orientation: 0
E/SmartFaceService(  879): Calling onPreviewFrame: Thread[Stay/Rotation Worker,5,main]/897039
D/SecCameraCoreManager(  259): enableMsgType: 0x10
W/QCamera2HWI(  259): enable_msg_type : E, msg type 16
W/QCamera2HWI(  259): enable_msg_type : X
D/ShotSingle(  259): CAMERA_MSG_PREVIEW_FRAME E
I/EDMNativeHelperService(  879): isCameraEnabled
D/ShotSingle(  259): CAMERA_MSG_PREVIEW_FRAME X
D/SecCameraCoreManager(  259): disableMsgType: 0x10
W/QCamera2HWI(  259): disable_msg_type : E, msg type 16
W/QCamera2HWI(  259): disable_msg_type : X
D/SecCamera-JNI-Java(  879): handleMessage: 16
D/SecCameraCoreManager(  259): enableMsgType: 0x10
W/QCamera2HWI(  259): enable_msg_type : E, msg type 16
W/QCamera2HWI(  259): enable_msg_type : X
E/SmartFaceService(  879): Orientation: 0
E/SmartFaceService(  879): Calling onPreviewFrame: Thread[Stay/Rotation Worker,5,main]/897099
D/DMCFaceEngine(  879): caIF_RunEyeDetection_MCT_IRS : caIF_RunEyeDetection_MCT_IRS END
D/DMCFaceEngine(  879): caSmartDP_SmartStay : caFace_Aux_FindEyes_IRS time 102322
D/DMCFaceEngine(  879): caSmartDP_SmartStay : Single Eye Detection Fail dir 1
D/DMCFaceEngine(  879): caSmartDP_SmartStay : loop End ED dir 1 with nResult -1
D/DMCFaceEngine(  879): caSmartDP_SmartStay : SINGLE EYE DETECTION LOOP END with nResult -1
D/DMCFaceEngine(  879): caSmartDP_SmartStay : DETECT HUMAN FAIL
D/DMCFaceEngine(  879): caSmartDP_SmartStay : face : X[0] Y[0] W[0] H[0]
D/DMCFaceEngine(  879): caSmartDP_SmartStay : eye  : LX[0] LY[0] RX[0] RY[0]
D/DMCFaceEngine(  879): caSmartDP_DetermineFixedDevice : TmpFile exists /data/smart_stay_hash.dmc 
D/DMCFaceEngine(  879): caSmartDP_HashingImage : wd [80] ht [60]
D/DMCFaceEngine(  879): caSmartDP_DetermineFixedDevice : FIXED OR NOT  : difference 37.371042
D/DMCFaceEngine(  879): caSmartDP_DetermineFixedDevice : TmpFile making start /data/smart_stay_hash.dmc 
D/DMCFaceEngine(  879): caSmartDP_DetermineFixedDevice : TmpFile making end /data/smart_stay_hash.dmc 
D/DMCFaceEngine(  879): caSmartDP_SmartStay result [-1] - [5.000000]
D/DMCFaceEngine(  879): caSmartDP_SmartStay : [5.000000] determine[37] result [-1]
E/SmartScreen_JNI(  879): processImage end : function time [ 205527 ] [-1] 
E/SmartFaceManager(  879): checkForSmartStay onInfo: 100: 0
E/SmartScreen_JNI(  879): processImage start : prev time [ 206003 ]
D/SmartScreen_JNI(  879): tmpfile : /data/smart_stay_hash.dmc
D/DMCFaceEngine(  879): NEON : 1
D/DMCFaceEngine(  879): caSmartDP_SmartStay orientation [0] count [1]
D/DMCFaceEngine(  879): caSmartDP_SmartStay : FUNCTION START img width 320, height 240 previous angle 0
E/Stay/Rotation Worker(  879): processSmartStay[206ms], ret: -1 needToStay: 0 mFrameCount: 0 mFixed: false
D/Stay/Rotation Worker(  879): handleMessage: 1
D/DMCFaceEngine(  879): caSmartDP_SmartStay : loop Start with dir 1, width 240 and heighe 320
D/DMCFaceEngine(  879): caFace_RunFaceDetection_SmartStayRotation : FaceDetection Start with width 240, heighe 320
D/DMCFaceEngine(  879): fd_find_run : Use A New Sensor ==========> 0 [240][320]
D/DMCFaceEngine(  879): fd_find_run : Use A New Sensor ==========> 0 [240][320]
D/ShotSingle(  259): CAMERA_MSG_PREVIEW_FRAME E
I/EDMNativeHelperService(  879): isCameraEnabled
D/ShotSingle(  259): CAMERA_MSG_PREVIEW_FRAME X
D/SecCameraCoreManager(  259): disableMsgType: 0x10
W/QCamera2HWI(  259): disable_msg_type : E, msg type 16
W/QCamera2HWI(  259): disable_msg_type : X
D/SecCamera-JNI-Java(  879): handleMessage: 16
D/SecCameraCoreManager(  259): enableMsgType: 0x10
W/QCamera2HWI(  259): enable_msg_type : E, msg type 16
W/QCamera2HWI(  259): enable_msg_type : X
E/SmartFaceService(  879): Orientation: 0
E/SmartFaceService(  879): Calling onPreviewFrame: Thread[Stay/Rotation Worker,5,main]/897169
D/DMCFaceEngine(  879): fd_find_run : Use A New Sensor ==========> 0 [240][320]
D/DMCFaceEngine(  879): caFace_RunFaceDetection_SmartStayRotation : Detected No Face
D/DMCFaceEngine(  879): caSmartDP_SmartStay : SINGLE EYE DETECTION LOOP START
D/DMCFaceEngine(  879): caSmartDP_SmartStay : single eye detection loop start _ dir 1
D/DMCFaceEngine(  879): caIF_RunEyeDetection_MCT_IRS : caIF_RunEyeDetection_MCT_IRS START
D/DMCFaceEngine(  879): caIF_RunEyeDetection_MCT_IRS : Width 240, Height 320
D/ShotSingle(  259): CAMERA_MSG_PREVIEW_FRAME E
I/EDMNativeHelperService(  879): isCameraEnabled
D/ShotSingle(  259): CAMERA_MSG_PREVIEW_FRAME X
D/SecCameraCoreManager(  259): disableMsgType: 0x10
W/QCamera2HWI(  259): disable_msg_type : E, msg type 16
W/QCamera2HWI(  259): disable_msg_type : X
D/SecCamera-JNI-Java(  879): handleMessage: 16
D/SecCameraCoreManager(  259): enableMsgType: 0x10
W/QCamera2HWI(  259): enable_msg_type : E, msg type 16
W/QCamera2HWI(  259): enable_msg_type : X
E/SmartFaceService(  879): Orientation: 0
E/SmartFaceService(  879): Calling onPreviewFrame: Thread[Stay/Rotation Worker,5,main]/897219
D/ShotSingle(  259): CAMERA_MSG_PREVIEW_FRAME E
I/EDMNativeHelperService(  879): isCameraEnabled
D/ShotSingle(  259): CAMERA_MSG_PREVIEW_FRAME X
D/SecCameraCoreManager(  259): disableMsgType: 0x10
W/QCamera2HWI(  259): disable_msg_type : E, msg type 16
W/QCamera2HWI(  259): disable_msg_type : X
D/SecCamera-JNI-Java(  879): handleMessage: 16
D/SecCameraCoreManager(  259): enableMsgType: 0x10
W/QCamera2HWI(  259): enable_msg_type : E, msg type 16
D/DMCFaceEngine(  879): caIF_RunEyeDetection_MCT_IRS : caIF_RunEyeDetection_MCT_IRS END
D/DMCFaceEngine(  879): caSmartDP_SmartStay : caFace_Aux_FindEyes_IRS time 91624
W/QCamera2HWI(  259): enable_msg_type : X
D/DMCFaceEngine(  879): caSmartDP_SmartStay : Single Eye Detection Fail dir 1
D/DMCFaceEngine(  879): caSmartDP_SmartStay : loop End ED dir 1 with nResult -1
D/DMCFaceEngine(  879): caSmartDP_SmartStay : SINGLE EYE DETECTION LOOP END with nResult -1
D/DMCFaceEngine(  879): caSmartDP_SmartStay : DETECT HUMAN FAIL
D/DMCFaceEngine(  879): caSmartDP_SmartStay : face : X[0] Y[0] W[0] H[0]
D/DMCFaceEngine(  879): caSmartDP_SmartStay : eye  : LX[0] LY[0] RX[0] RY[0]
E/SmartScreen_JNI(  879): processImage end : function time [ 151213 ] [-1] 
E/SmartFaceManager(  879): checkForSmartStay onInfo: 100: 0
E/SmartScreen_JNI(  879): processImage start : prev time [ 151567 ]
D/SmartScreen_JNI(  879): tmpfile : /data/smart_stay_hash.dmc
D/DMCFaceEngine(  879): NEON : 1
D/DMCFaceEngine(  879): caSmartDP_SmartStay orientation [0] count [2]
D/DMCFaceEngine(  879): caSmartDP_SmartStay : FUNCTION START img width 320, height 240 previous angle 0
D/DMCFaceEngine(  879): caSmartDP_SmartStay : loop Start with dir 1, width 240 and heighe 320
D/DMCFaceEngine(  879): caFace_RunFaceDetection_SmartStayRotation : FaceDetection Start with width 240, heighe 320
D/DMCFaceEngine(  879): fd_find_run : Use A New Sensor ==========> 0 [240][320]
D/SecCameraCoreManager(  259): disableMsgType: 0x10
W/QCamera2HWI(  259): disable_msg_type : E, msg type 16
W/QCamera2HWI(  259): disable_msg_type : X
D/SecCameraCoreManager(  259): disableMsgType: 0x10
W/QCamera2HWI(  259): disable_msg_type : E, msg type 16
E/SmartFaceService(  879): Orientation: 0
E/SmartFaceService(  879): Calling onPreviewFrame: Thread[Stay/Rotation Worker,5,main]/897280
E/Stay/Rotation Worker(  879): processSmartStay[151ms], ret: -1 needToStay: 0 mFrameCount: 1 mFixed: false
D/Stay/Rotation Worker(  879): handleMessage: 1
E/SmartFaceService(  879): unregister:897281
E/SmartFaceService(  879): unregister
E/SmartFaceService(  879): unregister client found. pid 879 servicetype: 100 AppName: system
E/SmartFaceService(  879): send LastServiecTypeFromClient to scroll pause worker: 0
E/SmartFaceService(  879): mLightIntensityEnough: true mLux: 0.0
D/Stay/Rotation Worker(  879): updateClientsDone. def. do nothing.
E/SmartFaceService(  879): Service Type to Worker: 0
E/SmartFaceService(  879): Last Active clients:1 Current Active clients: 0
E/SmartFaceService(  879): Last Smart Pause clients: 0 Current Smart Pause clients: 0
E/SmartFaceService(  879): No active clients. close camera
E/CameraController(  879): closeCamera S
E/CameraController(  879): sendMessageAndWait, lock.lock before
E/CameraController(  879): sendMessageAndWait, lock.lock after
E/CameraController(  879): Wait for 0
E/CameraController(  879): waitHere, condition var. will be used. related lock release and re-acquired after await done.
E/CameraController(  879): handleMessage(0) before lock{ when=-1ms what=0 target=com.sec.android.smartface.CameraController$EventHandler }
E/CameraController(  879): handleMessage, lock.lock after
E/CameraController(  879): handleMessage(0) after lock{ when=-1ms what=0 target=com.sec.android.smartface.CameraController$EventHandler }
W/QCamera2HWI(  259): disable_msg_type : X
I/CameraClient(  259): stopPreview: Disable picture related messages
D/SecCameraCoreManager(  259): disableMsgType: 0x3c2
W/QCamera2HWI(  259): disable_msg_type : E, msg type 962
W/QCamera2HWI(  259): disable_msg_type : X
D/SecCameraCoreManager(  259): stopPreview
D/SecCameraCoreManager(  259): virtual void android::SecCameraCoreManager::stopPreview():stop IT Policy checking thread
D/DMCFaceEngine(  879): fd_find_run : Use A New Sensor ==========> 0 [240][320]
D/ShotSingle(  259): stopPreview
W/QCamera2HWI(  259): disable_msg_type : E, msg type 962
W/QCamera2HWI(  259): disable_msg_type : X
V/ShotSingle(  259): stopPreview(1)
W/QCamera2HWI(  259): [KPI Perf] stop_preview: E PROFILE_STOP_PREVIEW
W/QCamera2HWI(  259): stopPreview: E mCameraId=1
E/mm-camera-intf(  259): mm_stream_streamoff: E, my_handle = 0x1401, fd = 54, state = 6
E/mm-camera(  268): server_process_hal_event:__DBG__ E event id=3
E/mm-camera(  268): server_process_hal_event:__DBG__ X sucess event id=3
E/mm-camera(  268): mct_pipeline_process_set:command=8000009
E/mm-camera(  268): mct_pipeline_process_set: stream_type = 1
E/mm-camera(  268): cpp_module_handle_streamoff_event:1887, info: doing stream-off for identity 0x30002
E/mm-camera-img(  268): faceproc_comp_abort:545] state 2
E/mm-camera-img(  268): Free Wmemory 0
E/mm-camera-img(  268): faceproc_comp_abort:572] X
E/mm-camera(  268): cpp_module_handle_streamoff_event:1933] iden:0x30002, linked_params:0x0
E/mm-camera(  268): cpp_hardware_process_streamoff:537] skip_iden:0x0, duplicate_stream_status:0x0
E/mm-camera(  268): cpp_module_handle_streamoff_event:1944, info: stream-off done for identity 0x30002
E/mm-camera(  268): isp_streamoff: E, session_id = 3
E/mm-camera(  268): isp_proc_async_command: E ISP_ASYNC_COMMAND_STREAMOFF = 3
E/mm-camera(  268): isp_proc_streamoff: E, session_id = 3, stream_id = 2, stream_type = 1
E/mm-camera(  268): isp_axi_util_subscribe_v4l2_event: event_type = 0x8000100, is_subscribe = 0
D/DMCFaceEngine(  879): fd_find_run : Use A New Sensor ==========> 0 [240][320]
D/DMCFaceEngine(  879): caFace_RunFaceDetection_SmartStayRotation : Detected No Face
D/DMCFaceEngine(  879): caSmartDP_SmartStay : SINGLE EYE DETECTION LOOP START
D/DMCFaceEngine(  879): caSmartDP_SmartStay : single eye detection loop start _ dir 1
D/DMCFaceEngine(  879): caIF_RunEyeDetection_MCT_IRS : caIF_RunEyeDetection_MCT_IRS START
D/DMCFaceEngine(  879): caIF_RunEyeDetection_MCT_IRS : Width 240, Height 320
D/DMCFaceEngine(  879): caIF_RunEyeDetection_MCT_IRS : caIF_RunEyeDetection_MCT_IRS END
D/DMCFaceEngine(  879): caSmartDP_SmartStay : caFace_Aux_FindEyes_IRS time 87132
D/DMCFaceEngine(  879): caSmartDP_SmartStay : Single Eye Detection Fail dir 1
D/DMCFaceEngine(  879): caSmartDP_SmartStay : loop End ED dir 1 with nResult -1
D/DMCFaceEngine(  879): caSmartDP_SmartStay : SINGLE EYE DETECTION LOOP END with nResult -1
D/DMCFaceEngine(  879): caSmartDP_SmartStay : DETECT HUMAN FAIL
D/DMCFaceEngine(  879): caSmartDP_SmartStay : face : X[0] Y[0] W[0] H[0]
D/DMCFaceEngine(  879): caSmartDP_SmartStay : eye  : LX[0] LY[0] RX[0] RY[0]
E/SmartScreen_JNI(  879): processImage end : function time [ 135889 ] [-1] 
E/Stay/Rotation Worker(  879): processSmartStay[136ms], ret: -1 needToStay: 0 mFrameCount: 2 mFixed: false
E/mm-camera(  268): stats_action_buf_config: cfg = 0, stats_mask = 0x798
E/mm-camera(  268): isp_proc_async_command: X ISP_ASYNC_COMMAND_STREAMOFF = 3
E/mm-camera(  268): isp_proc_async_command: X, session_id = 3, async_cmd_id = 2
E/mm-camera(  268): isp_streamoff: X, session_id = 3
E/mm-camera(  268): ispif_proc_streamoff: Enter
E/mm-camera(  268): ispif_proc_streamoff: Make ISPIF_CFG IOCTL!
E/mm-camera(  268): ispif_proc_streamoff: ISPIF_CFG IOCTL returns!
E/mm-camera(  268): ispif_proc_streamoff: X, rc = 0
E/mm-camera(  268): release_isp_resource <------
E/mm-camera(  268): release isp0 rdi
E/mm-camera(  268): release_isp_resource: isp_id = 0, camif_session_bit = 0x0
E/mm-camera(  268): stop_sof_check_thread: Stopping/Joining SOF timeout thread
E/mm-camera-intf(  259): mm_camera_cmd_thread_stop: before join 0xb865e428, qsize = 1
E/mm-camera-intf(  259): mm_camera_cmd_thread: MM_CAMERA_CMD_TYPE_EXIT - cmd_pid = 0xb865e428
E/mm-camera-intf(  259): mm_camera_cmd_thread: X - cmd_pid = 0xb865e428
E/mm-camera-intf(  259): mm_stream_streamoff: E, my_handle = 0x1300, fd = 51, state = 6
E/mm-camera(  268): server_process_hal_event:__DBG__ E event id=3
E/mm-camera(  268): server_process_hal_event:__DBG__ X sucess event id=3
E/mm-camera(  268): mct_pipeline_process_set:command=8000009
E/mm-camera(  268): mct_pipeline_process_set: stream_type = 7
E/mm-camera-intf(  259): mm_camera_cmd_thread_stop: before join 0xb865b758, qsize = 1
E/mm-camera-intf(  259): mm_camera_cmd_thread: MM_CAMERA_CMD_TYPE_EXIT - cmd_pid = 0xb865b758
E/mm-camera-intf(  259): mm_camera_cmd_thread: X - cmd_pid = 0xb865b758
W/QCamera2HWI(  259): unpreparePreview: E mCameraId=1
E/mm-camera(  268): server_process_hal_event:__DBG__ E event id=3
E/mm-camera(  268): server_process_hal_event:__DBG__ X sucess event id=3
E/mm-camera(  268): mct_pipeline_process_set:command=800000b
E/mm-camera(  268): server_process_hal_event:__DBG__ E event id=3
E/mm-camera(  268): server_process_hal_event:__DBG__ X sucess event id=3
E/mm-camera(  268): mct_pipeline_process_set:command=800000b
E/mm-camera(  268): cpp_port_check_caps_unreserve:170, identity=0x30002
E/mm-camera(  268): cpp_port_check_caps_unreserve:179, identity=0x30002, unreserved
E/mm-camera(  268): cpp_port_check_caps_unreserve:170, identity=0x30002
E/mm-camera(  268): cpp_port_check_caps_unreserve:179, identity=0x30002, unreserved
E/mm-camera-img(  268): faceproc_comp_abort:545] state 1
E/mm-camera(  268): mct_stream_check_name:mod=sensor, name=isp
E/mm-camera(  268): mct_stream_check_name:mod=iface, name=isp
E/mm-camera(  268): mct_stream_check_name:mod=isp, name=isp
E/mm-camera(  268): mct_stream_get_module: module: 0xb7c4cba8
E/mm-camera(  268): q3a_thread_af_stop: start MSG_STOP_THREAD
E/mm-camera(  268): af_thread_handler: af thread returned
E/mm-camera(  268): afd_thread_en_q_msg thread -1210750080 is set to inactive
E/mm-camera(  268): asd_thread_stop E
E/mm-camera(  268): asd_thread_en_q_msg:81 Message Stop Thread
E/mm-camera(  268): asd_thread_handler: asd thread returned
E/mm-camera(  268): asd_thread_stop joined
E/mm-camera(  268): q3a_port_unlink X refcnt 0
E/mm-camera(  268): asd_port_ext_unlink E
E/mm-camera(  268): asd_port_ext_unlink: asd_data=0xb5c36008
E/mm-camera(  268): asd_port_ext_unlink  X refcnt 0
E/mm-camera(  268): stats_port_unlink: X
E/mm-camera(  268): stats_port_check_caps_unreserve E
E/mm-camera(  268): stats_port_check_reserved_stream: private->reserved_id=0x30000
E/mm-camera(  268): stats_port_check_caps_unreserve X
W/QCamera2HWI(  259): unpreparePreview: X mCameraId=1
W/QCamera2HWI(  259): stopPreview: X rc=0
W/QCamera2HWI(  259): [KPI Perf] stop_preview: X
I/SecCamera-JNI-Java(  879): stopPreview
D/SecCameraCoreManager(  259): disableMsgType: 0x10
W/QCamera2HWI(  259): disable_msg_type : E, msg type 16
W/QCamera2HWI(  259): disable_msg_type : X
D/SecCameraCoreManager(  259): disableMsgType: 0xffffffff
W/QCamera2HWI(  259): disable_msg_type : E, msg type -1
W/QCamera2HWI(  259): disable_msg_type : X
D/SecCameraCoreManager(  259): stopPreview
D/ShotSingle(  259): stopPreview
W/QCamera2HWI(  259): disable_msg_type : E, msg type 962
W/QCamera2HWI(  259): disable_msg_type : X
V/ShotSingle(  259): stopPreview(1)
W/QCamera2HWI(  259): [KPI Perf] stop_preview: E PROFILE_STOP_PREVIEW
W/QCamera2HWI(  259): [KPI Perf] stop_preview: X
D/SecCameraCoreManager(  259): cancelPicture
W/QCamera2HWI(  259): [KPI Perf] cancel_picture: E
W/QCameraStateMachine(  259): procEvtPreviewStoppedState: No ops for evt(20) in state(0)
W/QCamera2HWI(  259): [KPI Perf] cancel_picture: X, ret 0
D/SecCameraCoreManager(  259): release
D/SecCameraCoreManager(  259): virtual void android::SecCameraCoreManager::release(): release IT policy checking thread
W/QCamera2HWI(  259): [KPI Perf] release: E
W/QCamera2HWI(  259): [KPI Perf] release: E
W/QCamera2HWI(  259): [KPI Perf] release: X
E/SmartFaceService(  879): Clear worker messages
W/QCamera2HWI(  259): [KPI Perf] release: X
D/SecCameraCoreManager(  259): SecCameraCoreManager destroyed: pid=259
I/ShotSingle(  259): ShotSingle destroyed: pid=259
I/ShotSingle(  259): Wait for compressed image callback to be done.
I/ShotSingle(  259): Wait done. (0s. 0ms.) with [0, 22]
I/ShotCommon(  259): ShotCommon destroyed: pid=259
D/SecCameraCoreManager(  259): SecCameraCoreManager destroyed: before mHardware.clear()
I/SecCameraCoreManager(  259): Destroying camera 1
W/QCamera2HWI(  259): [KPI Perf] close_camera_device: E
W/QCamera2HWI(  259): [KPI Perf] closeCamera: E
I/QCamera2HWI(  259): [DBG] closeCamera: mParameter deinit done.
I/QCamera2HWI(  259): stopSnapshots
I/QCameraPostProc(  259): stop: __DEBUG__ before sendCmd
W/QCameraPostProc(  259): dataProcessRoutine: stop data proc
I/QCameraPostProc(  259): dataProcessRoutine: initialize pme->mFramesRecvd
I/QCameraPostProc(  259): stop: __DEBUG__ after send Cmd
E/qomx_image_core(  259): OMX_Deinit:118] Complete
W/QCameraPostProc(  259): deinit: Jpeg closed, rc = 0, mJpegClientHandle = 500
I/Thermal-Lib(  259): Thermal-Lib-Client: Unregisteration is successfull for handle:1
I/ThermalEngine(  270): Thermal-Server: removing client on fd 9
I/Thermal-Lib(  259): Thermal-Lib-Client: Unregisteration is successfull for handle:2
I/QCamera2HWI(  259): cbNotifyRoutin: X
I/QCamera2HWI(  259): [DBG] closeCamera: ncbNotifier exit.
E/mm-camera-intf(  259): mm_camera_cmd_thread: MM_CAMERA_CMD_TYPE_EXIT - cmd_pid = 0xb863e530
E/mm-camera-intf(  259): mm_camera_cmd_thread: X - cmd_pid = 0xb863e530
E/mm-camera-intf(  259): mm_camera_cmd_thread_stop: before join 0xb863e530, qsize = 0
E/mm-camera(  268): server_process_hal_event:__DBG__ E event id=3
E/mm-camera(  268): server_process_hal_event:__DBG__ X sucess event id=3
E/mm-camera(  268): mct_pipeline_process_set:command=800000b
E/mm-camera(  268): mct_pipeline_process_set: Couldn't find stream
E/mm-camera(  268): server_process_hal_event:__DBG__ E event id=2
E/mm-camera(  268): server_process_hal_event: delete session
E/mm-camera(  268): mct_controller_destroy: __debug__: E 153= 
E/mm-camera(  268): mct_controller_destroy: calling stop_session
E/mm-camera(  268): tv_sec = 1476874585 tv_nsec = 477994000
E/mm-camera(  268): mct_pipeline_stop_session: __debug__: E 1780= 
E/mm-camera(  268): mct_pipeline_modules_stop: E __debug__
E/mm-camera(  268): mct_pipeline_modules_stop: X __debug__
E/mm-camera-sensor(  268): module_sensor_stop_session: __ZZZZ__: E 1104= 
E/mm-camera(  268): mct_pipeline_modules_stop: E __debug__
E/mm-camera-sensor(  268): module_sensor_deinit_session: E __ZZZZ__: 957= 
E/mm-camera-sensor(  268): module_sensor_deinit_session: E __ZZZZ__: 974= 
E/mm-camera(  268): mct_pipeline_modules_stop: X __debug__
E/mm-camera(  268): mct_pipeline_modules_stop: E __debug__
E/mm-camera(  268): ispif_stop_session: __ZZZZ__: E 199= 
E/mm-camera(  268): ispif_stop_session: __ZZZZ__: After memset 208= 
E/mm-camera(  268): mct_pipeline_modules_stop: X __debug__
E/mm-camera(  268): mct_pipeline_modules_stop: E __debug__
E/mm-camera(  268): mct_pipeline_modules_stop: X __debug__
E/mm-camera(  268): mct_pipeline_modules_stop: E __debug__
E/mm-camera(  268): stats_module_stop_session: __ZZZZ__: E 301= 
E/mm-camera(  268): stats_module_stop_session: list =0xb7d4f708, remove port =0xb7d4efa0 name=stats_sink from module=0xb7c4cbd0, name=stats
E/mm-camera(  268): stats_module_stop_session: 1 port =0xb7d4efa0 name=stats_sink 
E/mm-camera(  268): stats_port_deinit: E
E/mm-camera(  268): stats_port_deinit: __dbg 1st free
E/mm-camera(  268): stats_port_deinit: __dbg 2nd free
E/mm-camera(  268): stats_port_deinit: __dbg 1st free
E/mm-camera(  268): stats_port_deinit: __dbg 2nd free
E/mm-camera(  268): stats_port_deinit: __dbg 1st free
E/mm-camera(  268): stats_port_deinit: __dbg 2nd free
E/mm-camera(  268): stats_port_deinit: __dbg 1st free
E/mm-camera(  268): stats_port_deinit: __dbg 2nd free
E/mm-camera(  268): stats_port_deinit: __dbg 1st free
E/mm-camera(  268): stats_port_deinit: __dbg 2nd free
E/mm-camera(  268): stats_port_deinit: __dbg 1st free
E/mm-camera(  268): stats_port_deinit: __dbg 2nd free
E/mm-camera(  268): stats_port_deinit: __dbg 1st free
E/mm-camera(  268): stats_port_deinit: __dbg 2nd free
E/mm-camera(  268): stats_port_deinit: __dbg 1st free
E/mm-camera(  268): stats_port_deinit: __dbg 2nd free
E/mm-camera(  268): stats_port_deinit: __dbg 1st free
E/mm-camera(  268): stats_port_deinit: __dbg 2nd free
E/mm-camera(  268): stats_port_deinit: __dbg 1st free
E/mm-camera(  268): stats_port_deinit: __dbg 2nd free
E/mm-camera(  268): stats_port_deinit: __dbg 1st free
E/mm-camera(  268): stats_port_deinit: __dbg 2nd free
E/mm-camera(  268): stats_port_deinit: __dbg 1st free
E/mm-camera(  268): stats_port_deinit: __dbg 2nd free
E/mm-camera(  268): stats_port_deinit: __dbg 1st free
E/mm-camera(  268): stats_port_deinit: __dbg 2nd free
E/mm-camera(  268): stats_port_deinit: __dbg 1st free
E/mm-camera(  268): stats_port_deinit: __dbg 2nd free
E/mm-camera(  268): stats_port_deinit: __dbg 1st free
E/mm-camera(  268): stats_port_deinit: __dbg 2nd free
E/mm-camera(  268): stats_port_deinit: __dbg 1st free
E/mm-camera(  268): stats_port_deinit: __dbg 2nd free
E/mm-camera(  268): stats_port_deinit: __dbg 1st free
E/mm-camera(  268): stats_port_deinit: __dbg 2nd free
E/mm-camera(  268): stats_port_deinit: __dbg private free
E/mm-camera(  268): stats_port_deinit: X
E/mm-camera(  268): stats_module_stop_session: 2 port =0xb7d4efa0 name=stats_sink 
E/AF_PORT (  268): af_port_deinit: loading QTI AF deinit [no-algo]
E/mm-camera(  268): isp_thread_async_task_stop: __ZZZZ__: E 308= 
E/mm-camera(  268): isp_thread_async_task_stop: __ZZZZ__: Ater thread started 313= 
E/mm-camera(  268): isp_thread_async_task_stop: __ZZZZ__: Before sem post 327= 
E/mm-camera(  268): isp_thread_async_task_stop: __ZZZZ__: After sem post 329= 
E/mm-camera(  268): stats_module_stop_session: 3 port =0xb7d4efa0 name=stats_sink 
E/mm-camera(  268): stats_module_stop_session: __ZZZZ__: X 339= 
E/mm-camera(  268): isp_thread_async_task_stop: __ZZZZ__: After thread join 331= 
E/mm-camera(  268): isp_thread_async_task_stop: X, session_id = 3
E/mm-camera(  268): cpp_module_stop_session: __ZZZZ__: E 355= 
E/mm-camera(  268): mct_pipeline_modules_stop: X __debug__
E/mm-camera(  268): cpp_module_stop_session:365, info: stopping session 3 ...
E/mm-camera(  268): mct_pipeline_modules_stop: E __debug__
E/mm-camera(  268): cpp_thread_process_pipe_message:359, CPP_THREAD_MSG_ABORT: cpp_thread exiting..
E/mm-camera(  268): mct_pipeline_modules_stop: X __debug__
E/mm-camera(  268): mct_pipeline_stop_session: __debug__: X 1783= 
E/mm-camera-img(  268): module_imglib_msg_thread:116] X
E/mm-camera(  268): cpp_module_stop_session:396, info: session 3 stopped.
E/mm-camera(  268): c2d_module_stop_session: __ZZZZ__: E 285= 
E/mm-camera(  268): c2d_module_stop_session:295, info: stopping session 3 ...
E/mm-camera(  268): c2d_module_stop_session:300, info: stopping c2d_thread...
E/mm-camera(  268): c2d_module_post_msg_to_thread:354, msg.type=1
E/mm-camera(  268): c2d_thread_process_pipe_message:453, C2D_THREAD_MSG_ABORT: c2d_thread exiting..
E/mm-camera(  268): c2d_module_stop_session:312, closing c2d subdev...
E/mm-camera(  268): c2d_module_stop_session:334, info: session 3 stopped.
E/mm-camera-img(  268): module_imglib_msg_thread:116] X
E/mm-camera-sensor(  268): module_sensor_deinit_session: __ZZZZ__: Before unload lib 983= 
E/mm-camera-sensor(  268): module_sensor_deinit_session: __ZZZZ__: After unload lib 985= 
E/mm-camera-sensor(  268): module_sensor_deinit_session: __ZZZZ__: X 1001= 
E/mm-camera-sensor(  268): module_sensor_stop_session: __ZZZZ__: X 1150= 
E/mm-camera(  268): mct_controller_destroy: __debug__: X 216= 
E/mm-camera(  268): server_process_hal_event:__DBG__ X sucess event id=2
E/mm-camera(  268): main: __ZZZZ___ Result del session Entry
E/mm-camera(  268): main: __ZZZZ___ Result del session Exit
W/QCamera2HWI(  259): [KPI Perf] closeCamera: X
W/QCamera2HWI(  259): [KPI Perf] close_camera_device: X
D/SecCameraCoreManager(  259): SecCameraCoreManager destroyed: after mHardware.clear()
V/MediaPlayer(  259): disconnect
V/MediaPlayerService(  259): disconnect(14) from pid 879
V/StagefrightPlayer(  259): reset
V/AwesomePlayer(  259): reset_l()
V/AwesomePlayer(  259): notifyListner_l() msg (8-MEDIA_STOPPED), ext1 (0), ext2 (0)
V/AwesomePlayer(  259): cancelPlayerEvents (keepNotifications=0)
V/AwesomePlayer(  259): mAudioTrackVector clear
V/AwesomePlayer(  259): reset_l() stop AudioSource since AudioPlayer not exist
I/OMXCodec(  259): [OMX.google.vorbis.decoder] stop mState=4
E/SmartFaceManager(  879): checkForSmartStay X: false
I/OMXCodec(  259): [OMX.google.vorbis.decoder] stop() sendCommand(0x30, OMX_CommandStateSet, OMX_StateIdle)
I/OMXCodec(  259): [OMX.google.vorbis.decoder] Now Idle. Component sends idle done Event 
E/CameraController(  879): handleMessage signal: 0
E/CameraController(  879): handleMessage(0) before let go!{ when=-336ms what=0 target=com.sec.android.smartface.CameraController$EventHandler }
E/CameraController(  879): handleMessage(0) after let go!{ when=-336ms what=0 target=com.sec.android.smartface.CameraController$EventHandler }
E/CameraController(  879): handleMessage, lock.unlock before
E/CameraController(  879): handleMessage(0) after unlock{ when=-336ms what=0 target=com.sec.android.smartface.CameraController$EventHandler }
E/CameraController(  879): waitHere, 336ms
E/CameraController(  879): Wait for 0 DONE!
E/CameraController(  879): sendMessageAndWait, lock.unlock before
E/CameraController(  879): sendMessageAndWait, lock.unlock after
E/CameraController(  879): closeCamera E
D/SmartFaceIndicator(  879): no icon
E/SmartFaceService(  879): mWakeLock.release() in FD
D/PowerManagerService(  879): [smart stay] faceDetect : bFaceDetected : false
I/OMXCodec(  259): [OMX.google.vorbis.decoder] stopOmxComponent_l() mstate = 1
I/OMX     (  259): instance freeNode
V/AwesomePlayer(  259): reset_l() mAudioPlayer successfully deleted
I/SecMediaClock(  259): SecMediaClock destructor
V/AwesomePlayer(  259): mSecMediaClock clear
V/StagefrightPlayer(  259): ~StagefrightPlayer
V/StagefrightPlayer(  259): reset
V/AwesomePlayer(  259): reset_l()
V/AwesomePlayer(  259): notifyListner_l() msg (8-MEDIA_STOPPED), ext1 (0), ext2 (0)
V/AwesomePlayer(  259): cancelPlayerEvents (keepNotifications=0)
V/AwesomePlayer(  259): mAudioTrackVector clear
V/AwesomePlayer(  259): reset_l() mAudioPlayer successfully deleted
V/AwesomePlayer(  259): mSecMediaClock clear
V/AwesomePlayer(  259): destructor
V/AwesomePlayer(  259): reset_l()
V/AwesomePlayer(  259): notifyListner_l() msg (8-MEDIA_STOPPED), ext1 (0), ext2 (0)
V/AwesomePlayer(  259): cancelPlayerEvents (keepNotifications=0)
V/AwesomePlayer(  259): mAudioTrackVector clear
V/AwesomePlayer(  259): reset_l() mAudioPlayer successfully deleted
V/AwesomePlayer(  259): mSecMediaClock clear
V/MediaPlayerService(  259): Client(14) destructor pid = 879
V/AudioSink(  259): +++ close
V/AudioSink(  259): --- close
V/MediaPlayerService(  259): disconnect(14) from pid 879
V/MediaPlayer(  259): destructor
V/MediaPlayer(  259): disconnect
V/MediaPlayer(  259): disconnect
V/MediaPlayerService(  259): disconnect(15) from pid 879
V/StagefrightPlayer(  259): reset
V/AwesomePlayer(  259): reset_l()
V/AwesomePlayer(  259): notifyListner_l() msg (8-MEDIA_STOPPED), ext1 (0), ext2 (0)
V/AwesomePlayer(  259): cancelPlayerEvents (keepNotifications=0)
V/AwesomePlayer(  259): mAudioTrackVector clear
V/AwesomePlayer(  259): reset_l() stop AudioSource since AudioPlayer not exist
I/OMXCodec(  259): [OMX.google.vorbis.decoder] stop mState=4
I/OMXCodec(  259): [OMX.google.vorbis.decoder] stop() sendCommand(0x31, OMX_CommandStateSet, OMX_StateIdle)
I/OMXCodec(  259): [OMX.google.vorbis.decoder] Now Idle. Component sends idle done Event 
I/OMXCodec(  259): [OMX.google.vorbis.decoder] stopOmxComponent_l() mstate = 1
I/OMX     (  259): instance freeNode
V/AwesomePlayer(  259): reset_l() mAudioPlayer successfully deleted
I/SecMediaClock(  259): SecMediaClock destructor
V/AwesomePlayer(  259): mSecMediaClock clear
V/StagefrightPlayer(  259): ~StagefrightPlayer
V/StagefrightPlayer(  259): reset
V/AwesomePlayer(  259): reset_l()
V/AwesomePlayer(  259): notifyListner_l() msg (8-MEDIA_STOPPED), ext1 (0), ext2 (0)
V/AwesomePlayer(  259): cancelPlayerEvents (keepNotifications=0)
V/AwesomePlayer(  259): mAudioTrackVector clear
V/AwesomePlayer(  259): reset_l() mAudioPlayer successfully deleted
V/AwesomePlayer(  259): mSecMediaClock clear
V/AwesomePlayer(  259): destructor
V/AwesomePlayer(  259): reset_l()
V/AwesomePlayer(  259): notifyListner_l() msg (8-MEDIA_STOPPED), ext1 (0), ext2 (0)
V/AwesomePlayer(  259): cancelPlayerEvents (keepNotifications=0)
V/AwesomePlayer(  259): mAudioTrackVector clear
V/AwesomePlayer(  259): reset_l() mAudioPlayer successfully deleted
V/AwesomePlayer(  259): mSecMediaClock clear
