--------- beginning of /dev/log/main
D/InputReader(  879): Input event: value=1
D/InputReader(  879): !@notifyKey(172), action=0
D/InputManager-JNI(  879): !@interceptKeyBeforeQueueing(172), action=0
D/InputManager-JNI(  879): !@handleInterceptActions(172), action=0, wmActions=1
D/PersonaManagerService(  879): getPhoneCaller as 0 / from 879
--------- beginning of /dev/log/system
D/ActivityManager(  879): bindService callerProcessName:android, calleePkgName: com.android.keyguard, action: null
D/ActivityManager(  879): isAutoRunBlockedApp:: com.android.keyguard, Auto Run ON
D/InputReader(  879): Input event: value=0
D/InputReader(  879): !@notifyKey(172), action=1
D/InputManager-JNI(  879): !@interceptKeyBeforeQueueing(172), action=1
D/InputManager-JNI(  879): !@handleInterceptActions(172), action=1, wmActions=1
D/PersonaManagerService(  879): getPhoneCaller as 0 / from 879
D/PersonaManager(  879): in PersonaManager, handleHomeShow()
D/ActivityManager(  879): bindService callerProcessName:android, calleePkgName: com.android.keyguard, action: null
D/ActivityManager(  879): isAutoRunBlockedApp:: com.android.keyguard, Auto Run ON
D/VoIPInterfaceManager(  879): isVoIPRinging()...
D/VoIPInterfaceManager(  879): isVoIPRunningAndDeregi()...
D/VoIPInterfaceManager(  879): Not exist call session
I/WindowManager(  879): startDockOrHome
D/PowerManagerService(  879): [api] [s] userActivity : event: 0 flags: 0 (uid: 1000 pid: 879) eventTime = 680988
D/Launcher.HomeView( 1346): onPause
D/PhoneStatusBar( 1118): setTransGradationMode=false, mTransparentMode=false, mSemiTransparentMode=false, mMultiWindowMode=false
D/PhoneStatusBar( 1118): checkBarMode(2)
D/Launcher.HomeView( 1346): performOnHomePressed
D/Launcher( 1346): onResume, Launcher: 1120337824
D/Activity( 1346): #1 setTransGradationModeColor false
D/CustomFrequencyManagerService(  879): acquireDVFSLockLocked : type : DVFS_MIN_LIMIT  frequency : 1190400  uid : 1000  pid : 879  pkgName : ACTIVITY_RESUME_BOOSTER@4
W/ActivityManager(  879): mDVFSHelper.acquire()
D/StatusBarManagerService(  879): tr p:1346,o:f
D/STATUSBAR-AirplaneModeQuickSettingButton( 1118): onReceive : android.intent.action.CLOSE_SYSTEM_DIALOGS
W/ContextImpl(  879): Calling a method in the system process without a qualified user: android.app.ContextImpl.sendBroadcast:1510 com.android.server.InputMethodManagerService$4.run:2835 java.lang.Thread.run:841 <bottom of call stack> <bottom of call stack> 
D/StatusBarManagerService(  879): semi p:1346,o:f
D/Launcher.HomeView( 1346): onResume
D/Launcher( 1346): setSystemUiTransparency.SettingNotFoundException : set as TRUE
D/StatusBarManagerService(  879): tr p:1346,o:t
D/MenuAppsGridFragment( 1346): onResume
D/GalleryCacheReady( 4680): Receive : home resume
D/Mms/UIEventReceiver( 4572): ui event
D/PhoneStatusBar( 1118): setSemiTransparentMode=false, mTransparentMode=false, mSemiTransparentMode=false, mMultiWindowMode=false
D/PhoneStatusBar( 1118): checkBarMode(2)
D/PhoneStatusBar( 1118): setTransGradationMode=true, mTransparentMode=true, mSemiTransparentMode=false, mMultiWindowMode=false
D/PhoneStatusBar( 1118): checkBarMode(4)
D/InputReader(  879): Input event: value=1
D/InputReader(  879): !@notifyKey(172), action=0
D/InputManager-JNI(  879): !@interceptKeyBeforeQueueing(172), action=0
D/InputManager-JNI(  879): !@handleInterceptActions(172), action=0, wmActions=1
D/PersonaManagerService(  879): getPhoneCaller as 0 / from 879
D/ActivityManager(  879): bindService callerProcessName:android, calleePkgName: com.android.keyguard, action: null
D/ActivityManager(  879): isAutoRunBlockedApp:: com.android.keyguard, Auto Run ON
D/InputReader(  879): Input event: value=0
D/InputReader(  879): !@notifyKey(172), action=1
D/InputManager-JNI(  879): !@interceptKeyBeforeQueueing(172), action=1
D/InputManager-JNI(  879): !@handleInterceptActions(172), action=1, wmActions=1
D/PersonaManagerService(  879): getPhoneCaller as 0 / from 879
D/PersonaManager(  879): in PersonaManager, handleHomeShow()
D/ActivityManager(  879): bindService callerProcessName:android, calleePkgName: com.android.keyguard, action: null
D/ActivityManager(  879): isAutoRunBlockedApp:: com.android.keyguard, Auto Run ON
D/VoIPInterfaceManager(  879): isVoIPRinging()...
D/VoIPInterfaceManager(  879): isVoIPRunningAndDeregi()...
D/VoIPInterfaceManager(  879): Not exist call session
I/WindowManager(  879): startDockOrHome
D/PowerManagerService(  879): [api] [s] userActivity : event: 0 flags: 0 (uid: 1000 pid: 879) eventTime = 681356
D/Launcher.HomeView( 1346): onPause
D/Launcher.HomeView( 1346): performOnHomePressed
D/PhoneStatusBar( 1118): setTransGradationMode=false, mTransparentMode=false, mSemiTransparentMode=false, mMultiWindowMode=false
D/PhoneStatusBar( 1118): checkBarMode(2)
D/Launcher( 1346): onResume, Launcher: 1120337824
D/Activity( 1346): #1 setTransGradationModeColor false
D/Launcher.HomeView( 1346): onResume
D/Launcher( 1346): setSystemUiTransparency.SettingNotFoundException : set as TRUE
D/CustomFrequencyManagerService(  879): releaseDVFSLockLocked : Getting Lock type frm List : DVFS_MIN_LIMIT  frequency : 1190400  uid : 1000  pid : 879  tag : ACTIVITY_RESUME_BOOSTER@4
D/CustomFrequencyManagerService(  879): acquireDVFSLockLocked : type : DVFS_MIN_LIMIT  frequency : 1190400  uid : 1000  pid : 879  pkgName : ACTIVITY_RESUME_BOOSTER@4
W/ActivityManager(  879): mDVFSHelper.acquire()
D/STATUSBAR-AirplaneModeQuickSettingButton( 1118): onReceive : android.intent.action.CLOSE_SYSTEM_DIALOGS
D/StatusBarManagerService(  879): tr p:1346,o:f
W/ContextImpl(  879): Calling a method in the system process without a qualified user: android.app.ContextImpl.sendBroadcast:1510 com.android.server.InputMethodManagerService$4.run:2835 java.lang.Thread.run:841 <bottom of call stack> <bottom of call stack> 
D/StatusBarManagerService(  879): semi p:1346,o:f
D/MenuAppsGridFragment( 1346): onResume
D/StatusBarManagerService(  879): tr p:1346,o:t
D/GalleryCacheReady( 4680): Receive : home resume
D/PhoneStatusBar( 1118): setSemiTransparentMode=false, mTransparentMode=false, mSemiTransparentMode=false, mMultiWindowMode=false
D/PhoneStatusBar( 1118): checkBarMode(2)
D/PhoneStatusBar( 1118): setTransGradationMode=true, mTransparentMode=true, mSemiTransparentMode=false, mMultiWindowMode=false
D/PhoneStatusBar( 1118): checkBarMode(4)
D/Mms/UIEventReceiver( 4572): ui event
D/InputReader(  879): Input event: value=1
D/InputReader(  879): !@notifyKey(172), action=0
D/InputManager-JNI(  879): !@interceptKeyBeforeQueueing(172), action=0
D/InputManager-JNI(  879): !@handleInterceptActions(172), action=0, wmActions=1
D/PersonaManagerService(  879): getPhoneCaller as 0 / from 879
D/ActivityManager(  879): bindService callerProcessName:android, calleePkgName: com.android.keyguard, action: null
D/ActivityManager(  879): isAutoRunBlockedApp:: com.android.keyguard, Auto Run ON
D/InputReader(  879): Input event: value=0
D/InputReader(  879): !@notifyKey(172), action=1
D/InputManager-JNI(  879): !@interceptKeyBeforeQueueing(172), action=1
D/InputManager-JNI(  879): !@handleInterceptActions(172), action=1, wmActions=1
D/PersonaManagerService(  879): getPhoneCaller as 0 / from 879
D/PersonaManager(  879): in PersonaManager, handleHomeShow()
D/ActivityManager(  879): bindService callerProcessName:android, calleePkgName: com.android.keyguard, action: null
D/ActivityManager(  879): isAutoRunBlockedApp:: com.android.keyguard, Auto Run ON
D/VoIPInterfaceManager(  879): isVoIPRinging()...
D/VoIPInterfaceManager(  879): isVoIPRunningAndDeregi()...
D/VoIPInterfaceManager(  879): Not exist call session
I/WindowManager(  879): startDockOrHome
D/PowerManagerService(  879): [api] [s] userActivity : event: 0 flags: 0 (uid: 1000 pid: 879) eventTime = 681654
D/STATUSBAR-AirplaneModeQuickSettingButton( 1118): onReceive : android.intent.action.CLOSE_SYSTEM_DIALOGS
D/CustomFrequencyManagerService(  879): releaseDVFSLockLocked : Getting Lock type frm List : DVFS_MIN_LIMIT  frequency : 1190400  uid : 1000  pid : 879  tag : ACTIVITY_RESUME_BOOSTER@4
D/CustomFrequencyManagerService(  879): acquireDVFSLockLocked : type : DVFS_MIN_LIMIT  frequency : 1190400  uid : 1000  pid : 879  pkgName : ACTIVITY_RESUME_BOOSTER@4
W/ActivityManager(  879): mDVFSHelper.acquire()
D/Launcher.HomeView( 1346): onPause
D/Launcher.HomeView( 1346): performOnHomePressed
D/Launcher( 1346): onResume, Launcher: 1120337824
D/PhoneStatusBar( 1118): setTransGradationMode=false, mTransparentMode=false, mSemiTransparentMode=false, mMultiWindowMode=false
D/PhoneStatusBar( 1118): checkBarMode(2)
D/Activity( 1346): #1 setTransGradationModeColor false
D/Launcher.HomeView( 1346): onResume
D/StatusBarManagerService(  879): tr p:1346,o:f
W/ContextImpl(  879): Calling a method in the system process without a qualified user: android.app.ContextImpl.sendBroadcast:1510 com.android.server.InputMethodManagerService$4.run:2835 java.lang.Thread.run:841 <bottom of call stack> <bottom of call stack> 
D/StatusBarManagerService(  879): semi p:1346,o:f
D/Launcher( 1346): setSystemUiTransparency.SettingNotFoundException : set as TRUE
D/MenuAppsGridFragment( 1346): onResume
D/GalleryCacheReady( 4680): Receive : home resume
D/StatusBarManagerService(  879): tr p:1346,o:t
D/Mms/UIEventReceiver( 4572): ui event
D/PhoneStatusBar( 1118): setSemiTransparentMode=false, mTransparentMode=false, mSemiTransparentMode=false, mMultiWindowMode=false
D/PhoneStatusBar( 1118): checkBarMode(2)
D/PhoneStatusBar( 1118): setTransGradationMode=true, mTransparentMode=true, mSemiTransparentMode=false, mMultiWindowMode=false
D/PhoneStatusBar( 1118): checkBarMode(4)
D/InputReader(  879): Input event: value=1
D/InputReader(  879): !@notifyKey(172), action=0
D/InputManager-JNI(  879): !@interceptKeyBeforeQueueing(172), action=0
D/InputManager-JNI(  879): !@handleInterceptActions(172), action=0, wmActions=1
D/PersonaManagerService(  879): getPhoneCaller as 0 / from 879
D/ActivityManager(  879): bindService callerProcessName:android, calleePkgName: com.android.keyguard, action: null
D/ActivityManager(  879): isAutoRunBlockedApp:: com.android.keyguard, Auto Run ON
D/InputReader(  879): Input event: value=0
D/InputReader(  879): !@notifyKey(172), action=1
D/InputManager-JNI(  879): !@interceptKeyBeforeQueueing(172), action=1
D/InputManager-JNI(  879): !@handleInterceptActions(172), action=1, wmActions=1
D/PersonaManagerService(  879): getPhoneCaller as 0 / from 879
D/PersonaManager(  879): in PersonaManager, handleHomeShow()
D/ActivityManager(  879): bindService callerProcessName:android, calleePkgName: com.android.keyguard, action: null
D/ActivityManager(  879): isAutoRunBlockedApp:: com.android.keyguard, Auto Run ON
D/VoIPInterfaceManager(  879): isVoIPRinging()...
D/VoIPInterfaceManager(  879): isVoIPRunningAndDeregi()...
D/VoIPInterfaceManager(  879): Not exist call session
I/WindowManager(  879): startDockOrHome
D/PowerManagerService(  879): [api] [s] userActivity : event: 0 flags: 0 (uid: 1000 pid: 879) eventTime = 681896
D/Launcher.HomeView( 1346): onPause
D/Launcher.HomeView( 1346): performOnHomePressed
D/Launcher( 1346): onResume, Launcher: 1120337824
D/Activity( 1346): #1 setTransGradationModeColor false
D/STATUSBAR-AirplaneModeQuickSettingButton( 1118): onReceive : android.intent.action.CLOSE_SYSTEM_DIALOGS
D/CustomFrequencyManagerService(  879): releaseDVFSLockLocked : Getting Lock type frm List : DVFS_MIN_LIMIT  frequency : 1190400  uid : 1000  pid : 879  tag : ACTIVITY_RESUME_BOOSTER@4
D/CustomFrequencyManagerService(  879): acquireDVFSLockLocked : type : DVFS_MIN_LIMIT  frequency : 1190400  uid : 1000  pid : 879  pkgName : ACTIVITY_RESUME_BOOSTER@4
W/ActivityManager(  879): mDVFSHelper.acquire()
D/StatusBarManagerService(  879): tr p:1346,o:f
D/StatusBarManagerService(  879): semi p:1346,o:f
W/ContextImpl(  879): Calling a method in the system process without a qualified user: android.app.ContextImpl.sendBroadcast:1510 com.android.server.InputMethodManagerService$4.run:2835 java.lang.Thread.run:841 <bottom of call stack> <bottom of call stack> 
D/Launcher.HomeView( 1346): onResume
D/PhoneStatusBar( 1118): setTransGradationMode=false, mTransparentMode=false, mSemiTransparentMode=false, mMultiWindowMode=false
D/PhoneStatusBar( 1118): checkBarMode(2)
D/PhoneStatusBar( 1118): setSemiTransparentMode=false, mTransparentMode=false, mSemiTransparentMode=false, mMultiWindowMode=false
D/PhoneStatusBar( 1118): checkBarMode(2)
D/Launcher( 1346): setSystemUiTransparency.SettingNotFoundException : set as TRUE
D/MenuAppsGridFragment( 1346): onResume
D/StatusBarManagerService(  879): tr p:1346,o:t
D/GalleryCacheReady( 4680): Receive : home resume
D/Mms/UIEventReceiver( 4572): ui event
D/PhoneStatusBar( 1118): setTransGradationMode=true, mTransparentMode=true, mSemiTransparentMode=false, mMultiWindowMode=false
D/PhoneStatusBar( 1118): checkBarMode(4)
D/CustomFrequencyManagerService(  879): releaseDVFSLockLocked : Getting Lock type frm List : DVFS_MIN_LIMIT  frequency : 1190400  uid : 1000  pid : 879  tag : ACTIVITY_RESUME_BOOSTER@4
W/ActivityManager(  879): mDVFSHelper.release()
D/CustomFrequencyManagerService(  879): acquireDVFSLockLocked : type : DVFS_MIN_LIMIT  frequency : 1190400  uid : 1000  pid : 879  pkgName : ACTIVITY_RESUME_BOOSTER@8
D/dalvikvm(  879): GC_CONCURRENT freed 444K, 23% free 25465K/32744K, paused 3ms+8ms, total 86ms
D/CustomFrequencyManagerService(  879): releaseDVFSLockLocked : Getting Lock type frm List : DVFS_MIN_LIMIT  frequency : 1190400  uid : 1000  pid : 879  tag : ACTIVITY_RESUME_BOOSTER@8
D/KeyguardUpdateMonitor( 1118): received broadcast android.intent.action.BATTERY_CHANGED
D/KeyguardUpdateMonitor( 1118): handleBatteryUpdate
D/KeyguardFestivalEffect( 1118): onReceive: android.intent.action.BATTERY_CHANGED
D/BatteryService(  879): level:51, scale:100, status:2, health:2, present:true, voltage: 3888, temperature: 307, technology: Li-ion, AC powered:false, USB powered:true, Wireless powered:false, icon:17303690, invalid charger:0, online:4, current avg:0, charge type:1, power sharing:false, high voltage charger:false, capacity:295000, current_now:0
D/BatteryService(  879): Sending ACTION_BATTERY_CHANGED.
D/STATUSBAR-PhoneStatusBar( 1118):  mBrightnessEnablebySettings = true mBrightnessEnablebyBattery = true mBrightnessEnablebyDisableFlag = true mPmsBrightnessEnablebySettings = true
D/STATUSBAR-IconMerger( 1118): checkOverflow(336), More:false, Req:false Child:2
D/BatteryMeterView( 1118): ACTION_BATTERY_CHANGED : level:51 status:2 health:2isPlug: true
D/SSRMv3:SsrmController(  879): SIOP:: AP = 320
D/InputReader(  879): Input event: value=1
I/InputReader(  879): Touch event's action is 0x0 (deviceType=0) [pCnt=1, s=0.428 ] when=684652546000
I/InputDispatcher(  879): Delivering touch to (1118): action: 0x4, toolType: 1
I/InputDispatcher(  879): Delivering touch to (2130): action: 0x4, toolType: 1
I/InputDispatcher(  879): Delivering touch to (1346): action: 0x0, toolType: 1
I/InputDispatcher(  879): Delivering touch to (1259): action: 0x0, toolType: 1
D/ViewRootImpl( 1346): ViewPostImeInputStage ACTION_DOWN
D/CustomFrequencyManagerService(  879): acquireDVFSLockLocked : type : DVFS_MIN_LIMIT  frequency : 1190400  uid : 1000  pid : 879  pkgName : com.sec.android.app.launcher@1
D/AutoHideHelper( 2130): ###check Single invalid
D/InputReader(  879): Input event: value=0
I/InputReader(  879): Touch event's action is 0x1 (deviceType=0) [pCnt=1, s=] when=684735017000
I/InputDispatcher(  879): Delivering touch to (1346): action: 0x1, toolType: 1
I/InputDispatcher(  879): Delivering touch to (1259): action: 0x1, toolType: 1
D/CustomFrequencyManagerService(  879): releaseDVFSLockLocked : Getting Lock type frm List : DVFS_MIN_LIMIT  frequency : 1190400  uid : 1000  pid : 879  tag : com.sec.android.app.launcher@1
D/SamsungIME( 2147): onStartInput  ccontentType: 0 Restarting:false
D/InputModeSwitcher( 2147): switchModeBySettings:mMainInputMode = 11110000
D/InputModeSwitcher( 2147): switchModeBySettings:lastInputMode = 11110000
D/SimeLanguageMgr( 2147): LMGR------isValidLangChanged-----bRet =false;i=5
I/InputModeSwitcher( 2147): switchModeBySettings:language NOT changed
D/InputModeSwitcher( 2147): switchModeBySettings:bRet = false
D/InputReader(  879): Input event: value=1
I/InputReader(  879): Touch event's action is 0x0 (deviceType=0) [pCnt=1, s=0.429 ] when=686214154000
I/InputDispatcher(  879): Delivering touch to (1118): action: 0x4, toolType: 1
I/InputDispatcher(  879): Delivering touch to (2130): action: 0x4, toolType: 1
I/InputDispatcher(  879): Delivering touch to (1346): action: 0x0, toolType: 1
I/InputDispatcher(  879): Delivering touch to (1259): action: 0x0, toolType: 1
D/ViewRootImpl( 1346): ViewPostImeInputStage ACTION_DOWN
D/CustomFrequencyManagerService(  879): acquireDVFSLockLocked : type : DVFS_MIN_LIMIT  frequency : 1190400  uid : 1000  pid : 879  pkgName : com.sec.android.app.launcher@1
D/AutoHideHelper( 2130): ###check Single invalid
D/InputReader(  879): Input event: value=0
I/InputReader(  879): Touch event's action is 0x1 (deviceType=0) [pCnt=1, s=] when=686272858000
I/InputDispatcher(  879): Delivering touch to (1346): action: 0x1, toolType: 1
I/InputDispatcher(  879): Delivering touch to (1259): action: 0x1, toolType: 1
D/CustomFrequencyManagerService(  879): releaseDVFSLockLocked : Getting Lock type frm List : DVFS_MIN_LIMIT  frequency : 1190400  uid : 1000  pid : 879  tag : com.sec.android.app.launcher@1
D/CustomFrequencyManagerService(  879): acquireDVFSLockLocked : type : DVFS_MIN_LIMIT  frequency : 1190400  uid : 1000  pid : 879  pkgName : LAUNCHER_APP_BOOSTER_CPU@6
D/CustomFrequencyManagerService(  879): acquireDVFSLockLocked : type : DVFS_MIN_LIMIT  frequency : 1190400  uid : 1000  pid : 879  pkgName : ACTIVITY_RESUME_BOOSTER@4
W/ActivityManager(  879): mDVFSHelper.acquire()
D/KeyguardUpdateMonitor( 1118): sendKeyguardVisibilityChanged(true)
D/MultiSimUtils( 1118): getPinLockRequest() slot1 : mPIN1LockReceived = false, mPIN1LockState = null
D/MultiSimUtils( 1118): getPinLockRequest() slot2 : mPIN2LockReceived = false, mPIN2LockState = null
D/KeyguardUpdateMonitor( 1118): handleKeyguardVisibilityChanged(1)
D/PointerIcon(  879): setMouseIconStyle1 pointerType: 1001iconType:101 flag:0
D/PointerIcon(  879): setMouseCustomIcon IconType is same.101
D/Launcher.HomeView( 1346): onPause
D/PhoneStatusBar( 1118): setTransGradationMode=false, mTransparentMode=false, mSemiTransparentMode=false, mMultiWindowMode=false
D/PhoneStatusBar( 1118): checkBarMode(2)
D/StatusBarManagerService(  879): tr p:1346,o:f
D/PowerManagerService(  879): setKeyboardVisibility: false
D/KeyguardUpdateMonitor( 1118): sendKeyguardVisibilityChanged(true)
D/MultiSimUtils( 1118): getPinLockRequest() slot1 : mPIN1LockReceived = false, mPIN1LockState = null
D/MultiSimUtils( 1118): getPinLockRequest() slot2 : mPIN2LockReceived = false, mPIN2LockState = null
D/KeyguardUpdateMonitor( 1118): sendKeyguardVisibilityChanged(true)
D/MultiSimUtils( 1118): getPinLockRequest() slot1 : mPIN1LockReceived = false, mPIN1LockState = null
D/MultiSimUtils( 1118): getPinLockRequest() slot2 : mPIN2LockReceived = false, mPIN2LockState = null
D/Activity( 7190): #2 setTransGradationModeColor to true
I/VerificationLog( 7190): -- onResume -- 
I/VerificationLog( 7190): -- Excuted -- 
D/i       (  879): DeviceInfo:: 000000000000
D/i       (  879): SettingsAirViewInfo:: 000000000
D/StatusBarManagerService(  879): semi p:7190,o:t
E/AlarmManagerService(  879): Unable to set auto power up alarm to 0000000000000 : Invalid argument
D/CardBroadcastDispatcher( 2020): Provider is not initialized yet.
D/KeyguardUpdateMonitor( 1118): handleKeyguardVisibilityChanged(1)
D/KeyguardUpdateMonitor( 1118): handleKeyguardVisibilityChanged(1)
D/PhoneStatusBar( 1118): setSemiTransparentMode=true, mTransparentMode=false, mSemiTransparentMode=true, mMultiWindowMode=false
D/PhoneStatusBar( 1118): checkBarMode(5)
D/ActivityManager(  879): startService callerProcessName:com.samsung.android.app.sreminder, calleePkgName: com.samsung.android.app.sreminder
D/CardBroadcastDispatcher( 2020): Provider is not initialized yet.
D/ActivityManager(  879): startService callerProcessName:com.samsung.android.app.sreminder, calleePkgName: com.samsung.android.app.sreminder
D/ActivityManager(  879): startService callerProcessName:com.samsung.android.app.sreminder, calleePkgName: com.samsung.android.app.sreminder
D/CardBroadcastDispatcher( 2020): Provider is not initialized yet.
D/WritingBuddyImpl( 7190): Reset parent View
I/SurfaceFlinger(  256): id=145 createSurf (720x1280),1 flag=404, DlockPackag
I/SpenGestureManager(  879): setFocusWindow21005
D/KeyguardUpdateMonitor( 1118): sendKeyguardVisibilityChanged(true)
D/MultiSimUtils( 1118): getPinLockRequest() slot1 : mPIN1LockReceived = false, mPIN1LockState = null
D/MultiSimUtils( 1118): getPinLockRequest() slot2 : mPIN2LockReceived = false, mPIN2LockState = null
D/PointerIcon(  879): setMouseIconStyle1 pointerType: 1001iconType:101 flag:0
D/PointerIcon(  879): setMouseCustomIcon IconType is same.101
D/STATUSBAR-StatusBarManagerService(  879): manageDisableList what=0x0 pkg=WindowManager.LayoutParams
D/KeyguardUpdateMonitor( 1118): handleKeyguardVisibilityChanged(1)
D/TwCheckBox( 7190): setChecked(1) checked=false, mCheckBoxAnimationEnabled=true, mIsAttached=true
D/KeyguardUpdateMonitor( 1118): sendKeyguardVisibilityChanged(true)
D/MultiSimUtils( 1118): getPinLockRequest() slot1 : mPIN1LockReceived = false, mPIN1LockState = null
D/MultiSimUtils( 1118): getPinLockRequest() slot2 : mPIN2LockReceived = false, mPIN2LockState = null
D/KeyguardUpdateMonitor( 1118): sendKeyguardVisibilityChanged(true)
D/MultiSimUtils( 1118): getPinLockRequest() slot1 : mPIN1LockReceived = false, mPIN1LockState = null
D/MultiSimUtils( 1118): getPinLockRequest() slot2 : mPIN2LockReceived = false, mPIN2LockState = null
D/KeyguardUpdateMonitor( 1118): sendKeyguardVisibilityChanged(true)
D/MultiSimUtils( 1118): getPinLockRequest() slot1 : mPIN1LockReceived = false, mPIN1LockState = null
D/MultiSimUtils( 1118): getPinLockRequest() slot2 : mPIN2LockReceived = false, mPIN2LockState = null
D/MultiWindowConverter(  879): This application or window do not support multiwindow
D/KeyguardUpdateMonitor( 1118): sendKeyguardVisibilityChanged(true)
D/MultiSimUtils( 1118): getPinLockRequest() slot1 : mPIN1LockReceived = false, mPIN1LockState = null
D/MultiSimUtils( 1118): getPinLockRequest() slot2 : mPIN2LockReceived = false, mPIN2LockState = null
D/SamsungIME( 2147): onStartInput  ccontentType: 0 Restarting:false
D/InputModeSwitcher( 2147): switchModeBySettings:mMainInputMode = 11110000
D/InputModeSwitcher( 2147): switchModeBySettings:lastInputMode = 11110000
D/SimeLanguageMgr( 2147): LMGR------isValidLangChanged-----bRet =false;i=5
I/InputModeSwitcher( 2147): switchModeBySettings:language NOT changed
D/InputModeSwitcher( 2147): switchModeBySettings:bRet = false
D/KeyguardUpdateMonitor( 1118): sendKeyguardVisibilityChanged(true)
D/MultiSimUtils( 1118): getPinLockRequest() slot1 : mPIN1LockReceived = false, mPIN1LockState = null
D/MultiSimUtils( 1118): getPinLockRequest() slot2 : mPIN2LockReceived = false, mPIN2LockState = null
W/ContextImpl(  879): Calling a method in the system process without a qualified user: android.app.ContextImpl.sendBroadcast:1510 com.android.server.InputMethodManagerService$4.run:2835 java.lang.Thread.run:841 <bottom of call stack> <bottom of call stack> 
D/KeyguardUpdateMonitor( 1118): handleKeyguardVisibilityChanged(1)
D/KeyguardUpdateMonitor( 1118): handleKeyguardVisibilityChanged(1)
D/KeyguardUpdateMonitor( 1118): handleKeyguardVisibilityChanged(1)
D/KeyguardUpdateMonitor( 1118): handleKeyguardVisibilityChanged(1)
D/KeyguardUpdateMonitor( 1118): handleKeyguardVisibilityChanged(1)
D/KeyguardUpdateMonitor( 1118): sendKeyguardVisibilityChanged(true)
D/MultiSimUtils( 1118): getPinLockRequest() slot1 : mPIN1LockReceived = false, mPIN1LockState = null
D/MultiSimUtils( 1118): getPinLockRequest() slot2 : mPIN2LockReceived = false, mPIN2LockState = null
D/KeyguardUpdateMonitor( 1118): handleKeyguardVisibilityChanged(1)
I/SurfaceFlinger(  256): id=144 Removed Mauncher (4/15)
I/SurfaceFlinger(  256): id=144 Removed Mauncher (-2/15)
D/CustomFrequencyManagerService(  879): releaseDVFSLockLocked : Getting Lock type frm List : DVFS_MIN_LIMIT  frequency : 1190400  uid : 1000  pid : 879  tag : ACTIVITY_RESUME_BOOSTER@4
W/ActivityManager(  879): mDVFSHelper.release()
D/KeyguardUpdateMonitor( 1118): sendKeyguardVisibilityChanged(true)
D/MultiSimUtils( 1118): getPinLockRequest() slot1 : mPIN1LockReceived = false, mPIN1LockState = null
D/MultiSimUtils( 1118): getPinLockRequest() slot2 : mPIN2LockReceived = false, mPIN2LockState = null
D/KeyguardUpdateMonitor( 1118): handleKeyguardVisibilityChanged(1)
D/Launcher.HomeView( 1346): onStop
D/CustomFrequencyManagerService(  879): acquireDVFSLockLocked : type : DVFS_MIN_LIMIT  frequency : 1190400  uid : 1000  pid : 879  pkgName : ACTIVITY_RESUME_BOOSTER@8
D/KeyguardUpdateMonitor( 1118): sendKeyguardVisibilityChanged(true)
D/MultiSimUtils( 1118): getPinLockRequest() slot1 : mPIN1LockReceived = false, mPIN1LockState = null
D/MultiSimUtils( 1118): getPinLockRequest() slot2 : mPIN2LockReceived = false, mPIN2LockState = null
D/KeyguardUpdateMonitor( 1118): handleKeyguardVisibilityChanged(1)
D/Launcher( 1346): onTrimMemory. Level: 20
D/dalvikvm(  879): GC_CONCURRENT freed 313K, 23% free 25455K/32744K, paused 3ms+7ms, total 94ms
D/CustomFrequencyManagerService(  879): releaseDVFSLockLocked : Getting Lock type frm List : DVFS_MIN_LIMIT  frequency : 1190400  uid : 1000  pid : 879  tag : ACTIVITY_RESUME_BOOSTER@8
D/InputReader(  879): Input event: value=1
I/InputReader(  879): Touch event's action is 0x0 (deviceType=0) [pCnt=1, s=0.430 ] when=688214070000
I/InputDispatcher(  879): Delivering touch to (1118): action: 0x4, toolType: 1
I/InputDispatcher(  879): Delivering touch to (2130): action: 0x4, toolType: 1
I/InputDispatcher(  879): Delivering touch to (7190): action: 0x0, toolType: 1
D/AutoHideHelper( 2130): ###check Single invalid
D/ViewRootImpl( 7190): ViewPostImeInputStage ACTION_DOWN
D/InputReader(  879): Input event: value=0
I/InputReader(  879): Touch event's action is 0x1 (deviceType=0) [pCnt=1, s=] when=688283187000
I/InputDispatcher(  879): Delivering touch to (7190): action: 0x1, toolType: 1
I/SQLiteSecureOpenHelper( 3474): getWritableDatabase(pwd)
I/SQLiteSecureOpenHelper( 3474): getDatabaseLocked(b,b,pwd)...
D/CustomFrequencyManagerService(  879): acquireDVFSLockLocked : type : DVFS_MIN_LIMIT  frequency : 1190400  uid : 1000  pid : 879  pkgName : ACTIVITY_RESUME_BOOSTER@4
W/ActivityManager(  879): mDVFSHelper.acquire()
D/CustomFrequencyManagerService(  879): releaseDVFSLockLocked : Getting Lock type frm List : DVFS_MIN_LIMIT  frequency : 1190400  uid : 1000  pid : 879  tag : LAUNCHER_APP_BOOSTER_CPU@6
D/CustomFrequencyManagerService(  879): FrequencyrequestList.getNextMaxCPUCoreRequest, index: 0
D/KeyguardUpdateMonitor( 1118): sendKeyguardVisibilityChanged(true)
D/MultiSimUtils( 1118): getPinLockRequest() slot1 : mPIN1LockReceived = false, mPIN1LockState = null
D/MultiSimUtils( 1118): getPinLockRequest() slot2 : mPIN2LockReceived = false, mPIN2LockState = null
D/KeyguardUpdateMonitor( 1118): handleKeyguardVisibilityChanged(1)
D/PointerIcon(  879): setMouseIconStyle1 pointerType: 1001iconType:101 flag:0
D/PointerIcon(  879): setMouseCustomIcon IconType is same.101
D/KeyguardUpdateMonitor( 1118): sendKeyguardVisibilityChanged(true)
D/MultiSimUtils( 1118): getPinLockRequest() slot1 : mPIN1LockReceived = false, mPIN1LockState = null
D/MultiSimUtils( 1118): getPinLockRequest() slot2 : mPIN2LockReceived = false, mPIN2LockState = null
D/KeyguardUpdateMonitor( 1118): handleKeyguardVisibilityChanged(1)
D/PowerManagerService(  879): setKeyboardVisibility: false
D/TwCheckBox( 7190): setButtonDrawable(Drawable d) mButtonBgHasBeenSet=false
D/TwCheckBox( 7190): setChecked(1) checked=false, mCheckBoxAnimationEnabled=true, mIsAttached=false
D/TwCheckBox( 7190): animationEnabled=true, usesDeviceDefaultBg=true, usesDeviceDefaultAnimResBg=true
D/ProgressBar( 7190): setProgressDrawable drawableHeight = 12
D/ProgressBar( 7190): setDualProgressDrawable drawableHeight = 12
D/AbsSeekBar( 7190): AbsSeekBar Constructor: mAllowedSeeBarAnimation = false
V/VibratorService(  879): hasVibrator - useVibetonz: false
W/RingtoneManager( 7190): setIncludeDrm no longer supported
D/RingtoneManager( 7190): getActualDefaultRingtoneUri  type    :4
D/RingtoneManager( 7190): checkDefaultRingtoneProperUri : InternalMediaAudio uriString not null    type:4
D/RingtoneManager( 7190): getActualDefaultRingtoneUri  type    :4
D/RingtoneManager( 7190): checkDefaultRingtoneProperUri : InternalMediaAudio uriString not null    type:4
D/RingtoneManager( 7190): getActualDefaultRingtoneUri  type    :4
D/RingtoneManager( 7190): checkDefaultRingtoneProperUri : InternalMediaAudio uriString not null    type:4
D/Activity( 7190): #2 setTransGradationModeColor to true
D/PhoneStatusBar( 1118): setSemiTransparentMode=true, mTransparentMode=false, mSemiTransparentMode=true, mMultiWindowMode=false
D/PhoneStatusBar( 1118): checkBarMode(5)
W/AudioPolicyManagerBase(  259): FM radio recording off
D/StatusBarManagerService(  879): semi p:7190,o:t
D/ProgressBar(  879): setProgressDrawable drawableHeight = 12
D/ProgressBar(  879): setDualProgressDrawable drawableHeight = 12
D/ExtSeekBar(  879): setProgress = 0
D/ExtSeekBar(  879): setProgress = 0, fromUser = false, isEnableChangeColor() = false
D/ExtSeekBar(  879): updateDrawable this.mThumb = null, msetDrawable = null, mOffsetThumb = 0
D/ExtSeekBar(  879): updateDrawable getProgress() = 0, getMax() = 100GeneralUtil.isTablet() = false
D/ProgressBar(  879): setProgressDrawable drawableHeight = 12
D/AbsSeekBar(  879): AbsSeekBar Constructor: mAllowedSeeBarAnimation = false
I/ProgressBar(  879): setExtSeekBar isExtSeekBar = true
D/ProgressBar(  879): setProgressDrawable drawableHeight = 12
D/ProgressBar(  879): setDualProgressDrawable drawableHeight = 12
D/ExtSeekBar(  879): setProgress = 0
D/ExtSeekBar(  879): setProgress = 0, fromUser = false, isEnableChangeColor() = false
D/ExtSeekBar(  879): updateDrawable this.mThumb = null, msetDrawable = null, mOffsetThumb = 0
D/ExtSeekBar(  879): updateDrawable getProgress() = 0, getMax() = 100GeneralUtil.isTablet() = false
D/ProgressBar(  879): setProgressDrawable drawableHeight = 12
D/AbsSeekBar(  879): AbsSeekBar Constructor: mAllowedSeeBarAnimation = false
I/ProgressBar(  879): setExtSeekBar isExtSeekBar = true
D/ProgressBar(  879): setProgressDrawable drawableHeight = 12
D/ProgressBar(  879): setDualProgressDrawable drawableHeight = 12
D/ExtSeekBar(  879): setProgress = 0
D/ExtSeekBar(  879): setProgress = 0, fromUser = false, isEnableChangeColor() = false
D/ExtSeekBar(  879): updateDrawable this.mThumb = null, msetDrawable = null, mOffsetThumb = 0
D/ExtSeekBar(  879): updateDrawable getProgress() = 0, getMax() = 100GeneralUtil.isTablet() = false
D/ProgressBar(  879): setProgressDrawable drawableHeight = 12
D/AbsSeekBar(  879): AbsSeekBar Constructor: mAllowedSeeBarAnimation = false
I/ProgressBar(  879): setExtSeekBar isExtSeekBar = true
D/ProgressBar(  879): setProgressDrawable drawableHeight = 12
D/ProgressBar(  879): setDualProgressDrawable drawableHeight = 12
D/ExtSeekBar(  879): setProgress = 0
D/ExtSeekBar(  879): setProgress = 0, fromUser = false, isEnableChangeColor() = false
D/ExtSeekBar(  879): updateDrawable this.mThumb = null, msetDrawable = null, mOffsetThumb = 0
D/ExtSeekBar(  879): updateDrawable getProgress() = 0, getMax() = 100GeneralUtil.isTablet() = false
D/ProgressBar(  879): setProgressDrawable drawableHeight = 12
D/AbsSeekBar(  879): AbsSeekBar Constructor: mAllowedSeeBarAnimation = false
I/ProgressBar(  879): setExtSeekBar isExtSeekBar = true
D/ProgressBar(  879): setProgressDrawable drawableHeight = 12
D/ProgressBar(  879): setDualProgressDrawable drawableHeight = 12
D/ExtSeekBar(  879): setProgress = 0
D/ExtSeekBar(  879): setProgress = 0, fromUser = false, isEnableChangeColor() = false
D/ExtSeekBar(  879): updateDrawable this.mThumb = null, msetDrawable = null, mOffsetThumb = 0
D/ExtSeekBar(  879): updateDrawable getProgress() = 0, getMax() = 100GeneralUtil.isTablet() = false
D/ProgressBar(  879): setProgressDrawable drawableHeight = 12
D/AbsSeekBar(  879): AbsSeekBar Constructor: mAllowedSeeBarAnimation = false
I/ProgressBar(  879): setExtSeekBar isExtSeekBar = true
D/ProgressBar(  879): setProgressDrawable drawableHeight = 12
D/ProgressBar(  879): setDualProgressDrawable drawableHeight = 12
D/ExtSeekBar(  879): setProgress = 0
D/ExtSeekBar(  879): setProgress = 0, fromUser = false, isEnableChangeColor() = false
D/ExtSeekBar(  879): updateDrawable this.mThumb = null, msetDrawable = null, mOffsetThumb = 0
D/ExtSeekBar(  879): updateDrawable getProgress() = 0, getMax() = 100GeneralUtil.isTablet() = false
D/ProgressBar(  879): setProgressDrawable drawableHeight = 12
D/AbsSeekBar(  879): AbsSeekBar Constructor: mAllowedSeeBarAnimation = false
I/ProgressBar(  879): setExtSeekBar isExtSeekBar = true
D/ProgressBar(  879): setProgressDrawable drawableHeight = 12
D/ProgressBar(  879): setDualProgressDrawable drawableHeight = 12
D/ExtSeekBar(  879): setProgress = 0
D/ExtSeekBar(  879): setProgress = 0, fromUser = false, isEnableChangeColor() = false
D/ExtSeekBar(  879): updateDrawable this.mThumb = null, msetDrawable = null, mOffsetThumb = 0
D/ExtSeekBar(  879): updateDrawable getProgress() = 0, getMax() = 100GeneralUtil.isTablet() = false
D/ProgressBar(  879): setProgressDrawable drawableHeight = 12
D/AbsSeekBar(  879): AbsSeekBar Constructor: mAllowedSeeBarAnimation = false
I/ProgressBar(  879): setExtSeekBar isExtSeekBar = true
D/ProgressBar(  879): setProgressDrawable drawableHeight = 12
D/ProgressBar(  879): setDualProgressDrawable drawableHeight = 12
D/ExtSeekBar(  879): setProgress = 0
D/ExtSeekBar(  879): setProgress = 0, fromUser = false, isEnableChangeColor() = false
D/ExtSeekBar(  879): updateDrawable this.mThumb = null, msetDrawable = null, mOffsetThumb = 0
D/ExtSeekBar(  879): updateDrawable getProgress() = 0, getMax() = 100GeneralUtil.isTablet() = false
D/ProgressBar(  879): setProgressDrawable drawableHeight = 12
D/AbsSeekBar(  879): AbsSeekBar Constructor: mAllowedSeeBarAnimation = false
I/ProgressBar(  879): setExtSeekBar isExtSeekBar = true
D/ProgressBar(  879): setProgressDrawable drawableHeight = 12
D/ProgressBar(  879): setDualProgressDrawable drawableHeight = 12
D/ExtSeekBar(  879): setProgress = 0
D/ExtSeekBar(  879): setProgress = 0, fromUser = false, isEnableChangeColor() = false
D/ExtSeekBar(  879): updateDrawable this.mThumb = null, msetDrawable = null, mOffsetThumb = 0
D/ExtSeekBar(  879): updateDrawable getProgress() = 0, getMax() = 100GeneralUtil.isTablet() = false
D/ProgressBar(  879): setProgressDrawable drawableHeight = 12
D/AbsSeekBar(  879): AbsSeekBar Constructor: mAllowedSeeBarAnimation = false
I/ProgressBar(  879): setExtSeekBar isExtSeekBar = true
D/ProgressBar(  879): setProgressDrawable drawableHeight = 12
D/ProgressBar(  879): setDualProgressDrawable drawableHeight = 12
D/ExtSeekBar(  879): setProgress = 0
D/ExtSeekBar(  879): setProgress = 0, fromUser = false, isEnableChangeColor() = false
D/ExtSeekBar(  879): updateDrawable this.mThumb = null, msetDrawable = null, mOffsetThumb = 0
D/ExtSeekBar(  879): updateDrawable getProgress() = 0, getMax() = 100GeneralUtil.isTablet() = false
D/ProgressBar(  879): setProgressDrawable drawableHeight = 12
D/AbsSeekBar(  879): AbsSeekBar Constructor: mAllowedSeeBarAnimation = false
I/ProgressBar(  879): setExtSeekBar isExtSeekBar = true
D/ProgressBar(  879): setProgressDrawable drawableHeight = 12
D/ProgressBar(  879): setDualProgressDrawable drawableHeight = 12
D/ExtSeekBar(  879): setProgress = 0
D/ExtSeekBar(  879): setProgress = 0, fromUser = false, isEnableChangeColor() = false
D/ExtSeekBar(  879): updateDrawable this.mThumb = null, msetDrawable = null, mOffsetThumb = 0
D/ExtSeekBar(  879): updateDrawable getProgress() = 0, getMax() = 100GeneralUtil.isTablet() = false
D/ProgressBar(  879): setProgressDrawable drawableHeight = 12
D/AbsSeekBar(  879): AbsSeekBar Constructor: mAllowedSeeBarAnimation = false
I/ProgressBar(  879): setExtSeekBar isExtSeekBar = true
D/VolumePanel(  879): change volume by MSG_VOLUME_CHANGED
D/VolumePanel(  879): initCoverManager: initCoverManager
D/CoverManager(  879): registerListener
D/VolumePanel(  879): onVolumeChanged():initCoverManager
D/VolumePanel(  879): onVolumeChanged(streamType: 4, flags: 0)
I/FMRadioService(  879): *** mReceiver: VOLUME_CHANGED_ACTION
I/FMRadioService(  879):    stream: 4
I/FMRadioService(  879):    volume: 11
I/FMRadioService(  879):    current_stream_volume: 7
D/RingtoneManager( 7190): getActualDefaultRingtoneUri  type    :4
D/RingtoneManager( 7190): checkDefaultRingtoneProperUri : InternalMediaAudio uriString not null    type:4
D/PhoneStatusBar( 1118): setSemiTransparentMode=true, mTransparentMode=false, mSemiTransparentMode=true, mMultiWindowMode=false
D/PhoneStatusBar( 1118): checkBarMode(5)
D/StatusBarManagerService(  879): semi p:7190,o:t
I/SurfaceFlinger(  256): id=146 createSurf (1x1),1 flag=404, BlarmDetail
I/SpenGestureManager(  879): setFocusWindow21020
D/KeyguardUpdateMonitor( 1118): sendKeyguardVisibilityChanged(true)
D/MultiSimUtils( 1118): getPinLockRequest() slot1 : mPIN1LockReceived = false, mPIN1LockState = null
D/MultiSimUtils( 1118): getPinLockRequest() slot2 : mPIN2LockReceived = false, mPIN2LockState = null
D/KeyguardUpdateMonitor( 1118): handleKeyguardVisibilityChanged(1)
D/STATUSBAR-StatusBarManagerService(  879): manageDisableList what=0x0 pkg=WindowManager.LayoutParams
D/KeyguardUpdateMonitor( 1118): sendKeyguardVisibilityChanged(true)
D/MultiSimUtils( 1118): getPinLockRequest() slot1 : mPIN1LockReceived = false, mPIN1LockState = null
D/MultiSimUtils( 1118): getPinLockRequest() slot2 : mPIN2LockReceived = false, mPIN2LockState = null
D/KeyguardUpdateMonitor( 1118): handleKeyguardVisibilityChanged(1)
D/PointerIcon(  879): setMouseIconStyle1 pointerType: 1001iconType:101 flag:0
D/PointerIcon(  879): setMouseCustomIcon IconType is same.101
D/ProgressBar( 7190): updateDrawableBounds: left = 0
D/ProgressBar( 7190): updateDrawableBounds: top = 0
D/ProgressBar( 7190): updateDrawableBounds: right = 544
D/ProgressBar( 7190): updateDrawableBounds: bottom = 60
D/ProgressBar( 7190): updateDrawableBounds: mProgressDrawable.setBounds()
D/KeyguardUpdateMonitor( 1118): sendKeyguardVisibilityChanged(true)
D/MultiSimUtils( 1118): getPinLockRequest() slot1 : mPIN1LockReceived = false, mPIN1LockState = null
D/MultiSimUtils( 1118): getPinLockRequest() slot2 : mPIN2LockReceived = false, mPIN2LockState = null
D/KeyguardUpdateMonitor( 1118): handleKeyguardVisibilityChanged(1)
D/KeyguardUpdateMonitor( 1118): sendKeyguardVisibilityChanged(true)
D/MultiSimUtils( 1118): getPinLockRequest() slot1 : mPIN1LockReceived = false, mPIN1LockState = null
D/MultiSimUtils( 1118): getPinLockRequest() slot2 : mPIN2LockReceived = false, mPIN2LockState = null
D/KeyguardUpdateMonitor( 1118): handleKeyguardVisibilityChanged(1)
D/SamsungIME( 2147): onStartInput  ccontentType: 0 Restarting:false
D/InputModeSwitcher( 2147): switchModeBySettings:mMainInputMode = 11110000
D/InputModeSwitcher( 2147): switchModeBySettings:lastInputMode = 11110000
D/SimeLanguageMgr( 2147): LMGR------isValidLangChanged-----bRet =false;i=5
I/InputModeSwitcher( 2147): switchModeBySettings:language NOT changed
D/InputModeSwitcher( 2147): switchModeBySettings:bRet = false
W/ContextImpl(  879): Calling a method in the system process without a qualified user: android.app.ContextImpl.sendBroadcast:1510 com.android.server.InputMethodManagerService$4.run:2835 java.lang.Thread.run:841 <bottom of call stack> <bottom of call stack> 
D/KeyguardUpdateMonitor( 1118): sendKeyguardVisibilityChanged(true)
D/MultiSimUtils( 1118): getPinLockRequest() slot1 : mPIN1LockReceived = false, mPIN1LockState = null
D/MultiSimUtils( 1118): getPinLockRequest() slot2 : mPIN2LockReceived = false, mPIN2LockState = null
D/KeyguardUpdateMonitor( 1118): handleKeyguardVisibilityChanged(1)
D/KeyguardUpdateMonitor( 1118): sendKeyguardVisibilityChanged(true)
D/MultiSimUtils( 1118): getPinLockRequest() slot1 : mPIN1LockReceived = false, mPIN1LockState = null
D/MultiSimUtils( 1118): getPinLockRequest() slot2 : mPIN2LockReceived = false, mPIN2LockState = null
D/KeyguardUpdateMonitor( 1118): handleKeyguardVisibilityChanged(1)
D/MultiWindowConverter(  879): This application or window do not support multiwindow
D/KeyguardUpdateMonitor( 1118): sendKeyguardVisibilityChanged(true)
D/MultiSimUtils( 1118): getPinLockRequest() slot1 : mPIN1LockReceived = false, mPIN1LockState = null
D/MultiSimUtils( 1118): getPinLockRequest() slot2 : mPIN2LockReceived = false, mPIN2LockState = null
D/KeyguardUpdateMonitor( 1118): handleKeyguardVisibilityChanged(1)
D/KeyguardUpdateMonitor( 1118): sendKeyguardVisibilityChanged(true)
D/MultiSimUtils( 1118): getPinLockRequest() slot1 : mPIN1LockReceived = false, mPIN1LockState = null
D/MultiSimUtils( 1118): getPinLockRequest() slot2 : mPIN2LockReceived = false, mPIN2LockState = null
D/KeyguardUpdateMonitor( 1118): handleKeyguardVisibilityChanged(1)
I/SurfaceFlinger(  256): id=145 Removed DlockPackag (5/15)
I/SurfaceFlinger(  256): id=145 Removed DlockPackag (-2/15)
D/KeyguardUpdateMonitor( 1118): sendKeyguardVisibilityChanged(true)
D/MultiSimUtils( 1118): getPinLockRequest() slot1 : mPIN1LockReceived = false, mPIN1LockState = null
D/MultiSimUtils( 1118): getPinLockRequest() slot2 : mPIN2LockReceived = false, mPIN2LockState = null
D/KeyguardUpdateMonitor( 1118): handleKeyguardVisibilityChanged(1)
D/CustomFrequencyManagerService(  879): releaseDVFSLockLocked : Getting Lock type frm List : DVFS_MIN_LIMIT  frequency : 1190400  uid : 1000  pid : 879  tag : ACTIVITY_RESUME_BOOSTER@4
W/ActivityManager(  879): mDVFSHelper.release()
D/CustomFrequencyManagerService(  879): acquireDVFSLockLocked : type : DVFS_MIN_LIMIT  frequency : 1190400  uid : 1000  pid : 879  pkgName : ACTIVITY_RESUME_BOOSTER@8
D/KeyguardUpdateMonitor( 1118): sendKeyguardVisibilityChanged(true)
D/MultiSimUtils( 1118): getPinLockRequest() slot1 : mPIN1LockReceived = false, mPIN1LockState = null
D/MultiSimUtils( 1118): getPinLockRequest() slot2 : mPIN2LockReceived = false, mPIN2LockState = null
D/KeyguardUpdateMonitor( 1118): handleKeyguardVisibilityChanged(1)
D/dalvikvm(  879): GC_CONCURRENT freed 299K, 21% free 25925K/32744K, paused 4ms+8ms, total 102ms
D/CustomFrequencyManagerService(  879): releaseDVFSLockLocked : Getting Lock type frm List : DVFS_MIN_LIMIT  frequency : 1190400  uid : 1000  pid : 879  tag : ACTIVITY_RESUME_BOOSTER@8
D/InputReader(  879): Input event: value=1
I/InputReader(  879): Touch event's action is 0x0 (deviceType=0) [pCnt=1, s=0.431 ] when=690609344000
I/InputDispatcher(  879): Delivering touch to (1118): action: 0x4, toolType: 1
I/InputDispatcher(  879): Delivering touch to (2130): action: 0x4, toolType: 1
I/InputDispatcher(  879): Delivering touch to (7190): action: 0x0, toolType: 1
D/ViewRootImpl( 7190): ViewPostImeInputStage ACTION_DOWN
D/AutoHideHelper( 2130): ###check Single invalid
D/PowerManagerService(  879): [api] userActivityFromNative : 300 (event: 2 flags: 0) eventTime = 690609
D/InputReader(  879): Input event: value=0
I/InputReader(  879): Touch event's action is 0x1 (deviceType=0) [pCnt=1, s=] when=690681129000
I/InputDispatcher(  879): Delivering touch to (7190): action: 0x1, toolType: 1
W/ContextImpl(  879): Calling a method in the system process without a qualified user: android.app.ContextImpl.sendBroadcast:1510 com.android.server.InputMethodManagerService$4.run:2835 java.lang.Thread.run:841 <bottom of call stack> <bottom of call stack> 
D/ActivityManager(  879): startService callerProcessName:com.samsung.android.app.sreminder, calleePkgName: com.samsung.android.app.sreminder
W/BackupManagerService(  879): dataChanged but no participant pkg='com.android.providers.settings' uid=10080
D/STATUSBAR-IconMerger( 1118): checkOverflow(288), More:false, Req:false Child:2
E/AlarmManagerService(  879): Unable to set auto power up alarm to 1201610192157 : Invalid argument
D/KeyguardUpdateMonitor( 1118): sendKeyguardVisibilityChanged(true)
D/MultiSimUtils( 1118): getPinLockRequest() slot1 : mPIN1LockReceived = false, mPIN1LockState = null
D/MultiSimUtils( 1118): getPinLockRequest() slot2 : mPIN2LockReceived = false, mPIN2LockState = null
D/PointerIcon(  879): setMouseIconStyle1 pointerType: 1001iconType:101 flag:0
D/PointerIcon(  879): setMouseCustomIcon IconType is same.101
D/KeyguardUpdateMonitor( 1118): handleKeyguardVisibilityChanged(1)
D/CardBroadcastDispatcher( 2020): Provider is not initialized yet.
I/SQLiteSecureOpenHelper( 3474): getWritableDatabase(pwd)
I/SQLiteSecureOpenHelper( 3474): getDatabaseLocked(b,b,pwd)...
D/ActivityManager(  879): startService callerProcessName:com.samsung.android.app.sreminder, calleePkgName: com.samsung.android.app.sreminder
D/CardBroadcastDispatcher( 2020): Provider is not initialized yet.
W/AudioPolicyManagerBase(  259): FM radio recording off
I/NotificationService(  879): cancelToast pkg=com.sec.android.app.clockpackage callback=android.app.ITransientNotification$Stub$Proxy@42b91b58
W/NotificationService(  879): Toast already cancelled. pkg=com.sec.android.app.clockpackage callback=android.app.ITransientNotification$Stub$Proxy@42b91b58
D/VolumePanel(  879): change volume by MSG_VOLUME_CHANGED
D/VolumePanel(  879): onVolumeChanged(streamType: 4, flags: 0)
I/FMRadioService(  879): *** mReceiver: VOLUME_CHANGED_ACTION
I/FMRadioService(  879):    stream: 4
I/FMRadioService(  879):    volume: 11
I/FMRadioService(  879):    current_stream_volume: 7
D/dalvikvm( 7190): GC_EXPLICIT freed 2317K, 20% free 15342K/18968K, paused 2ms+6ms, total 39ms
D/CustomFrequencyManagerService(  879): acquireDVFSLockLocked : type : DVFS_MIN_LIMIT  frequency : 1190400  uid : 1000  pid : 879  pkgName : ACTIVITY_RESUME_BOOSTER@4
W/ActivityManager(  879): mDVFSHelper.acquire()
D/PowerManagerService(  879): setKeyboardVisibility: false
D/KeyguardUpdateMonitor( 1118): sendKeyguardVisibilityChanged(true)
D/MultiSimUtils( 1118): getPinLockRequest() slot1 : mPIN1LockReceived = false, mPIN1LockState = null
D/MultiSimUtils( 1118): getPinLockRequest() slot2 : mPIN2LockReceived = false, mPIN2LockState = null
D/KeyguardUpdateMonitor( 1118): handleKeyguardVisibilityChanged(1)
D/Activity( 7190): #2 setTransGradationModeColor to true
D/PhoneStatusBar( 1118): setSemiTransparentMode=true, mTransparentMode=false, mSemiTransparentMode=true, mMultiWindowMode=false
D/PhoneStatusBar( 1118): checkBarMode(5)
I/VerificationLog( 7190): -- onResume -- 
I/VerificationLog( 7190): -- Excuted -- 
D/ActivityManager(  879): startService callerProcessName:com.samsung.android.app.sreminder, calleePkgName: com.samsung.android.app.sreminder
D/StatusBarManagerService(  879): semi p:7190,o:t
D/CardBroadcastDispatcher( 2020): Provider is not initialized yet.
D/CardBroadcastDispatcher( 2020): Provider is not initialized yet.
D/ActivityManager(  879): startService callerProcessName:com.samsung.android.app.sreminder, calleePkgName: com.samsung.android.app.sreminder
D/WritingBuddyImpl( 7190): Reset parent View
D/TwCheckBox( 7190): setButtonDrawable(Drawable d) mButtonBgHasBeenSet=false
D/TwCheckBox( 7190): setChecked(1) checked=false, mCheckBoxAnimationEnabled=true, mIsAttached=false
D/TwCheckBox( 7190): animationEnabled=true, usesDeviceDefaultBg=true, usesDeviceDefaultAnimResBg=true
D/TwCheckBox( 7190): setButtonDrawable(Drawable d) mButtonBgHasBeenSet=false
D/TwCheckBox( 7190): setChecked(1) checked=false, mCheckBoxAnimationEnabled=true, mIsAttached=false
D/TwCheckBox( 7190): animationEnabled=true, usesDeviceDefaultBg=true, usesDeviceDefaultAnimResBg=true
I/SurfaceFlinger(  256): id=147 createSurf (720x1280),1 flag=404, DlockPackag
I/SpenGestureManager(  879): setFocusWindow21015
D/STATUSBAR-StatusBarManagerService(  879): manageDisableList what=0x0 pkg=WindowManager.LayoutParams
D/KeyguardUpdateMonitor( 1118): sendKeyguardVisibilityChanged(true)
D/MultiSimUtils( 1118): getPinLockRequest() slot1 : mPIN1LockReceived = false, mPIN1LockState = null
D/MultiSimUtils( 1118): getPinLockRequest() slot2 : mPIN2LockReceived = false, mPIN2LockState = null
D/KeyguardUpdateMonitor( 1118): handleKeyguardVisibilityChanged(1)
D/PointerIcon(  879): setMouseIconStyle1 pointerType: 1001iconType:101 flag:0
D/PointerIcon(  879): setMouseCustomIcon IconType is same.101
D/TwCheckBox( 7190): setChecked(1) checked=false, mCheckBoxAnimationEnabled=true, mIsAttached=true
W/dalvikvm( 7190): Unable to resolve superclass of Lcom/sec/android/app/clockpackage/alarm/SelectMapActivity; (941)
W/dalvikvm( 7190): Link of class 'Lcom/sec/android/app/clockpackage/alarm/SelectMapActivity;' failed
I/dalvikvm( 7190): Could not find method com.sec.android.app.clockpackage.alarm.SelectMapActivity.isNetWorkConnected, referenced from method com.sec.android.app.clockpackage.alarm.AlarmReceiver.getAlertNotiType
W/dalvikvm( 7190): VFY: unable to resolve static method 10685: Lcom/sec/android/app/clockpackage/alarm/SelectMapActivity;.isNetWorkConnected (Landroid/content/Context;)Z
D/dalvikvm( 7190): VFY: replacing opcode 0x77 at 0x0287
D/ActivityManager(  879): startService callerProcessName:com.samsung.android.app.sreminder, calleePkgName: com.samsung.android.app.sreminder
D/CardBroadcastDispatcher( 2020): Provider is not initialized yet.
D/CardBroadcastDispatcher( 2020): Provider is not initialized yet.
D/ActivityManager(  879): startService callerProcessName:com.samsung.android.app.sreminder, calleePkgName: com.samsung.android.app.sreminder
D/KeyguardUpdateMonitor( 1118): sendKeyguardVisibilityChanged(true)
D/MultiSimUtils( 1118): getPinLockRequest() slot1 : mPIN1LockReceived = false, mPIN1LockState = null
